SONIC_INTERNAL_DIAGNOSTICS version=1 enabled=0
KATANA_NATIVE_PORT_BRINGUP unresolved_hardware_sites=96 probes=1
KATANA_NATIVE_BUILD_PROFILE name=performance pgo_mode=off pgo_profile_sha256=none aot_all_o2=1
SONIC_PRESENTATION mode=original output=1280x800 renderer=vulkan camera=original render_percent=100 x_scale=1 gameplay_timing=original
SONIC_STARTUP phase=Loading game code (MB)
SONIC_STARTUP_PREFETCH requested_bytes=1946627462 completed_bytes=1946627462 elapsed_ms=129.129 error=0
SONIC_STARTUP phase=Loading game data...
SONIC_STARTUP phase=Connecting controllers...
SONIC_INPUT_PROBE isolated_hardware=1 profile=3 remapping=normal
SONIC_STARTUP phase=Preparing graphics...
SONIC_VULKAN_OFFSCREEN_TEST active=1
SONIC_VULKAN_DEVICE name=AMD Radeon RX 7900 XTX api=1.4 type2_nodes=22369621
SONIC_SHADER_CACHE backend=vulkan driver_hit=0 bytes=0
SONIC_VULKAN_WARMUP pipelines=0
SONIC_STARTUP phase=Starting game...
KATANA_NATIVE_FRAME_PACING simulation_fps=30 presentation_fps=60 catch_up=disabled
KATANA_NATIVE_PORT_BUILD_IDENTITY_V1:sha256:05a1c67fc1d6e5aee33963d0c1456242e84507378b637b71a9b3dd885ddc8e47
SONIC_NATIVE_PERIODIC_ADOPT reload=12500000 observed=12251537
SONIC_NATIVE_TEXTURE_SET acquired domain=main index=0 rows=7 archives=7 publication=guest-registry
SONIC_NATIVE_FRAME_BOUNDARY owner=frame-begin index=0 action=present open=1 draws=0 clear=0,0,0,1
SONIC_NATIVE_INPUT slot=0 connected=0 buttons=0x0 pressed=0x0 released=0x0
SONIC_NATIVE_INPUT slot=1 connected=0 buttons=0x0 pressed=0x0 released=0x0
SONIC_NATIVE_INPUT slot=2 connected=0 buttons=0x0 pressed=0x0 released=0x0
SONIC_NATIVE_INPUT slot=3 connected=0 buttons=0x0 pressed=0x0 released=0x0
SONIC_NATIVE_PRETRANSFORMED_PROBE r4=0x8c00f358 pr=0x8c09b4ea sp=0x8c00f350 fullscreen=1 r5=0x4 r6=0x60 fr4=0xbc23d70a streams=0x8c00f368,0x8c00f388,0x0 v0=[0x0,0x0,0xef000000] v1=[0x0,0x43f00000,0xef000000] v2=[0x44200000,0x43f00000,0xef000000] v3=[0x44200000,0x0,0xef000000]
SONIC_NATIVE_DRAW_PACKET frame=1 ordinal=0 vertices=4 topology=4 cull=0 shading=0 blend=1:6:7 depth=1:1:6 list=2 material=1:1:1:0
SONIC_NATIVE_DRAW_VERTEX ordinal=0 index=0 position=0,0,1 color=0,0,0,0.937255
SONIC_NATIVE_DRAW_VERTEX ordinal=0 index=1 position=640,0,1 color=0,0,0,0.937255
SONIC_NATIVE_DRAW_VERTEX ordinal=0 index=2 position=0,480,1 color=0,0,0,0.937255
SONIC_NATIVE_DRAW_VERTEX ordinal=0 index=3 position=640,480,1 color=0,0,0,0.937255
SONIC_NATIVE_DRAW_PACKET frame=1 ordinal=1 vertices=4 topology=4 cull=0 shading=1 blend=0:1:0 depth=1:1:6 list=0 material=1:0:0:0
SONIC_NATIVE_DRAW_VERTEX ordinal=1 index=0 position=-64,0,0.1 color=1,1,1,1
SONIC_NATIVE_DRAW_VERTEX ordinal=1 index=1 position=-64,256,0.1 color=1,1,1,1
SONIC_NATIVE_DRAW_VERTEX ordinal=1 index=2 position=192,0,0.1 color=1,1,1,1
SONIC_NATIVE_DRAW_VERTEX ordinal=1 index=3 position=192,256,0.1 color=1,1,1,1
SONIC_NATIVE_DRAW_PACKET frame=1 ordinal=2 vertices=4 topology=4 cull=0 shading=1 blend=0:1:0 depth=1:1:6 list=0 material=1:0:0:0
SONIC_NATIVE_DRAW_VERTEX ordinal=2 index=0 position=192,0,0.1 color=1,1,1,1
SONIC_NATIVE_DRAW_VERTEX ordinal=2 index=1 position=192,256,0.1 color=1,1,1,1
SONIC_NATIVE_DRAW_VERTEX ordinal=2 index=2 position=448,0,0.1 color=1,1,1,1
SONIC_NATIVE_DRAW_VERTEX ordinal=2 index=3 position=448,256,0.1 color=1,1,1,1
SONIC_NATIVE_DRAW_PACKET frame=1 ordinal=3 vertices=4 topology=4 cull=0 shading=1 blend=0:1:0 depth=1:1:6 list=0 material=1:0:0:0
SONIC_NATIVE_DRAW_VERTEX ordinal=3 index=0 position=448,0,0.1 color=1,1,1,1
SONIC_NATIVE_DRAW_VERTEX ordinal=3 index=1 position=448,256,0.1 color=1,1,1,1
SONIC_NATIVE_DRAW_VERTEX ordinal=3 index=2 position=704,0,0.1 color=1,1,1,1
SONIC_NATIVE_DRAW_VERTEX ordinal=3 index=3 position=704,256,0.1 color=1,1,1,1
SONIC_NATIVE_DRAW_PACKET frame=1 ordinal=4 vertices=4 topology=4 cull=0 shading=1 blend=0:1:0 depth=1:1:6 list=0 material=1:0:0:0
SONIC_NATIVE_DRAW_VERTEX ordinal=4 index=0 position=-64,256,0.1 color=1,1,1,1
SONIC_NATIVE_DRAW_VERTEX ordinal=4 index=1 position=-64,512,0.1 color=1,1,1,1
SONIC_NATIVE_DRAW_VERTEX ordinal=4 index=2 position=192,256,0.1 color=1,1,1,1
SONIC_NATIVE_DRAW_VERTEX ordinal=4 index=3 position=192,512,0.1 color=1,1,1,1
SONIC_NATIVE_DRAW_PACKET frame=1 ordinal=5 vertices=4 topology=4 cull=0 shading=1 blend=0:1:0 depth=1:1:6 list=0 material=1:0:0:0
SONIC_NATIVE_DRAW_VERTEX ordinal=5 index=0 position=192,256,0.1 color=1,1,1,1
SONIC_NATIVE_DRAW_VERTEX ordinal=5 index=1 position=192,512,0.1 color=1,1,1,1
SONIC_NATIVE_DRAW_VERTEX ordinal=5 index=2 position=448,256,0.1 color=1,1,1,1
SONIC_NATIVE_DRAW_VERTEX ordinal=5 index=3 position=448,512,0.1 color=1,1,1,1
SONIC_NATIVE_DRAW_PACKET frame=1 ordinal=6 vertices=4 topology=4 cull=0 shading=1 blend=0:1:0 depth=1:1:6 list=0 material=1:0:0:0
SONIC_NATIVE_DRAW_VERTEX ordinal=6 index=0 position=448,256,0.1 color=1,1,1,1
SONIC_NATIVE_DRAW_VERTEX ordinal=6 index=1 position=448,512,0.1 color=1,1,1,1
SONIC_NATIVE_DRAW_VERTEX ordinal=6 index=2 position=704,256,0.1 color=1,1,1,1
SONIC_NATIVE_DRAW_VERTEX ordinal=6 index=3 position=704,512,0.1 color=1,1,1,1
SONIC_NATIVE_FRAME_BOUNDARY owner=frame-begin index=1 action=present open=1 draws=7 clear=0,0,0,1
SONIC_STARTUP ready=1 elapsed_ms=2436.409
SONIC_VULKAN_PIPELINE kind=0 warmup=0 elapsed_ms=0.127
SONIC_NATIVE_FRAME_BOUNDARY owner=frame-begin index=2 action=present open=1 draws=7 clear=0,0,0,1
SONIC_VULKAN_PIPELINE kind=1 warmup=0 elapsed_ms=0.120
SONIC_VULKAN_PIPELINE kind=2 warmup=0 elapsed_ms=0.041
SONIC_NATIVE_FRAME_BOUNDARY owner=frame-begin index=3 action=present open=1 draws=7 clear=0,0,0,1
SONIC_NATIVE_FRAME_BOUNDARY owner=frame-begin index=4 action=present open=1 draws=7 clear=0,0,0,1
SONIC_NATIVE_FRAME_BOUNDARY owner=frame-begin index=5 action=present open=1 draws=7 clear=0,0,0,1
SONIC_NATIVE_FRAME_BOUNDARY owner=frame-begin index=6 action=present open=1 draws=7 clear=0,0,0,1
SONIC_NATIVE_FRAME_BOUNDARY owner=frame-begin index=7 action=present open=1 draws=7 clear=0,0,0,1
SONIC_NATIVE_FRAME_BOUNDARY owner=frame-begin index=8 action=present open=1 draws=7 clear=0,0,0,1
SONIC_NATIVE_FRAME_BOUNDARY owner=frame-begin index=9 action=present open=1 draws=7 clear=0,0,0,1
SONIC_NATIVE_MOVIE_SEQUENCE diagnostic-menu-edge=1
SONIC_NATIVE_MOVIE_SEQUENCE skip id=0 clip=0 input=menu
SONIC_NATIVE_MOVIE_SEQUENCE completed id=0 clips=0 skipped=1 completion_status=1 decoded_video=0 presented_video=0 audio_frames=0 visibly_non_black=0
SONIC_NATIVE_CONTENT request=advertise.prs normalized=ADVERTISE.PRS destination=0xcd00000
SONIC_NATIVE_PRS_SOURCE staged=SONICAD/ADVERTISE.PRS decoded=sha256:6e8a5806f1f32e6c17c70c30c953600f16fcdb4959b8cd91094c4b32062793d5 encoded_start=0xcd00000 encoded_bytes=0x2b000 sequence=1
SONIC_NATIVE_CONTENT loaded=SONICAD/ADVERTISE.PRS destination=0xcd00000 bytes=0x2ae96 sector_bytes=0x2b000
SONIC_NATIVE_PRS retired_runtime_images=1 retired_loaded_aot=0 destination=0xc900000
SONIC_NATIVE_PRS_MODULE identity=sha256:6e8a5806f1f32e6c17c70c30c953600f16fcdb4959b8cd91094c4b32062793d5 source=0x8088b000 runtime=0xc900000 bytes=0xe4648 generation=3 transition_epoch=1
SONIC_NATIVE_SOUND_BANK_MAP collection=0:1 available=13 retained=0 replaced=0 retired_one_shot=0 retired_sequence=0 stale_handles=0
SONIC_NATIVE_SOUND_COLLECTION loaded=SONICAD/MOBILE1.MLT bytes=1222016 active=1
SONIC_NATIVE_SOUND_BANK_MAP collection=1:1 available=13 retained=0 replaced=13 retired_one_shot=0 retired_sequence=0 stale_handles=0
SONIC_NATIVE_SOUND_COLLECTION loaded=SONICAD/EGGCARRIER.MLT bytes=1311520 active=2
SONIC_NATIVE_SOUND_BANK_MAP collection=2:1 available=5 retained=10 replaced=3 retired_one_shot=0 retired_sequence=0 stale_handles=0
SONIC_NATIVE_SOUND_COLLECTION loaded=SONICAD/V_SONICTAILS_E.MLT bytes=201472 active=3
SONIC_NATIVE_SOUND_BANK_MAP collection=3:1 available=5 retained=12 replaced=3 retired_one_shot=0 retired_sequence=0 stale_handles=0
SONIC_NATIVE_SOUND_COLLECTION loaded=SONICAD/P_SONICTAILS.MLT bytes=144000 active=4
SONIC_NATIVE_SCENARIO_STAGE_QUEUED id=knuckles-sky-deck stage=6:2 context=3 table=20:2 main=11->2 tuple_override=0 gameplay_probe=1 protocol=3 input_profile=3 frame=193 presentations=190
SONIC_NATIVE_CONTENT request=k_mot.PRS normalized=K_MOT.PRS destination=0xcd00000
SONIC_NATIVE_CONTENT loaded=SONICAD/K_MOT.PRS destination=0xcd00000 bytes=0x26ab7 sector_bytes=0x27000
SONIC_NATIVE_TEXTURE_SET acquired domain=character index=3 rows=2 archives=2 publication=guest-registry
SONIC_NATIVE_TEXTURE_SET acquired domain=main index=0 rows=7 archives=7 publication=guest-registry
SONIC_NATIVE_SDK_TEXTURE_VIEW pvm=0 acquired=1 copied=1 texlist=0x8c1bee94
SONIC_NATIVE_PRETRANSFORMED_STREAM kind=textured source=0x8c798718 count=4 texture_key=0x989800 translucent=0
SONIC_VULKAN_PIPELINE kind=0 warmup=0 elapsed_ms=0.145
SONIC_NATIVE_SOUND_BANK_MAP collection=4:1 available=13 retained=4 replaced=13 retired_one_shot=0 retired_sequence=0 stale_handles=0
SONIC_NATIVE_SOUND_COLLECTION loaded=SONICAD/SKYDECK_E.MLT bytes=1330944 active=5
SONIC_NATIVE_SOUND_BANK_MAP collection=5:1 available=5 retained=12 replaced=5 retired_one_shot=0 retired_sequence=0 stale_handles=0
SONIC_NATIVE_SOUND_COLLECTION loaded=SONICAD/V_KNUCKLES_E.MLT bytes=157408 active=6
SONIC_NATIVE_SOUND_BANK_MAP collection=6:1 available=5 retained=12 replaced=5 retired_one_shot=0 retired_sequence=0 stale_handles=0
SONIC_NATIVE_SOUND_COLLECTION loaded=SONICAD/P_KNUCKLES.MLT bytes=200160 active=7
SONIC_NATIVE_CONTENT request=stg06.PRS normalized=STG06.PRS destination=0xcd00000
SONIC_NATIVE_PRS_SOURCE staged=SONICAD/STG06.PRS decoded=sha256:50897cb1d7cf013171f400573286329cd401e9d45410e722ddc2a2b8778b8872 encoded_start=0xcd00000 encoded_bytes=0xc3800 sequence=2
SONIC_NATIVE_CONTENT loaded=SONICAD/STG06.PRS destination=0xcd00000 bytes=0xc31cc sector_bytes=0xc3800
SONIC_NATIVE_OVERLAY_TASK_RETIRE destination=0xc900000 bytes=0x1e74b8 owners=1 tasks=2 roots=2 child_graph=1 transition=sha256:50897cb1d7cf013171f400573286329cd401e9d45410e722ddc2a2b8778b8872
SONIC_NATIVE_OVERLAY_TASK_OWNER kind=loaded-aot identity=sha256:6e8a5806f1f32e6c17c70c30c953600f16fcdb4959b8cd91094c4b32062793d5 runtime=0x8c900000 bytes=0xe4648 generation=3
SONIC_NATIVE_PRS retired_runtime_images=0 retired_loaded_aot=1 destination=0xc900000
SONIC_NATIVE_PRS_MODULE identity=sha256:50897cb1d7cf013171f400573286329cd401e9d45410e722ddc2a2b8778b8872 source=0x836bb000 runtime=0xc900000 bytes=0x1e74b8 generation=5 transition_epoch=2
SONIC_NATIVE_CONTENT request=set0600K.bin normalized=SET0600K.BIN destination=0xcb68000
SONIC_NATIVE_CONTENT missing_path=SET0600K.BIN guest_pointer=0x8c00f314 destination=0xcb68000
SONIC_NATIVE_CONTENT request=set0600S.bin normalized=SET0600S.BIN destination=0xcb68000
SONIC_NATIVE_CONTENT loaded=SONICAD/SET0600S.BIN destination=0xcb68000 bytes=0x5be0 sector_bytes=0x6000
SONIC_NATIVE_CONTENT request=set0601K.bin normalized=SET0601K.BIN destination=0xcb70000
SONIC_NATIVE_CONTENT missing_path=SET0601K.BIN guest_pointer=0x8c00f314 destination=0xcb70000
SONIC_NATIVE_CONTENT request=set0601S.bin normalized=SET0601S.BIN destination=0xcb70000
SONIC_NATIVE_CONTENT loaded=SONICAD/SET0601S.BIN destination=0xcb70000 bytes=0x6120 sector_bytes=0x6800
SONIC_NATIVE_CONTENT request=set0602K.bin normalized=SET0602K.BIN destination=0xcb78000
SONIC_NATIVE_CONTENT loaded=SONICAD/SET0602K.BIN destination=0xcb78000 bytes=0x3220 sector_bytes=0x3800
SONIC_NATIVE_CONTENT request=cam0600K.bin normalized=CAM0600K.BIN destination=0xcb50000
SONIC_NATIVE_CONTENT missing_path=CAM0600K.BIN guest_pointer=0x8c00f318 destination=0xcb50000
SONIC_NATIVE_CONTENT request=cam0600S.bin normalized=CAM0600S.BIN destination=0xcb50000
SONIC_NATIVE_CONTENT loaded=SONICAD/CAM0600S.BIN destination=0xcb50000 bytes=0x2440 sector_bytes=0x2800
SONIC_NATIVE_CONTENT request=cam0601K.bin normalized=CAM0601K.BIN destination=0xcb58000
SONIC_NATIVE_CONTENT missing_path=CAM0601K.BIN guest_pointer=0x8c00f318 destination=0xcb58000
SONIC_NATIVE_CONTENT request=cam0601S.bin normalized=CAM0601S.BIN destination=0xcb58000
SONIC_NATIVE_CONTENT loaded=SONICAD/CAM0601S.BIN destination=0xcb58000 bytes=0xa80 sector_bytes=0x1000
SONIC_NATIVE_CONTENT request=cam0602K.bin normalized=CAM0602K.BIN destination=0xcb60000
SONIC_NATIVE_CONTENT loaded=SONICAD/CAM0602K.BIN destination=0xcb60000 bytes=0xb40 sector_bytes=0x1000
SONIC_NATIVE_TEXTURE_SET acquired domain=character index=3 rows=2 archives=2 publication=guest-registry
SONIC_NATIVE_TEXTURE_SET acquired domain=main index=0 rows=7 archives=7 publication=guest-registry
SONIC_NATIVE_SDK_TEXTURE_VIEW pvm=1 acquired=213 copied=213 texlist=0xc9fbb30
SONIC_NATIVE_SDK_TEXTURE_VIEW pvm=1 acquired=34 copied=34 texlist=0xcae1eb0
SONIC_NATIVE_SDK_TEXTURE_VIEW pvm=1 acquired=14 copied=14 texlist=0x8c5c4fe0
SONIC_NATIVE_SDK_TEXTURE_VIEW pvm=1 acquired=3 copied=3 texlist=0x8c5c25cc
SONIC_NATIVE_SDK_TEXTURE_VIEW pvm=1 acquired=2 copied=2 texlist=0x8c5c16cc
SONIC_NATIVE_SDK_TEXTURE_VIEW pvm=1 acquired=9 copied=9 texlist=0xcae2150
SONIC_NATIVE_SDK_TEXTURE_VIEW pvm=1 acquired=5 copied=5 texlist=0x8c16aebc
SONIC_NATIVE_SDK_TEXTURE_VIEW pvm=1 acquired=5 copied=5 texlist=0x8c17000c
SONIC_NATIVE_SDK_TEXTURE_VIEW pvm=1 acquired=5 copied=5 texlist=0x8c16d7d8
SONIC_NATIVE_SDK_TEXTURE_VIEW pvm=1 acquired=4 copied=4 texlist=0x8c1843a0
SONIC_NATIVE_SDK_TEXTURE_VIEW pvm=1 acquired=4 copied=4 texlist=0x8c188720
SONIC_NATIVE_SDK_TEXTURE_VIEW pvm=1 acquired=12 copied=12 texlist=0x8c1be900
SONIC_NATIVE_SDK_TEXTURE_VIEW pvm=0 acquired=1 copied=1 texlist=0xcae3a94
SONIC_NATIVE_SDK_TEXTURE_VIEW pvm=1 acquired=65 copied=65 texlist=0xc9ac954
SONIC_NATIVE_LIGHTING_CONTENT loaded=SONICAD/SL_60B.BIN destination=0x8c6aeec4 backing=0xc6aeec4 bytes=0x800 sector_bytes=0x800
SONIC_NATIVE_LIGHTING_CONTENT loaded=SONICAD/PL_60B.BIN destination=0x8c038f60 backing=0xc038f60 bytes=0x2200 sector_bytes=0x2800
SONIC_NATIVE_SDK_TEXTURE_VIEW pvm=0 acquired=1 copied=1 texlist=0x8c6b67b8
SONIC_NATIVE_LIGHTING_CONTENT loaded=SONICAD/PL_60B.BIN destination=0xcae8b4c backing=0xcae8b4c bytes=0x2200 sector_bytes=0x2800
SONIC_NATIVE_LIGHTING_CONTENT loaded=SONICAD/PL_61B.BIN destination=0xcaecb4c backing=0xcaecb4c bytes=0x3180 sector_bytes=0x3800
SONIC_VULKAN_PIPELINE kind=0 warmup=0 elapsed_ms=0.132
SONIC_VULKAN_PIPELINE kind=0 warmup=0 elapsed_ms=0.051
SONIC_VULKAN_PIPELINE kind=1 warmup=0 elapsed_ms=0.071
SONIC_VULKAN_PIPELINE kind=1 warmup=0 elapsed_ms=0.090
SONIC_VULKAN_PIPELINE kind=1 warmup=0 elapsed_ms=0.026
SONIC_NATIVE_CONTENT_RANGE bound=SONICAD/EVENT_ADX_US.AFS start_sector=450138 sectors=31836 bytes=65200128
SONIC_NATIVE_ADX_AFS bound=SONICAD/EVENT_ADX_US.AFS identity=sha256:58a427309d55eb6613b09a056461c5d5f4e3c82e61936980d2d2d1bf04cd0dcd afs_id=0 entries=2044
SONIC_NATIVE_PCM_STREAM_RING registered bank=15 offset=0x1fbfc0 bytes=0x4000 resource=0x141f8 mirror=0x8c8d371c
SONIC_NATIVE_PCM_STREAM_RING registered bank=14 offset=0x1f7f80 bytes=0x4000 resource=0x141f0 mirror=0x8c8d3714
SONIC_NATIVE_PCM_STREAM_RING registered bank=13 offset=0x1f3f40 bytes=0x4000 resource=0x141e8 mirror=0x8c8d370c
[adx @ 0000024d061e3000] Estimating duration from bitrate, this may be inaccurate
SONIC_NATIVE_ADX start=SONICAD/SKYDECK2.ADX identity=sha256:1d6c87e33916c1317f971fd9f85ac2160d52a9e1e7620f48bc4aaf8c00ae3b01 guest_handle=0x8c6736f0 callsite=0x8c107892 pr=0x8c107894 bgm_signature=0x0 bgm_trace=0 bgm_frame=0 bgm_selection=0 bgm_request=0 bgm_mirror=0 bgm_handles=0x0,0x0 voice=0:1 active=1 playing=1 queued=2098 loop=1 loop_start=331103 loop_end=3819640 gain=0.891251 wrapper_valid=1 wrapper=0x2000301,0x8c8a3850,0x0,0x8c8a4950,0x8c8a64f8,0x8c8a64f8
SONIC_NATIVE_SCENARIO_GAMEPLAY_STARTED id=knuckles-sky-deck protocol=3 input_profile=3 monotonic_ns=141606729852300 frame=252 presentations=247 load_ms=3195 owner_generation=5 stage_state=0 stage_mode=1
SONIC_NATIVE_INPUT slot=0 connected=1 buttons=0x0 pressed=0x0 released=0x0
SONIC_NATIVE_SCENARIO_GAMEPLAY_SAMPLE id=knuckles-sky-deck protocol=3 input_profile=3 monotonic_ns=141606929440500 elapsed_ms=199 collision_debug_signed=-1 frame=257 presentations=252 relative_frame=5 max_frame_ns=40360500 input_applied_frames=5 completed_frames=6 drawn_frames=5 cadence_readable=1 active_video_hz=50 clock_owner=postpal-checkpoint clock_bound_frame=0 tv_mode_readable=1 tv_mode_word=1 release_slots=2 logical_delta=2 sixty_frame_fixture=0 native_gameplay_math=1 native_leaf_math=1 math_scope_readable=1 main_state=4 scene=15 palette_native_calls=22697 palette_original_calls=0 vertex_normals_native_calls=0 vertex_normals_original_calls=0 matrix_push_native_calls=11263 matrix_push_original_calls=0 matrix_pop_native_calls=11994 matrix_pop_original_calls=0 matrix_staged_groups=0 collision_cross_native_calls=272 collision_length_native_calls=3411 collision_normalize_native_calls=946 collision_cross_original_calls=0 collision_length_original_calls=0 collision_normalize_original_calls=0 matrix_inverse_native_calls=6859 triangle_contacts_native_calls=0 triangle_contacts_original_calls=0 triangle_contacts_scope_blocked_calls=0 collision_candidates_native_calls=524 collision_candidates_scope_blocked_calls=0 collision_candidates_original_calls=0 motion_sampling_native_calls=0 motion_sampling_original_calls=0 animation_hierarchy_native_calls=135 model_packets=0 model_snapshots=0 model_packet_verified=0 model_packet_vertices=0 model_gpu_draws=0 model_point_uploads=0 model_corner_uploads=0 closed_memory_calls=109396 closed_memory_words=2159955 collision_memory_intervals=0 collision_memory_reads=0 collision_memory_writes=0 model_pipeline_calls=22656 model_pipeline_declined=0 model_pipeline_points=593555 model_pipeline_normals=21310 model_pipeline_draws=21310 model_pipeline_direct_outputs=21424 model_pipeline_root_operations=0 model_pipeline_closed_children=70419 object_distance_calls=58139 object_distance_native=58139 object_distance_fallback=0 object_activation_calls=135 object_lifetime_calls=21148 object_records=54000 object_created=153 object_retired=5 object_declined=0 object_slow_accesses=0 movement_calls=0 movement_declined=0 movement_callbacks=0 movement_reentries=0 contact_family_calls=406 object_contact_calls=136 camera_operation_calls=135 contact_family_internal=322340 contact_family_foreign=2848 contact_family_resumes=0 world_calls=136 world_declined=0 world_internal=17889 world_callbacks=48419 world_resumes=0 world_membership=13047 world_eligibility=12951 render_hierarchy_calls=4336 render_hierarchy_declined=0 render_hierarchy_internal=114436 render_hierarchy_callbacks=443 render_model_calls=22656 render_model_revocations=0 render_hierarchy_resumes=0 rigid_hierarchy_calls=3705 morph_hierarchy_calls=0 land_render_calls=136 actor_operation_calls=0 player_operation_calls=0 player_display_calls=0 actor_state_transfers=0 collision_fused_cross=0 collision_fused_length=0 collision_fused_normalize=0 matrix_bulk_pushes=0 matrix_bulk_pops=0 matrix_bulk_saved=0 matrix_bulk_loaded=0 render_context_captures=7458 render_context_commits=7458 render_context_fallbacks=0 render_context_direct_calls=14916 palette_batch_calls=22697 palette_batch_vertices=650498 palette_batch_declined=0 palette_batch_closed_loops=22697 projection_batch_calls=24305 projection_batch_vertices=672827 projection_batch_declined=46 projection_batch_verified=0 sound_metadata_hits=0 sound_metadata_misses=0 sound_metadata_verified=0 deferred_midi_notes=0 animation_hierarchy_original_calls=0 animation_hierarchy_nodes=9855 animation_direct_write_calls=135 pose_blend_native_calls=0 pose_blend_original_calls=0 pose_direct_write_calls=0 matrix_vector_point_native_calls=21452 matrix_vector_point_original_calls=0 matrix_vector_direction_native_calls=21315 matrix_vector_direction_original_calls=0 matrix_vector_store_native_calls=0 matrix_vector_store_original_calls=0 matrix_vector_translation_native_calls=0 matrix_vector_translation_original_calls=0 atan_native_calls=0 inverse_trig_native_calls=11020 inverse_trig_declined=0 inverse_memory_calls=0 inverse_memory_stores=0 atan_original_calls=0 atan_quotient_native_calls=2 atan_quotient_original_calls=0 atan_polynomial_native_calls=0 atan_polynomial_original_calls=0 atan_scale_native_calls=0 atan_scale_original_calls=0 matrix_inverse_original_calls=0 matrix_determinant_native_calls=0 matrix_determinant_original_calls=0 player_state_readable=1 player_x=672.646 player_y=199.992 player_z=12.1147 player_x_bits=1143482709 player_y_bits=1128791539 player_z_bits=1094833600 frame_window_begin=5 frame_window_end=25 game_ticks=136 hud_timer_ticks=17 update_timing=0 update_tasks=0 update_tails=0 update_main_tasks=0 update_alternate_tasks=0 update_waits=0 update_elapsed=0 update_elapsed_extra=0 update_timer_setups=0 periodic_epoch_ns=141606889121600 periodic_callbacks=0 render_completion_experiment=0 guest_render_submitted=0 guest_render_completed=0 guest_render_dispatched=0 guest_render_callback=0 guest_render_counter=0 guest_render_nonzero_callbacks=0 update_unreadable=0 execution_thread_id=32632 execution_cpu_valid=1 execution_cpu_100ns=41250000 process_cpu_valid=1 process_cpu_100ns=51406250 execution_cycles_valid=1 execution_cycles=17901912600 phase=0 final=0
SONIC_NATIVE_SCENARIO_GAMEPLAY_SAMPLE id=knuckles-sky-deck protocol=3 input_profile=3 monotonic_ns=141607730321500 elapsed_ms=1000 collision_debug_signed=-1 frame=277 presentations=272 relative_frame=25 max_frame_ns=41470100 input_applied_frames=25 completed_frames=26 drawn_frames=25 cadence_readable=1 active_video_hz=50 clock_owner=postpal-checkpoint clock_bound_frame=0 tv_mode_readable=1 tv_mode_word=1 release_slots=2 logical_delta=2 sixty_frame_fixture=0 native_gameplay_math=1 native_leaf_math=1 math_scope_readable=1 main_state=4 scene=15 palette_native_calls=30932 palette_original_calls=0 vertex_normals_native_calls=0 vertex_normals_original_calls=0 matrix_push_native_calls=15263 matrix_push_original_calls=0 matrix_pop_native_calls=16214 matrix_pop_original_calls=0 matrix_staged_groups=0 collision_cross_native_calls=368 collision_length_native_calls=4557 collision_normalize_native_calls=1282 collision_cross_original_calls=0 collision_length_original_calls=0 collision_normalize_original_calls=0 matrix_inverse_native_calls=9307 triangle_contacts_native_calls=0 triangle_contacts_original_calls=0 triangle_contacts_scope_blocked_calls=0 collision_candidates_native_calls=854 collision_candidates_scope_blocked_calls=0 collision_candidates_original_calls=0 motion_sampling_native_calls=0 motion_sampling_original_calls=0 animation_hierarchy_native_calls=183 model_packets=0 model_snapshots=0 model_packet_verified=0 model_packet_vertices=0 model_gpu_draws=0 model_point_uploads=0 model_corner_uploads=0 closed_memory_calls=149623 closed_memory_words=2951776 collision_memory_intervals=0 collision_memory_reads=0 collision_memory_writes=0 model_pipeline_calls=30870 model_pipeline_declined=0 model_pipeline_points=808694 model_pipeline_normals=29035 model_pipeline_draws=29035 model_pipeline_direct_outputs=29189 model_pipeline_root_operations=0 model_pipeline_closed_children=95976 object_distance_calls=78805 object_distance_native=78805 object_distance_fallback=0 object_activation_calls=183 object_lifetime_calls=28728 object_records=73200 object_created=155 object_retired=6 object_declined=0 object_slow_accesses=0 movement_calls=0 movement_declined=0 movement_callbacks=0 movement_reentries=0 contact_family_calls=550 object_contact_calls=184 camera_operation_calls=183 contact_family_internal=436717 contact_family_foreign=4240 contact_family_resumes=0 world_calls=184 world_declined=0 world_internal=18076 world_callbacks=62776 world_resumes=0 world_membership=17698 world_eligibility=17601 render_hierarchy_calls=5910 render_hierarchy_declined=0 render_hierarchy_internal=156440 render_hierarchy_callbacks=599 render_model_calls=30870 render_model_revocations=0 render_hierarchy_resumes=0 rigid_hierarchy_calls=5043 morph_hierarchy_calls=0 land_render_calls=184 actor_operation_calls=0 player_operation_calls=0 player_display_calls=0 actor_state_transfers=0 collision_fused_cross=0 collision_fused_length=0 collision_fused_normalize=0 matrix_bulk_pushes=0 matrix_bulk_pops=0 matrix_bulk_saved=0 matrix_bulk_loaded=0 render_context_captures=10174 render_context_commits=10174 render_context_fallbacks=0 render_context_direct_calls=20348 palette_batch_calls=30932 palette_batch_vertices=886687 palette_batch_declined=0 palette_batch_closed_loops=30932 projection_batch_calls=33140 projection_batch_vertices=917416 projection_batch_declined=46 projection_batch_verified=0 sound_metadata_hits=0 sound_metadata_misses=0 sound_metadata_verified=0 deferred_midi_notes=0 animation_hierarchy_original_calls=0 animation_hierarchy_nodes=13359 animation_direct_write_calls=183 pose_blend_native_calls=0 pose_blend_original_calls=0 pose_direct_write_calls=0 matrix_vector_point_native_calls=26749 matrix_vector_point_original_calls=0 matrix_vector_direction_native_calls=28847 matrix_vector_direction_original_calls=0 matrix_vector_store_native_calls=0 matrix_vector_store_original_calls=0 matrix_vector_translation_native_calls=0 matrix_vector_translation_original_calls=0 atan_native_calls=0 inverse_trig_native_calls=17338 inverse_trig_declined=0 inverse_memory_calls=0 inverse_memory_stores=0 atan_original_calls=0 atan_quotient_native_calls=2 atan_quotient_original_calls=0 atan_polynomial_native_calls=0 atan_polynomial_original_calls=0 atan_scale_native_calls=0 atan_scale_original_calls=0 matrix_inverse_original_calls=0 matrix_determinant_native_calls=0 matrix_determinant_original_calls=0 player_state_readable=1 player_x=663.414 player_y=199.989 player_z=13.2913 player_x_bits=1143331460 player_y_bits=1128791365 player_z_bits=1096067389 frame_window_begin=5 frame_window_end=25 game_ticks=184 hud_timer_ticks=65 update_timing=0 update_tasks=0 update_tails=0 update_main_tasks=0 update_alternate_tasks=0 update_waits=0 update_elapsed=0 update_elapsed_extra=0 update_timer_setups=0 periodic_epoch_ns=141607690112300 periodic_callbacks=0 render_completion_experiment=0 guest_render_submitted=0 guest_render_completed=0 guest_render_dispatched=0 guest_render_callback=0 guest_render_counter=0 guest_render_nonzero_callbacks=0 update_unreadable=0 execution_thread_id=32632 execution_cpu_valid=1 execution_cpu_100ns=45781250 process_cpu_valid=1 process_cpu_100ns=57031250 execution_cycles_valid=1 execution_cycles=19950157480 phase=0 final=1
SONIC_NATIVE_SCENARIO_GAMEPLAY_COMPLETE id=knuckles-sky-deck protocol=3 input_profile=3 monotonic_ns=141607730321500 elapsed_ms=1000 frame=277 presentations=273 relative_frame=25 input_applied_frames=25 completed_frames=26 drawn_frames=25 max_frame_ns=41470100 p95_frame_ns=41184400 p99_frame_ns=41470100 frame_samples=25 frame_samples_truncated=0
SONIC_NATIVE_SCENARIO_DEADLINE_ARMED frame=277 presentations=273
KATANA_NATIVE_PRODUCT_GATE status=not-reached milestone=FirstVisibleGameFrame stop_reason=2 bootstrap_phase=2
KATANA_RUNTIME_STOP_FRONTIER {"version":2,"stop_reason":2,"pc":2349152670,"pr":2349152670,"active_instruction":2349161410,"active_instruction_physical":201677762,"active_block":0,"active_block_physical":0,"active_block_size":0,"gpr":[7950968,2356798248,0,2349143952,0,2356800708,2356800704,4,2356545712,2349898930,2350259184,2348878714,2348878680,2349252608,2350509724,2348872648],"gbr":2358246912,"vbr":2348872704,"sr":1610612992,"mach":0,"macl":1924,"fpul":8,"fpscr":262245,"retired_guest_instructions":74802115,"attempted_guest_instructions":74802115}
