SONIC_CPU_PATH_DEFAULTS version=20260916 ram_regions=1 prepared_transfers=1
SONIC_INTERNAL_DIAGNOSTICS version=1 enabled=0
KATANA_NATIVE_PORT_BRINGUP unresolved_hardware_sites=96 probes=1
KATANA_NATIVE_BUILD_PROFILE name=performance pgo_mode=off pgo_profile_sha256=none aot_all_o2=1
SONIC_PRESENTATION mode=hor-plus output=800x500 renderer=vulkan camera=original render_percent=50 x_scale=0.833333 gameplay_timing=original
SONIC_STARTUP phase=Loading game code...
SONIC_STARTUP_PREFETCH backend=linux advised_bytes=343221589 mode=asynchronous
SONIC_STARTUP phase=Loading game data...
SONIC_STARTUP phase=Connecting controllers...
SONIC_STARTUP phase=Preparing graphics...
SONIC_VULKAN_DEVICE name=llvmpipe (LLVM 20.1.2, 256 bits) api=1.4 type2_nodes=5592405
SONIC_SHADER_CACHE backend=vulkan driver_hit=0 bytes=0
SONIC_VULKAN_WARMUP pipelines=0
SONIC_STARTUP phase=Starting game...
KATANA_NATIVE_FRAME_PACING simulation_fps=30 presentation_fps=60 catch_up=disabled
KATANA_NATIVE_PORT_BUILD_IDENTITY_V1:sha256:05a1c67fc1d6e5aee33963d0c1456242e84507378b637b71a9b3dd885ddc8e47
SONIC_NATIVE_PERIODIC_ADOPT reload=12500000 observed=12251537
SONIC_NATIVE_TEXTURE_SET acquired domain=main index=0 rows=7 archives=7 publication=guest-registry
SONIC_NATIVE_FRAME_BOUNDARY owner=frame-begin index=0 action=present open=1 draws=0 clear=0,0,0,1
SONIC_NATIVE_INPUT slot=0 connected=0 buttons=0x0 pressed=0x0 released=0x0
SONIC_NATIVE_INPUT slot=1 connected=0 buttons=0x0 pressed=0x0 released=0x0
SONIC_NATIVE_INPUT slot=2 connected=0 buttons=0x0 pressed=0x0 released=0x0
SONIC_NATIVE_INPUT slot=3 connected=0 buttons=0x0 pressed=0x0 released=0x0
SONIC_NATIVE_PRETRANSFORMED_PROBE r4=0x8c00f358 pr=0x8c09b4ea sp=0x8c00f350 fullscreen=1 r5=0x4 r6=0x60 fr4=0xbc23d70a streams=0x8c00f368,0x8c00f388,0x0 v0=[0x0,0x0,0xef000000] v1=[0x0,0x43f00000,0xef000000] v2=[0x44200000,0x43f00000,0xef000000] v3=[0x44200000,0x0,0xef000000]
SONIC_NATIVE_DRAW_PACKET frame=1 ordinal=0 vertices=4 topology=4 cull=0 shading=0 blend=1:6:7 depth=1:1:6 list=2 material=1:1:1:0
SONIC_NATIVE_DRAW_VERTEX ordinal=0 index=0 position=0,0,1 color=0,0,0,0.937255
SONIC_NATIVE_DRAW_VERTEX ordinal=0 index=1 position=640,0,1 color=0,0,0,0.937255
SONIC_NATIVE_DRAW_VERTEX ordinal=0 index=2 position=0,480,1 color=0,0,0,0.937255
SONIC_NATIVE_DRAW_VERTEX ordinal=0 index=3 position=640,480,1 color=0,0,0,0.937255
SONIC_NATIVE_DRAW_PACKET frame=1 ordinal=1 vertices=4 topology=4 cull=0 shading=1 blend=0:1:0 depth=1:1:6 list=0 material=1:0:0:0
SONIC_NATIVE_DRAW_VERTEX ordinal=1 index=0 position=-64,0,0.1 color=1,1,1,1
SONIC_NATIVE_DRAW_VERTEX ordinal=1 index=1 position=-64,256,0.1 color=1,1,1,1
SONIC_NATIVE_DRAW_VERTEX ordinal=1 index=2 position=192,0,0.1 color=1,1,1,1
SONIC_NATIVE_DRAW_VERTEX ordinal=1 index=3 position=192,256,0.1 color=1,1,1,1
SONIC_NATIVE_DRAW_PACKET frame=1 ordinal=2 vertices=4 topology=4 cull=0 shading=1 blend=0:1:0 depth=1:1:6 list=0 material=1:0:0:0
SONIC_NATIVE_DRAW_VERTEX ordinal=2 index=0 position=192,0,0.1 color=1,1,1,1
SONIC_NATIVE_DRAW_VERTEX ordinal=2 index=1 position=192,256,0.1 color=1,1,1,1
SONIC_NATIVE_DRAW_VERTEX ordinal=2 index=2 position=448,0,0.1 color=1,1,1,1
SONIC_NATIVE_DRAW_VERTEX ordinal=2 index=3 position=448,256,0.1 color=1,1,1,1
SONIC_NATIVE_DRAW_PACKET frame=1 ordinal=3 vertices=4 topology=4 cull=0 shading=1 blend=0:1:0 depth=1:1:6 list=0 material=1:0:0:0
SONIC_NATIVE_DRAW_VERTEX ordinal=3 index=0 position=448,0,0.1 color=1,1,1,1
SONIC_NATIVE_DRAW_VERTEX ordinal=3 index=1 position=448,256,0.1 color=1,1,1,1
SONIC_NATIVE_DRAW_VERTEX ordinal=3 index=2 position=704,0,0.1 color=1,1,1,1
SONIC_NATIVE_DRAW_VERTEX ordinal=3 index=3 position=704,256,0.1 color=1,1,1,1
SONIC_NATIVE_DRAW_PACKET frame=1 ordinal=4 vertices=4 topology=4 cull=0 shading=1 blend=0:1:0 depth=1:1:6 list=0 material=1:0:0:0
SONIC_NATIVE_DRAW_VERTEX ordinal=4 index=0 position=-64,256,0.1 color=1,1,1,1
SONIC_NATIVE_DRAW_VERTEX ordinal=4 index=1 position=-64,512,0.1 color=1,1,1,1
SONIC_NATIVE_DRAW_VERTEX ordinal=4 index=2 position=192,256,0.1 color=1,1,1,1
SONIC_NATIVE_DRAW_VERTEX ordinal=4 index=3 position=192,512,0.1 color=1,1,1,1
SONIC_NATIVE_DRAW_PACKET frame=1 ordinal=5 vertices=4 topology=4 cull=0 shading=1 blend=0:1:0 depth=1:1:6 list=0 material=1:0:0:0
SONIC_NATIVE_DRAW_VERTEX ordinal=5 index=0 position=192,256,0.1 color=1,1,1,1
SONIC_NATIVE_DRAW_VERTEX ordinal=5 index=1 position=192,512,0.1 color=1,1,1,1
SONIC_NATIVE_DRAW_VERTEX ordinal=5 index=2 position=448,256,0.1 color=1,1,1,1
SONIC_NATIVE_DRAW_VERTEX ordinal=5 index=3 position=448,512,0.1 color=1,1,1,1
SONIC_NATIVE_DRAW_PACKET frame=1 ordinal=6 vertices=4 topology=4 cull=0 shading=1 blend=0:1:0 depth=1:1:6 list=0 material=1:0:0:0
SONIC_NATIVE_DRAW_VERTEX ordinal=6 index=0 position=448,256,0.1 color=1,1,1,1
SONIC_NATIVE_DRAW_VERTEX ordinal=6 index=1 position=448,512,0.1 color=1,1,1,1
SONIC_NATIVE_DRAW_VERTEX ordinal=6 index=2 position=704,256,0.1 color=1,1,1,1
SONIC_NATIVE_DRAW_VERTEX ordinal=6 index=3 position=704,512,0.1 color=1,1,1,1
SONIC_NATIVE_FRAME_BOUNDARY owner=frame-begin index=1 action=present open=1 draws=7 clear=0,0,0,1
SONIC_VULKAN_PRESENT mode=immediate vsync_setting=2 visible=0
SONIC_VULKAN_PIPELINE kind=3 warmup=0 elapsed_ms=10.173
SONIC_STARTUP ready=1 elapsed_ms=15010.665
SONIC_NATIVE_FRAME_BOUNDARY owner=frame-begin index=2 action=present open=1 draws=7 clear=0,0,0,1
SONIC_VULKAN_PIPELINE kind=0 warmup=0 elapsed_ms=74.676
SONIC_VULKAN_PIPELINE kind=1 warmup=0 elapsed_ms=84.335
SONIC_VULKAN_PIPELINE kind=2 warmup=0 elapsed_ms=67.272
SONIC_NATIVE_FRAME_BOUNDARY owner=frame-begin index=3 action=present open=1 draws=7 clear=0,0,0,1
SONIC_NATIVE_FRAME_BOUNDARY owner=frame-begin index=4 action=present open=1 draws=7 clear=0,0,0,1
SONIC_NATIVE_FRAME_BOUNDARY owner=frame-begin index=5 action=present open=1 draws=7 clear=0,0,0,1
SONIC_NATIVE_FRAME_BOUNDARY owner=frame-begin index=6 action=present open=1 draws=7 clear=0,0,0,1
SONIC_NATIVE_FRAME_BOUNDARY owner=frame-begin index=7 action=present open=1 draws=7 clear=0,0,0,1
SONIC_NATIVE_FRAME_BOUNDARY owner=frame-begin index=8 action=present open=1 draws=7 clear=0,0,0,1
SONIC_NATIVE_FRAME_BOUNDARY owner=frame-begin index=9 action=present open=1 draws=7 clear=0,0,0,1
SONIC_NATIVE_MOVIE_SEQUENCE diagnostic-menu-edge=1
SONIC_NATIVE_MOVIE_SEQUENCE skip id=0 clip=0 input=menu
SONIC_NATIVE_MOVIE_SEQUENCE completed id=0 clips=0 skipped=1 completion_status=1 decoded_video=0 presented_video=0 audio_frames=0 visibly_non_black=0
SONIC_NATIVE_CONTENT request=advertise.prs normalized=ADVERTISE.PRS destination=0xcd00000
SONIC_NATIVE_PRS_SOURCE staged=SONICAD/ADVERTISE.PRS decoded=sha256:6e8a5806f1f32e6c17c70c30c953600f16fcdb4959b8cd91094c4b32062793d5 encoded_start=0xcd00000 encoded_bytes=0x2b000 sequence=1
SONIC_NATIVE_CONTENT loaded=SONICAD/ADVERTISE.PRS destination=0xcd00000 bytes=0x2ae96 sector_bytes=0x2b000
SONIC_NATIVE_PRS retired_runtime_images=1 retired_loaded_aot=0 destination=0xc900000
SONIC_NATIVE_PRS_MODULE identity=sha256:6e8a5806f1f32e6c17c70c30c953600f16fcdb4959b8cd91094c4b32062793d5 source=0x8088b000 runtime=0xc900000 bytes=0xe4648 generation=3 transition_epoch=1
SONIC_NATIVE_SOUND_BANK_MAP collection=0:1 available=13 retained=0 replaced=0 retired_one_shot=0 retired_sequence=0 stale_handles=0
SONIC_NATIVE_SOUND_COLLECTION loaded=SONICAD/MOBILE1.MLT bytes=1222016 active=1
SONIC_NATIVE_SOUND_BANK_MAP collection=1:1 available=13 retained=0 replaced=13 retired_one_shot=0 retired_sequence=0 stale_handles=0
SONIC_NATIVE_SOUND_COLLECTION loaded=SONICAD/EGGCARRIER.MLT bytes=1311520 active=2
SONIC_NATIVE_SOUND_BANK_MAP collection=2:1 available=5 retained=10 replaced=3 retired_one_shot=0 retired_sequence=0 stale_handles=0
SONIC_NATIVE_SOUND_COLLECTION loaded=SONICAD/V_SONICTAILS_E.MLT bytes=201472 active=3
SONIC_NATIVE_SOUND_BANK_MAP collection=3:1 available=5 retained=12 replaced=3 retired_one_shot=0 retired_sequence=0 stale_handles=0
SONIC_NATIVE_SOUND_COLLECTION loaded=SONICAD/P_SONICTAILS.MLT bytes=144000 active=4
SONIC_NATIVE_SCENARIO_STAGE_QUEUED id=knuckles-sky-deck stage=6:2 context=3 table=20:2 main=11->2 tuple_override=0 gameplay_probe=1 protocol=3 input_profile=3 frame=193 presentations=190
SONIC_NATIVE_CONTENT request=k_mot.PRS normalized=K_MOT.PRS destination=0xcd00000
SONIC_NATIVE_CONTENT loaded=SONICAD/K_MOT.PRS destination=0xcd00000 bytes=0x26ab7 sector_bytes=0x27000
SONIC_NATIVE_TEXTURE_SET acquired domain=character index=3 rows=2 archives=2 publication=guest-registry
SONIC_NATIVE_TEXTURE_SET acquired domain=main index=0 rows=7 archives=7 publication=guest-registry
SONIC_NATIVE_SDK_TEXTURE_VIEW pvm=0 acquired=1 copied=1 texlist=0x8c1bee94
SONIC_NATIVE_PRETRANSFORMED_STREAM kind=textured source=0x8c798718 count=4 texture_key=0x989800 translucent=0
SONIC_VULKAN_PIPELINE kind=0 warmup=0 elapsed_ms=86.393
SONIC_NATIVE_SOUND_BANK_MAP collection=4:1 available=13 retained=4 replaced=13 retired_one_shot=0 retired_sequence=0 stale_handles=0
SONIC_NATIVE_SOUND_COLLECTION loaded=SONICAD/SKYDECK_E.MLT bytes=1330944 active=5
SONIC_NATIVE_SOUND_BANK_MAP collection=5:1 available=5 retained=12 replaced=5 retired_one_shot=0 retired_sequence=0 stale_handles=0
SONIC_NATIVE_SOUND_COLLECTION loaded=SONICAD/V_KNUCKLES_E.MLT bytes=157408 active=6
SONIC_NATIVE_SOUND_BANK_MAP collection=6:1 available=5 retained=12 replaced=5 retired_one_shot=0 retired_sequence=0 stale_handles=0
SONIC_NATIVE_SOUND_COLLECTION loaded=SONICAD/P_KNUCKLES.MLT bytes=200160 active=7
SONIC_NATIVE_CONTENT request=stg06.PRS normalized=STG06.PRS destination=0xcd00000
SONIC_NATIVE_PRS_SOURCE staged=SONICAD/STG06.PRS decoded=sha256:50897cb1d7cf013171f400573286329cd401e9d45410e722ddc2a2b8778b8872 encoded_start=0xcd00000 encoded_bytes=0xc3800 sequence=2
SONIC_NATIVE_CONTENT loaded=SONICAD/STG06.PRS destination=0xcd00000 bytes=0xc31cc sector_bytes=0xc3800
SONIC_NATIVE_OVERLAY_TASK_RETIRE destination=0xc900000 bytes=0x1e74b8 owners=1 tasks=2 roots=2 child_graph=1 transition=sha256:50897cb1d7cf013171f400573286329cd401e9d45410e722ddc2a2b8778b8872
SONIC_NATIVE_OVERLAY_TASK_OWNER kind=loaded-aot identity=sha256:6e8a5806f1f32e6c17c70c30c953600f16fcdb4959b8cd91094c4b32062793d5 runtime=0x8c900000 bytes=0xe4648 generation=3
SONIC_NATIVE_PRS retired_runtime_images=0 retired_loaded_aot=1 destination=0xc900000
SONIC_NATIVE_PRS_MODULE identity=sha256:50897cb1d7cf013171f400573286329cd401e9d45410e722ddc2a2b8778b8872 source=0x836bb000 runtime=0xc900000 bytes=0x1e74b8 generation=5 transition_epoch=2
SONIC_NATIVE_CONTENT request=set0600K.bin normalized=SET0600K.BIN destination=0xcb68000
SONIC_NATIVE_CONTENT missing_path=SET0600K.BIN guest_pointer=0x8c00f314 destination=0xcb68000
SONIC_NATIVE_CONTENT request=set0600S.bin normalized=SET0600S.BIN destination=0xcb68000
SONIC_NATIVE_CONTENT loaded=SONICAD/SET0600S.BIN destination=0xcb68000 bytes=0x5be0 sector_bytes=0x6000
SONIC_NATIVE_CONTENT request=set0601K.bin normalized=SET0601K.BIN destination=0xcb70000
SONIC_NATIVE_CONTENT missing_path=SET0601K.BIN guest_pointer=0x8c00f314 destination=0xcb70000
SONIC_NATIVE_CONTENT request=set0601S.bin normalized=SET0601S.BIN destination=0xcb70000
SONIC_NATIVE_CONTENT loaded=SONICAD/SET0601S.BIN destination=0xcb70000 bytes=0x6120 sector_bytes=0x6800
SONIC_NATIVE_CONTENT request=set0602K.bin normalized=SET0602K.BIN destination=0xcb78000
SONIC_NATIVE_CONTENT loaded=SONICAD/SET0602K.BIN destination=0xcb78000 bytes=0x3220 sector_bytes=0x3800
SONIC_NATIVE_CONTENT request=cam0600K.bin normalized=CAM0600K.BIN destination=0xcb50000
SONIC_NATIVE_CONTENT missing_path=CAM0600K.BIN guest_pointer=0x8c00f318 destination=0xcb50000
SONIC_NATIVE_CONTENT request=cam0600S.bin normalized=CAM0600S.BIN destination=0xcb50000
SONIC_NATIVE_CONTENT loaded=SONICAD/CAM0600S.BIN destination=0xcb50000 bytes=0x2440 sector_bytes=0x2800
SONIC_NATIVE_CONTENT request=cam0601K.bin normalized=CAM0601K.BIN destination=0xcb58000
SONIC_NATIVE_CONTENT missing_path=CAM0601K.BIN guest_pointer=0x8c00f318 destination=0xcb58000
SONIC_NATIVE_CONTENT request=cam0601S.bin normalized=CAM0601S.BIN destination=0xcb58000
SONIC_NATIVE_CONTENT loaded=SONICAD/CAM0601S.BIN destination=0xcb58000 bytes=0xa80 sector_bytes=0x1000
SONIC_NATIVE_CONTENT request=cam0602K.bin normalized=CAM0602K.BIN destination=0xcb60000
SONIC_NATIVE_CONTENT loaded=SONICAD/CAM0602K.BIN destination=0xcb60000 bytes=0xb40 sector_bytes=0x1000
SONIC_NATIVE_TEXTURE_SET acquired domain=character index=3 rows=2 archives=2 publication=guest-registry
SONIC_NATIVE_TEXTURE_SET acquired domain=main index=0 rows=7 archives=7 publication=guest-registry
SONIC_NATIVE_SDK_TEXTURE_VIEW pvm=1 acquired=213 copied=213 texlist=0xc9fbb30
SONIC_NATIVE_SDK_TEXTURE_VIEW pvm=1 acquired=34 copied=34 texlist=0xcae1eb0
SONIC_NATIVE_SDK_TEXTURE_VIEW pvm=1 acquired=14 copied=14 texlist=0x8c5c4fe0
SONIC_NATIVE_SDK_TEXTURE_VIEW pvm=1 acquired=3 copied=3 texlist=0x8c5c25cc
SONIC_NATIVE_SDK_TEXTURE_VIEW pvm=1 acquired=2 copied=2 texlist=0x8c5c16cc
SONIC_NATIVE_SDK_TEXTURE_VIEW pvm=1 acquired=9 copied=9 texlist=0xcae2150
SONIC_NATIVE_SDK_TEXTURE_VIEW pvm=1 acquired=5 copied=5 texlist=0x8c16aebc
SONIC_NATIVE_SDK_TEXTURE_VIEW pvm=1 acquired=5 copied=5 texlist=0x8c17000c
SONIC_NATIVE_SDK_TEXTURE_VIEW pvm=1 acquired=5 copied=5 texlist=0x8c16d7d8
SONIC_NATIVE_SDK_TEXTURE_VIEW pvm=1 acquired=4 copied=4 texlist=0x8c1843a0
SONIC_NATIVE_SDK_TEXTURE_VIEW pvm=1 acquired=4 copied=4 texlist=0x8c188720
SONIC_NATIVE_SDK_TEXTURE_VIEW pvm=1 acquired=12 copied=12 texlist=0x8c1be900
SONIC_NATIVE_SDK_TEXTURE_VIEW pvm=0 acquired=1 copied=1 texlist=0xcae3a94
SONIC_NATIVE_SDK_TEXTURE_VIEW pvm=1 acquired=65 copied=65 texlist=0xc9ac954
SONIC_NATIVE_LIGHTING_CONTENT loaded=SONICAD/SL_60B.BIN destination=0x8c6aeec4 backing=0xc6aeec4 bytes=0x800 sector_bytes=0x800
SONIC_NATIVE_LIGHTING_CONTENT loaded=SONICAD/PL_60B.BIN destination=0x8c038f60 backing=0xc038f60 bytes=0x2200 sector_bytes=0x2800
SONIC_NATIVE_SDK_TEXTURE_VIEW pvm=0 acquired=1 copied=1 texlist=0x8c6b67b8
SONIC_NATIVE_LIGHTING_CONTENT loaded=SONICAD/PL_60B.BIN destination=0xcae8b4c backing=0xcae8b4c bytes=0x2200 sector_bytes=0x2800
SONIC_NATIVE_LIGHTING_CONTENT loaded=SONICAD/PL_61B.BIN destination=0xcaecb4c backing=0xcaecb4c bytes=0x3180 sector_bytes=0x3800
SONIC_VULKAN_PIPELINE kind=0 warmup=0 elapsed_ms=106.785
SONIC_VULKAN_PIPELINE kind=0 warmup=0 elapsed_ms=102.022
SONIC_VULKAN_PIPELINE kind=1 warmup=0 elapsed_ms=111.612
SONIC_VULKAN_PIPELINE kind=1 warmup=0 elapsed_ms=115.822
SONIC_VULKAN_PIPELINE kind=1 warmup=0 elapsed_ms=104.104
SONIC_NATIVE_CONTENT_RANGE bound=SONICAD/EVENT_ADX_US.AFS start_sector=450138 sectors=31836 bytes=65200128
SONIC_NATIVE_ADX_AFS bound=SONICAD/EVENT_ADX_US.AFS identity=sha256:58a427309d55eb6613b09a056461c5d5f4e3c82e61936980d2d2d1bf04cd0dcd afs_id=0 entries=2044
SONIC_NATIVE_PCM_STREAM_RING registered bank=15 offset=0x1fbfc0 bytes=0x4000 resource=0x141f8 mirror=0x8c8d371c
SONIC_NATIVE_PCM_STREAM_RING registered bank=14 offset=0x1f7f80 bytes=0x4000 resource=0x141f0 mirror=0x8c8d3714
SONIC_NATIVE_PCM_STREAM_RING registered bank=13 offset=0x1f3f40 bytes=0x4000 resource=0x141e8 mirror=0x8c8d370c
[adx @ 0x7b51f007b4c0] Estimating duration from bitrate, this may be inaccurate
SONIC_NATIVE_ADX start=SONICAD/SKYDECK2.ADX identity=sha256:1d6c87e33916c1317f971fd9f85ac2160d52a9e1e7620f48bc4aaf8c00ae3b01 guest_handle=0x8c6736f0 callsite=0x8c107892 pr=0x8c107894 bgm_signature=0x0 bgm_trace=0 bgm_frame=0 bgm_selection=0 bgm_request=0 bgm_mirror=0 bgm_handles=0x0,0x0 voice=0:1 active=1 playing=1 queued=2048 loop=1 loop_start=331103 loop_end=3819640 gain=0.891251 wrapper_valid=1 wrapper=0x2000301,0x8c8a3850,0x0,0x8c8a4950,0x8c8a64f8,0x8c8a64f8
[adx @ 0x7b51f007b4c0] Estimating duration from bitrate, this may be inaccurate
SONIC_NATIVE_SCENARIO_GAMEPLAY_STARTED id=knuckles-sky-deck protocol=3 input_profile=3 monotonic_ns=125936881880721 frame=252 presentations=247 load_ms=114562 owner_generation=5 stage_state=0 stage_mode=1
SONIC_NATIVE_INPUT slot=0 connected=1 buttons=0x0 pressed=0x0 released=0x0
SONIC_NATIVE_SCENARIO_GAMEPLAY_SAMPLE id=knuckles-sky-deck protocol=3 input_profile=3 monotonic_ns=125938798300608 elapsed_ms=1916 collision_debug_signed=-1 frame=253 presentations=248 relative_frame=1 max_frame_ns=1916419887 input_applied_frames=1 completed_frames=2 drawn_frames=1 cadence_readable=1 active_video_hz=50 clock_owner=postpal-checkpoint clock_bound_frame=0 tv_mode_readable=1 tv_mode_word=1 release_slots=2 logical_delta=2 sixty_frame_fixture=0 native_gameplay_math=1 native_leaf_math=1 math_scope_readable=1 main_state=4 scene=15 palette_native_calls=21318 palette_original_calls=0 vertex_normals_native_calls=0 vertex_normals_original_calls=0 matrix_push_native_calls=12252 matrix_push_original_calls=0 matrix_pop_native_calls=13236 matrix_pop_original_calls=0 matrix_staged_groups=0 collision_cross_native_calls=352 collision_length_native_calls=4416 collision_normalize_native_calls=1226 collision_cross_original_calls=0 collision_length_original_calls=0 collision_normalize_original_calls=0 matrix_inverse_native_calls=8899 triangle_contacts_native_calls=0 triangle_contacts_original_calls=0 triangle_contacts_scope_blocked_calls=0 collision_candidates_native_calls=804 collision_candidates_scope_blocked_calls=0 collision_candidates_original_calls=0 motion_sampling_native_calls=0 motion_sampling_original_calls=0 animation_hierarchy_native_calls=175 model_packets=0 model_snapshots=0 model_packet_verified=0 model_packet_vertices=0 model_gpu_draws=0 model_point_uploads=0 model_corner_uploads=0 closed_memory_calls=129993 closed_memory_words=2235823 collision_memory_intervals=0 collision_memory_reads=0 collision_memory_writes=0 model_pipeline_calls=21440 model_pipeline_declined=0 model_pipeline_points=551040 model_pipeline_normals=20015 model_pipeline_draws=20015 model_pipeline_direct_outputs=20121 model_pipeline_root_operations=0 model_pipeline_closed_children=66034 object_distance_calls=75316 object_distance_native=75316 object_distance_fallback=0 object_activation_calls=175 object_lifetime_calls=27237 object_records=70000 object_created=153 object_retired=6 object_declined=0 object_slow_accesses=0 movement_calls=0 movement_declined=0 movement_callbacks=0 movement_reentries=0 contact_family_calls=526 object_contact_calls=176 camera_operation_calls=175 contact_family_internal=420059 contact_family_foreign=3861 contact_family_resumes=0 world_calls=176 world_declined=0 world_internal=17965 world_callbacks=60355 world_resumes=0 world_membership=16887 world_eligibility=16791 render_hierarchy_calls=4540 render_hierarchy_declined=0 render_hierarchy_internal=106680 render_hierarchy_callbacks=511 render_model_calls=21440 render_model_revocations=0 render_hierarchy_resumes=0 rigid_hierarchy_calls=3905 morph_hierarchy_calls=0 land_render_calls=176 actor_operation_calls=0 actor_state_transfers=0 collision_fused_cross=0 collision_fused_length=0 collision_fused_normalize=0 matrix_bulk_pushes=0 matrix_bulk_pops=0 matrix_bulk_saved=0 matrix_bulk_loaded=0 render_context_captures=7147 render_context_commits=7147 render_context_fallbacks=0 render_context_direct_calls=14294 palette_batch_calls=21318 palette_batch_vertices=605363 palette_batch_declined=0 palette_batch_closed_loops=21318 projection_batch_calls=22806 projection_batch_vertices=626012 projection_batch_declined=46 projection_batch_verified=0 sound_metadata_hits=0 sound_metadata_misses=0 sound_metadata_verified=0 deferred_midi_notes=0 animation_hierarchy_original_calls=0 animation_hierarchy_nodes=12775 animation_direct_write_calls=175 pose_blend_native_calls=0 pose_blend_original_calls=0 pose_direct_write_calls=0 matrix_vector_point_native_calls=25576 matrix_vector_point_original_calls=0 matrix_vector_direction_native_calls=27496 matrix_vector_direction_original_calls=0 matrix_vector_store_native_calls=0 matrix_vector_store_original_calls=0 matrix_vector_translation_native_calls=0 matrix_vector_translation_original_calls=0 atan_native_calls=0 inverse_trig_native_calls=16411 inverse_trig_declined=0 inverse_memory_calls=0 inverse_memory_stores=0 atan_original_calls=0 atan_quotient_native_calls=2 atan_quotient_original_calls=0 atan_polynomial_native_calls=0 atan_polynomial_original_calls=0 atan_scale_native_calls=0 atan_scale_original_calls=0 matrix_inverse_original_calls=0 matrix_determinant_native_calls=0 matrix_determinant_original_calls=0 player_state_readable=1 player_x=673.893 player_y=199.992 player_z=12.0037 player_x_bits=1143503146 player_y_bits=1128791560 player_z_bits=1094717177 frame_window_begin=5 frame_window_end=12 game_ticks=176 hud_timer_ticks=10 update_timing=0 update_tasks=0 update_tails=0 update_main_tasks=0 update_alternate_tasks=0 update_waits=0 update_elapsed=0 update_elapsed_extra=0 update_timer_setups=0 periodic_epoch_ns=125936883802474 periodic_callbacks=0 render_completion_experiment=0 guest_render_submitted=0 guest_render_completed=0 guest_render_dispatched=0 guest_render_callback=0 guest_render_counter=0 guest_render_nonzero_callbacks=0 update_unreadable=0 execution_thread_id=72239 execution_cpu_valid=1 execution_cpu_100ns=708445980 process_cpu_valid=1 process_cpu_100ns=4598683512 execution_cycles_valid=0 execution_cycles=0 phase=0 final=0
SONIC_NATIVE_SCENARIO_GAMEPLAY_SAMPLE id=knuckles-sky-deck protocol=3 input_profile=3 monotonic_ns=125940733363652 elapsed_ms=3851 collision_debug_signed=-1 frame=254 presentations=249 relative_frame=2 max_frame_ns=1935063044 input_applied_frames=2 completed_frames=3 drawn_frames=2 cadence_readable=1 active_video_hz=50 clock_owner=postpal-checkpoint clock_bound_frame=0 tv_mode_readable=1 tv_mode_word=1 release_slots=2 logical_delta=2 sixty_frame_fixture=0 native_gameplay_math=1 native_leaf_math=1 math_scope_readable=1 main_state=4 scene=15 palette_native_calls=21735 palette_original_calls=0 vertex_normals_native_calls=0 vertex_normals_original_calls=0 matrix_push_native_calls=12512 matrix_push_original_calls=0 matrix_pop_native_calls=13515 matrix_pop_original_calls=0 matrix_staged_groups=0 collision_cross_native_calls=360 collision_length_native_calls=4513 collision_normalize_native_calls=1254 collision_cross_original_calls=0 collision_length_original_calls=0 collision_normalize_original_calls=0 matrix_inverse_native_calls=9103 triangle_contacts_native_calls=0 triangle_contacts_original_calls=0 triangle_contacts_scope_blocked_calls=0 collision_candidates_native_calls=832 collision_candidates_scope_blocked_calls=0 collision_candidates_original_calls=0 motion_sampling_native_calls=0 motion_sampling_original_calls=0 animation_hierarchy_native_calls=179 model_packets=0 model_snapshots=0 model_packet_verified=0 model_packet_vertices=0 model_gpu_draws=0 model_point_uploads=0 model_corner_uploads=0 closed_memory_calls=132945 closed_memory_words=2283082 collision_memory_intervals=0 collision_memory_reads=0 collision_memory_writes=0 model_pipeline_calls=21865 model_pipeline_declined=0 model_pipeline_points=561858 model_pipeline_normals=20407 model_pipeline_draws=20407 model_pipeline_direct_outputs=20515 model_pipeline_root_operations=0 model_pipeline_closed_children=67329 object_distance_calls=77036 object_distance_native=77036 object_distance_fallback=0 object_activation_calls=179 object_lifetime_calls=27861 object_records=71600 object_created=153 object_retired=6 object_declined=0 object_slow_accesses=0 movement_calls=0 movement_declined=0 movement_callbacks=0 movement_reentries=0 contact_family_calls=538 object_contact_calls=180 camera_operation_calls=179 contact_family_internal=429903 contact_family_foreign=3977 contact_family_resumes=0 world_calls=180 world_declined=0 world_internal=17969 world_callbacks=61547 world_resumes=0 world_membership=17271 world_eligibility=17175 render_hierarchy_calls=4637 render_hierarchy_declined=0 render_hierarchy_internal=108779 render_hierarchy_callbacks=522 render_model_calls=21865 render_model_revocations=0 render_hierarchy_resumes=0 rigid_hierarchy_calls=3989 morph_hierarchy_calls=0 land_render_calls=180 actor_operation_calls=0 actor_state_transfers=0 collision_fused_cross=0 collision_fused_length=0 collision_fused_normalize=0 matrix_bulk_pushes=0 matrix_bulk_pops=0 matrix_bulk_saved=0 matrix_bulk_loaded=0 render_context_captures=7294 render_context_commits=7294 render_context_fallbacks=0 render_context_direct_calls=14588 palette_batch_calls=21735 palette_batch_vertices=617198 palette_batch_declined=0 palette_batch_closed_loops=21735 projection_batch_calls=23253 projection_batch_vertices=638267 projection_batch_declined=46 projection_batch_verified=0 sound_metadata_hits=0 sound_metadata_misses=0 sound_metadata_verified=0 deferred_midi_notes=0 animation_hierarchy_original_calls=0 animation_hierarchy_nodes=13067 animation_direct_write_calls=179 pose_blend_native_calls=0 pose_blend_original_calls=0 pose_direct_write_calls=0 matrix_vector_point_native_calls=26005 matrix_vector_point_original_calls=0 matrix_vector_direction_native_calls=28119 matrix_vector_direction_original_calls=0 matrix_vector_store_native_calls=0 matrix_vector_store_original_calls=0 matrix_vector_translation_native_calls=0 matrix_vector_translation_original_calls=0 atan_native_calls=0 inverse_trig_native_calls=16955 inverse_trig_declined=0 inverse_memory_calls=0 inverse_memory_stores=0 atan_original_calls=0 atan_quotient_native_calls=2 atan_quotient_original_calls=0 atan_polynomial_native_calls=0 atan_polynomial_original_calls=0 atan_scale_native_calls=0 atan_scale_original_calls=0 matrix_inverse_original_calls=0 matrix_determinant_native_calls=0 matrix_determinant_original_calls=0 player_state_readable=1 player_x=673.506 player_y=199.992 player_z=12.0307 player_x_bits=1143496795 player_y_bits=1128791554 player_z_bits=1094745552 frame_window_begin=5 frame_window_end=12 game_ticks=180 hud_timer_ticks=14 update_timing=0 update_tasks=0 update_tails=0 update_main_tasks=0 update_alternate_tasks=0 update_waits=0 update_elapsed=0 update_elapsed_extra=0 update_timer_setups=0 periodic_epoch_ns=125938804502516 periodic_callbacks=0 render_completion_experiment=0 guest_render_submitted=0 guest_render_completed=0 guest_render_dispatched=0 guest_render_callback=0 guest_render_counter=0 guest_render_nonzero_callbacks=0 update_unreadable=0 execution_thread_id=72239 execution_cpu_valid=1 execution_cpu_100ns=718435061 process_cpu_valid=1 process_cpu_100ns=4662513916 execution_cycles_valid=0 execution_cycles=0 phase=0 final=0
SONIC_NATIVE_SCENARIO_GAMEPLAY_SAMPLE id=knuckles-sky-deck protocol=3 input_profile=3 monotonic_ns=125942640013292 elapsed_ms=5758 collision_debug_signed=-1 frame=255 presentations=250 relative_frame=3 max_frame_ns=1935063044 input_applied_frames=3 completed_frames=4 drawn_frames=3 cadence_readable=1 active_video_hz=50 clock_owner=postpal-checkpoint clock_bound_frame=0 tv_mode_readable=1 tv_mode_word=1 release_slots=2 logical_delta=2 sixty_frame_fixture=0 native_gameplay_math=1 native_leaf_math=1 math_scope_readable=1 main_state=4 scene=15 palette_native_calls=22151 palette_original_calls=0 vertex_normals_native_calls=0 vertex_normals_original_calls=0 matrix_push_native_calls=12733 matrix_push_original_calls=0 matrix_pop_native_calls=13750 matrix_pop_original_calls=0 matrix_staged_groups=0 collision_cross_native_calls=366 collision_length_native_calls=4588 collision_normalize_native_calls=1275 collision_cross_original_calls=0 collision_length_original_calls=0 collision_normalize_original_calls=0 matrix_inverse_native_calls=9256 triangle_contacts_native_calls=0 triangle_contacts_original_calls=0 triangle_contacts_scope_blocked_calls=0 collision_candidates_native_calls=853 collision_candidates_scope_blocked_calls=0 collision_candidates_original_calls=0 motion_sampling_native_calls=0 motion_sampling_original_calls=0 animation_hierarchy_native_calls=182 model_packets=0 model_snapshots=0 model_packet_verified=0 model_packet_vertices=0 model_gpu_draws=0 model_point_uploads=0 model_corner_uploads=0 closed_memory_calls=135319 closed_memory_words=2325462 collision_memory_intervals=0 collision_memory_reads=0 collision_memory_writes=0 model_pipeline_calls=22280 model_pipeline_declined=0 model_pipeline_points=572613 model_pipeline_normals=20798 model_pipeline_draws=20798 model_pipeline_direct_outputs=20908 model_pipeline_root_operations=0 model_pipeline_closed_children=68620 object_distance_calls=78326 object_distance_native=78326 object_distance_fallback=0 object_activation_calls=182 object_lifetime_calls=28329 object_records=72800 object_created=153 object_retired=6 object_declined=0 object_slow_accesses=0 movement_calls=0 movement_declined=0 movement_callbacks=0 movement_reentries=0 contact_family_calls=547 object_contact_calls=183 camera_operation_calls=182 contact_family_internal=437216 contact_family_foreign=4064 contact_family_resumes=0 world_calls=183 world_declined=0 world_internal=17972 world_callbacks=62441 world_resumes=0 world_membership=17559 world_eligibility=17463 render_hierarchy_calls=4722 render_hierarchy_declined=0 render_hierarchy_internal=110867 render_hierarchy_callbacks=531 render_model_calls=22280 render_model_revocations=0 render_hierarchy_resumes=0 rigid_hierarchy_calls=4062 morph_hierarchy_calls=0 land_render_calls=183 actor_operation_calls=0 actor_state_transfers=0 collision_fused_cross=0 collision_fused_length=0 collision_fused_normalize=0 matrix_bulk_pushes=0 matrix_bulk_pops=0 matrix_bulk_saved=0 matrix_bulk_loaded=0 render_context_captures=7430 render_context_commits=7430 render_context_fallbacks=0 render_context_direct_calls=14860 palette_batch_calls=22151 palette_batch_vertices=628970 palette_batch_declined=0 palette_batch_closed_loops=22151 projection_batch_calls=23699 projection_batch_vertices=650459 projection_batch_declined=46 projection_batch_verified=0 sound_metadata_hits=0 sound_metadata_misses=0 sound_metadata_verified=0 deferred_midi_notes=0 animation_hierarchy_original_calls=0 animation_hierarchy_nodes=13286 animation_direct_write_calls=182 pose_blend_native_calls=0 pose_blend_original_calls=0 pose_direct_write_calls=0 matrix_vector_point_native_calls=26330 matrix_vector_point_original_calls=0 matrix_vector_direction_native_calls=28588 matrix_vector_direction_original_calls=0 matrix_vector_store_native_calls=0 matrix_vector_store_original_calls=0 matrix_vector_translation_native_calls=0 matrix_vector_translation_original_calls=0 atan_native_calls=0 inverse_trig_native_calls=17363 inverse_trig_declined=0 inverse_memory_calls=0 inverse_memory_stores=0 atan_original_calls=0 atan_quotient_native_calls=2 atan_quotient_original_calls=0 atan_polynomial_native_calls=0 atan_polynomial_original_calls=0 atan_scale_native_calls=0 atan_scale_original_calls=0 matrix_inverse_original_calls=0 matrix_determinant_native_calls=0 matrix_determinant_original_calls=0 player_state_readable=1 player_x=673.031 player_y=199.992 player_z=12.0746 player_x_bits=1143489028 player_y_bits=1128791546 player_z_bits=1094791608 frame_window_begin=5 frame_window_end=12 game_ticks=183 hud_timer_ticks=17 update_timing=0 update_tasks=0 update_tails=0 update_main_tasks=0 update_alternate_tasks=0 update_waits=0 update_elapsed=0 update_elapsed_extra=0 update_timer_setups=0 periodic_epoch_ns=125940738710703 periodic_callbacks=0 render_completion_experiment=0 guest_render_submitted=0 guest_render_completed=0 guest_render_dispatched=0 guest_render_callback=0 guest_render_counter=0 guest_render_nonzero_callbacks=0 update_unreadable=0 execution_thread_id=72239 execution_cpu_valid=1 execution_cpu_100ns=725959343 process_cpu_valid=1 process_cpu_100ns=4723134825 execution_cycles_valid=0 execution_cycles=0 phase=0 final=0
SONIC_NATIVE_SCENARIO_GAMEPLAY_SAMPLE id=knuckles-sky-deck protocol=3 input_profile=3 monotonic_ns=125944536143989 elapsed_ms=7654 collision_debug_signed=-1 frame=256 presentations=251 relative_frame=4 max_frame_ns=1935063044 input_applied_frames=4 completed_frames=5 drawn_frames=4 cadence_readable=1 active_video_hz=50 clock_owner=postpal-checkpoint clock_bound_frame=0 tv_mode_readable=1 tv_mode_word=1 release_slots=2 logical_delta=2 sixty_frame_fixture=0 native_gameplay_math=1 native_leaf_math=1 math_scope_readable=1 main_state=4 scene=15 palette_native_calls=22567 palette_original_calls=0 vertex_normals_native_calls=0 vertex_normals_original_calls=0 matrix_push_native_calls=12992 matrix_push_original_calls=0 matrix_pop_native_calls=14028 matrix_pop_original_calls=0 matrix_staged_groups=0 collision_cross_native_calls=374 collision_length_native_calls=4685 collision_normalize_native_calls=1303 collision_cross_original_calls=0 collision_length_original_calls=0 collision_normalize_original_calls=0 matrix_inverse_native_calls=9460 triangle_contacts_native_calls=0 triangle_contacts_original_calls=0 triangle_contacts_scope_blocked_calls=0 collision_candidates_native_calls=881 collision_candidates_scope_blocked_calls=0 collision_candidates_original_calls=0 motion_sampling_native_calls=0 motion_sampling_original_calls=0 animation_hierarchy_native_calls=186 model_packets=0 model_snapshots=0 model_packet_verified=0 model_packet_vertices=0 model_gpu_draws=0 model_point_uploads=0 model_corner_uploads=0 closed_memory_calls=138268 closed_memory_words=2372554 collision_memory_intervals=0 collision_memory_reads=0 collision_memory_writes=0 model_pipeline_calls=22704 model_pipeline_declined=0 model_pipeline_points=583368 model_pipeline_normals=21189 model_pipeline_draws=21189 model_pipeline_direct_outputs=21301 model_pipeline_root_operations=0 model_pipeline_closed_children=69911 object_distance_calls=80046 object_distance_native=80046 object_distance_fallback=0 object_activation_calls=186 object_lifetime_calls=28953 object_records=74400 object_created=153 object_retired=6 object_declined=0 object_slow_accesses=0 movement_calls=0 movement_declined=0 movement_callbacks=0 movement_reentries=0 contact_family_calls=559 object_contact_calls=187 camera_operation_calls=186 contact_family_internal=446780 contact_family_foreign=4180 contact_family_resumes=0 world_calls=187 world_declined=0 world_internal=17976 world_callbacks=63633 world_resumes=0 world_membership=17943 world_eligibility=17847 render_hierarchy_calls=4818 render_hierarchy_declined=0 render_hierarchy_internal=112966 render_hierarchy_callbacks=542 render_model_calls=22704 render_model_revocations=0 render_hierarchy_resumes=0 rigid_hierarchy_calls=4145 morph_hierarchy_calls=0 land_render_calls=187 actor_operation_calls=0 actor_state_transfers=0 collision_fused_cross=0 collision_fused_length=0 collision_fused_normalize=0 matrix_bulk_pushes=0 matrix_bulk_pops=0 matrix_bulk_saved=0 matrix_bulk_loaded=0 render_context_captures=7576 render_context_commits=7576 render_context_fallbacks=0 render_context_direct_calls=15152 palette_batch_calls=22567 palette_batch_vertices=640742 palette_batch_declined=0 palette_batch_closed_loops=22567 projection_batch_calls=24145 projection_batch_vertices=662651 projection_batch_declined=46 projection_batch_verified=0 sound_metadata_hits=0 sound_metadata_misses=0 sound_metadata_verified=0 deferred_midi_notes=0 animation_hierarchy_original_calls=0 animation_hierarchy_nodes=13578 animation_direct_write_calls=186 pose_blend_native_calls=0 pose_blend_original_calls=0 pose_direct_write_calls=0 matrix_vector_point_native_calls=26759 matrix_vector_point_original_calls=0 matrix_vector_direction_native_calls=29211 matrix_vector_direction_original_calls=0 matrix_vector_store_native_calls=0 matrix_vector_store_original_calls=0 matrix_vector_translation_native_calls=0 matrix_vector_translation_original_calls=0 atan_native_calls=0 inverse_trig_native_calls=17907 inverse_trig_declined=0 inverse_memory_calls=0 inverse_memory_stores=0 atan_original_calls=0 atan_quotient_native_calls=2 atan_quotient_original_calls=0 atan_polynomial_native_calls=0 atan_polynomial_original_calls=0 atan_scale_native_calls=0 atan_scale_original_calls=0 matrix_inverse_original_calls=0 matrix_determinant_native_calls=0 matrix_determinant_original_calls=0 player_state_readable=1 player_x=672.26 player_y=199.992 player_z=12.1573 player_x_bits=1143476394 player_y_bits=1128791532 player_z_bits=1094878301 frame_window_begin=5 frame_window_end=12 game_ticks=187 hud_timer_ticks=21 update_timing=0 update_tasks=0 update_tails=0 update_main_tasks=0 update_alternate_tasks=0 update_waits=0 update_elapsed=0 update_elapsed_extra=0 update_timer_setups=0 periodic_epoch_ns=125942646850477 periodic_callbacks=0 render_completion_experiment=0 guest_render_submitted=0 guest_render_completed=0 guest_render_dispatched=0 guest_render_callback=0 guest_render_counter=0 guest_render_nonzero_callbacks=0 update_unreadable=0 execution_thread_id=72239 execution_cpu_valid=1 execution_cpu_100ns=734767635 process_cpu_valid=1 process_cpu_100ns=4784913668 execution_cycles_valid=0 execution_cycles=0 phase=0 final=0
SONIC_NATIVE_SCENARIO_GAMEPLAY_SAMPLE id=knuckles-sky-deck protocol=3 input_profile=3 monotonic_ns=125946465649612 elapsed_ms=9583 collision_debug_signed=-1 frame=257 presentations=252 relative_frame=5 max_frame_ns=1935063044 input_applied_frames=5 completed_frames=6 drawn_frames=5 cadence_readable=1 active_video_hz=50 clock_owner=postpal-checkpoint clock_bound_frame=0 tv_mode_readable=1 tv_mode_word=1 release_slots=2 logical_delta=2 sixty_frame_fixture=0 native_gameplay_math=1 native_leaf_math=1 math_scope_readable=1 main_state=4 scene=15 palette_native_calls=22983 palette_original_calls=0 vertex_normals_native_calls=0 vertex_normals_original_calls=0 matrix_push_native_calls=13213 matrix_push_original_calls=0 matrix_pop_native_calls=14263 matrix_pop_original_calls=0 matrix_staged_groups=0 collision_cross_native_calls=380 collision_length_native_calls=4760 collision_normalize_native_calls=1324 collision_cross_original_calls=0 collision_length_original_calls=0 collision_normalize_original_calls=0 matrix_inverse_native_calls=9613 triangle_contacts_native_calls=0 triangle_contacts_original_calls=0 triangle_contacts_scope_blocked_calls=0 collision_candidates_native_calls=902 collision_candidates_scope_blocked_calls=0 collision_candidates_original_calls=0 motion_sampling_native_calls=0 motion_sampling_original_calls=0 animation_hierarchy_native_calls=189 model_packets=0 model_snapshots=0 model_packet_verified=0 model_packet_vertices=0 model_gpu_draws=0 model_point_uploads=0 model_corner_uploads=0 closed_memory_calls=140642 closed_memory_words=2414934 collision_memory_intervals=0 collision_memory_reads=0 collision_memory_writes=0 model_pipeline_calls=23119 model_pipeline_declined=0 model_pipeline_points=594123 model_pipeline_normals=21580 model_pipeline_draws=21580 model_pipeline_direct_outputs=21694 model_pipeline_root_operations=0 model_pipeline_closed_children=71202 object_distance_calls=81336 object_distance_native=81336 object_distance_fallback=0 object_activation_calls=189 object_lifetime_calls=29421 object_records=75600 object_created=153 object_retired=6 object_declined=0 object_slow_accesses=0 movement_calls=0 movement_declined=0 movement_callbacks=0 movement_reentries=0 contact_family_calls=568 object_contact_calls=190 camera_operation_calls=189 contact_family_internal=453953 contact_family_foreign=4267 contact_family_resumes=0 world_calls=190 world_declined=0 world_internal=17979 world_callbacks=64527 world_resumes=0 world_membership=18231 world_eligibility=18135 render_hierarchy_calls=4903 render_hierarchy_declined=0 render_hierarchy_internal=115054 render_hierarchy_callbacks=551 render_model_calls=23119 render_model_revocations=0 render_hierarchy_resumes=0 rigid_hierarchy_calls=4218 morph_hierarchy_calls=0 land_render_calls=190 actor_operation_calls=0 actor_state_transfers=0 collision_fused_cross=0 collision_fused_length=0 collision_fused_normalize=0 matrix_bulk_pushes=0 matrix_bulk_pops=0 matrix_bulk_saved=0 matrix_bulk_loaded=0 render_context_captures=7712 render_context_commits=7712 render_context_fallbacks=0 render_context_direct_calls=15424 palette_batch_calls=22983 palette_batch_vertices=652514 palette_batch_declined=0 palette_batch_closed_loops=22983 projection_batch_calls=24591 projection_batch_vertices=674843 projection_batch_declined=46 projection_batch_verified=0 sound_metadata_hits=0 sound_metadata_misses=0 sound_metadata_verified=0 deferred_midi_notes=0 animation_hierarchy_original_calls=0 animation_hierarchy_nodes=13797 animation_direct_write_calls=189 pose_blend_native_calls=0 pose_blend_original_calls=0 pose_direct_write_calls=0 matrix_vector_point_native_calls=27084 matrix_vector_point_original_calls=0 matrix_vector_direction_native_calls=29680 matrix_vector_direction_original_calls=0 matrix_vector_store_native_calls=0 matrix_vector_store_original_calls=0 matrix_vector_translation_native_calls=0 matrix_vector_translation_original_calls=0 atan_native_calls=0 inverse_trig_native_calls=18315 inverse_trig_declined=0 inverse_memory_calls=0 inverse_memory_stores=0 atan_original_calls=0 atan_quotient_native_calls=2 atan_quotient_original_calls=0 atan_polynomial_native_calls=0 atan_polynomial_original_calls=0 atan_scale_native_calls=0 atan_scale_original_calls=0 matrix_inverse_original_calls=0 matrix_determinant_native_calls=0 matrix_determinant_original_calls=0 player_state_readable=1 player_x=671.683 player_y=199.992 player_z=12.2247 player_x_bits=1143466929 player_y_bits=1128791521 player_z_bits=1094948998 frame_window_begin=5 frame_window_end=12 game_ticks=190 hud_timer_ticks=24 update_timing=0 update_tasks=0 update_tails=0 update_main_tasks=0 update_alternate_tasks=0 update_waits=0 update_elapsed=0 update_elapsed_extra=0 update_timer_setups=0 periodic_epoch_ns=125944541134291 periodic_callbacks=0 render_completion_experiment=0 guest_render_submitted=0 guest_render_completed=0 guest_render_dispatched=0 guest_render_callback=0 guest_render_counter=0 guest_render_nonzero_callbacks=0 update_unreadable=0 execution_thread_id=72239 execution_cpu_valid=1 execution_cpu_100ns=742121208 process_cpu_valid=1 process_cpu_100ns=4846153151 execution_cycles_valid=0 execution_cycles=0 phase=0 final=0
SONIC_NATIVE_SCENARIO_GAMEPLAY_SAMPLE id=knuckles-sky-deck protocol=3 input_profile=3 monotonic_ns=125948353767270 elapsed_ms=11471 collision_debug_signed=-1 frame=258 presentations=253 relative_frame=6 max_frame_ns=1935063044 input_applied_frames=6 completed_frames=7 drawn_frames=6 cadence_readable=1 active_video_hz=50 clock_owner=postpal-checkpoint clock_bound_frame=0 tv_mode_readable=1 tv_mode_word=1 release_slots=2 logical_delta=2 sixty_frame_fixture=0 native_gameplay_math=1 native_leaf_math=1 math_scope_readable=1 main_state=4 scene=15 palette_native_calls=23400 palette_original_calls=0 vertex_normals_native_calls=0 vertex_normals_original_calls=0 matrix_push_native_calls=13437 matrix_push_original_calls=0 matrix_pop_native_calls=14501 matrix_pop_original_calls=0 matrix_staged_groups=0 collision_cross_native_calls=386 collision_length_native_calls=4827 collision_normalize_native_calls=1345 collision_cross_original_calls=0 collision_length_original_calls=0 collision_normalize_original_calls=0 matrix_inverse_native_calls=9766 triangle_contacts_native_calls=0 triangle_contacts_original_calls=0 triangle_contacts_scope_blocked_calls=0 collision_candidates_native_calls=923 collision_candidates_scope_blocked_calls=0 collision_candidates_original_calls=0 motion_sampling_native_calls=0 motion_sampling_original_calls=0 animation_hierarchy_native_calls=192 model_packets=0 model_snapshots=0 model_packet_verified=0 model_packet_vertices=0 model_gpu_draws=0 model_point_uploads=0 model_corner_uploads=0 closed_memory_calls=143068 closed_memory_words=2457678 collision_memory_intervals=0 collision_memory_reads=0 collision_memory_writes=0 model_pipeline_calls=23535 model_pipeline_declined=0 model_pipeline_points=604941 model_pipeline_normals=21972 model_pipeline_draws=21972 model_pipeline_direct_outputs=22088 model_pipeline_root_operations=0 model_pipeline_closed_children=72497 object_distance_calls=82626 object_distance_native=82626 object_distance_fallback=0 object_activation_calls=192 object_lifetime_calls=29889 object_records=76800 object_created=153 object_retired=6 object_declined=0 object_slow_accesses=0 movement_calls=0 movement_declined=0 movement_callbacks=0 movement_reentries=0 contact_family_calls=577 object_contact_calls=193 camera_operation_calls=192 contact_family_internal=461128 contact_family_foreign=4354 contact_family_resumes=0 world_calls=193 world_declined=0 world_internal=18121 world_callbacks=65474 world_resumes=0 world_membership=18522 world_eligibility=18425 render_hierarchy_calls=4989 render_hierarchy_declined=0 render_hierarchy_internal=117142 render_hierarchy_callbacks=560 render_model_calls=23535 render_model_revocations=0 render_hierarchy_resumes=0 rigid_hierarchy_calls=4292 morph_hierarchy_calls=0 land_render_calls=193 actor_operation_calls=0 actor_state_transfers=0 collision_fused_cross=0 collision_fused_length=0 collision_fused_normalize=0 matrix_bulk_pushes=0 matrix_bulk_pops=0 matrix_bulk_saved=0 matrix_bulk_loaded=0 render_context_captures=7849 render_context_commits=7849 render_context_fallbacks=0 render_context_direct_calls=15698 palette_batch_calls=23400 palette_batch_vertices=664349 palette_batch_declined=0 palette_batch_closed_loops=23400 projection_batch_calls=25038 projection_batch_vertices=687098 projection_batch_declined=46 projection_batch_verified=0 sound_metadata_hits=0 sound_metadata_misses=0 sound_metadata_verified=0 deferred_midi_notes=0 animation_hierarchy_original_calls=0 animation_hierarchy_nodes=14016 animation_direct_write_calls=192 pose_blend_native_calls=0 pose_blend_original_calls=0 pose_direct_write_calls=0 matrix_vector_point_native_calls=27454 matrix_vector_point_original_calls=0 matrix_vector_direction_native_calls=30149 matrix_vector_direction_original_calls=0 matrix_vector_store_native_calls=0 matrix_vector_store_original_calls=0 matrix_vector_translation_native_calls=0 matrix_vector_translation_original_calls=0 atan_native_calls=0 inverse_trig_native_calls=18723 inverse_trig_declined=0 inverse_memory_calls=0 inverse_memory_stores=0 atan_original_calls=0 atan_quotient_native_calls=2 atan_quotient_original_calls=0 atan_polynomial_native_calls=0 atan_polynomial_original_calls=0 atan_scale_native_calls=0 atan_scale_original_calls=0 matrix_inverse_original_calls=0 matrix_determinant_native_calls=0 matrix_determinant_original_calls=0 player_state_readable=1 player_x=671.105 player_y=199.992 player_z=12.295 player_x_bits=1143457469 player_y_bits=1128791510 player_z_bits=1095022726 frame_window_begin=5 frame_window_end=12 game_ticks=193 hud_timer_ticks=27 update_timing=0 update_tasks=0 update_tails=0 update_main_tasks=0 update_alternate_tasks=0 update_waits=0 update_elapsed=0 update_elapsed_extra=0 update_timer_setups=0 periodic_epoch_ns=125946472081438 periodic_callbacks=0 render_completion_experiment=0 guest_render_submitted=0 guest_render_completed=0 guest_render_dispatched=0 guest_render_callback=0 guest_render_counter=0 guest_render_nonzero_callbacks=0 update_unreadable=0 execution_thread_id=72239 execution_cpu_valid=1 execution_cpu_100ns=749881275 process_cpu_valid=1 process_cpu_100ns=4906653641 execution_cycles_valid=0 execution_cycles=0 phase=0 final=0
SONIC_NATIVE_SCENARIO_GAMEPLAY_SAMPLE id=knuckles-sky-deck protocol=3 input_profile=3 monotonic_ns=125950250049933 elapsed_ms=13368 collision_debug_signed=-1 frame=259 presentations=254 relative_frame=7 max_frame_ns=1935063044 input_applied_frames=7 completed_frames=8 drawn_frames=7 cadence_readable=1 active_video_hz=50 clock_owner=postpal-checkpoint clock_bound_frame=0 tv_mode_readable=1 tv_mode_word=1 release_slots=2 logical_delta=2 sixty_frame_fixture=0 native_gameplay_math=1 native_leaf_math=1 math_scope_readable=1 main_state=4 scene=15 palette_native_calls=23817 palette_original_calls=0 vertex_normals_native_calls=0 vertex_normals_original_calls=0 matrix_push_native_calls=13697 matrix_push_original_calls=0 matrix_pop_native_calls=14780 matrix_pop_original_calls=0 matrix_staged_groups=0 collision_cross_native_calls=394 collision_length_native_calls=4924 collision_normalize_native_calls=1373 collision_cross_original_calls=0 collision_length_original_calls=0 collision_normalize_original_calls=0 matrix_inverse_native_calls=9970 triangle_contacts_native_calls=0 triangle_contacts_original_calls=0 triangle_contacts_scope_blocked_calls=0 collision_candidates_native_calls=951 collision_candidates_scope_blocked_calls=0 collision_candidates_original_calls=0 motion_sampling_native_calls=0 motion_sampling_original_calls=0 animation_hierarchy_native_calls=196 model_packets=0 model_snapshots=0 model_packet_verified=0 model_packet_vertices=0 model_gpu_draws=0 model_point_uploads=0 model_corner_uploads=0 closed_memory_calls=146020 closed_memory_words=2504937 collision_memory_intervals=0 collision_memory_reads=0 collision_memory_writes=0 model_pipeline_calls=23960 model_pipeline_declined=0 model_pipeline_points=615759 model_pipeline_normals=22364 model_pipeline_draws=22364 model_pipeline_direct_outputs=22482 model_pipeline_root_operations=0 model_pipeline_closed_children=73792 object_distance_calls=84346 object_distance_native=84346 object_distance_fallback=0 object_activation_calls=196 object_lifetime_calls=30513 object_records=78400 object_created=153 object_retired=6 object_declined=0 object_slow_accesses=0 movement_calls=0 movement_declined=0 movement_callbacks=0 movement_reentries=0 contact_family_calls=589 object_contact_calls=197 camera_operation_calls=196 contact_family_internal=470696 contact_family_foreign=4470 contact_family_resumes=0 world_calls=197 world_declined=0 world_internal=18125 world_callbacks=66666 world_resumes=0 world_membership=18910 world_eligibility=18813 render_hierarchy_calls=5086 render_hierarchy_declined=0 render_hierarchy_internal=119241 render_hierarchy_callbacks=571 render_model_calls=23960 render_model_revocations=0 render_hierarchy_resumes=0 rigid_hierarchy_calls=4376 morph_hierarchy_calls=0 land_render_calls=197 actor_operation_calls=0 actor_state_transfers=0 collision_fused_cross=0 collision_fused_length=0 collision_fused_normalize=0 matrix_bulk_pushes=0 matrix_bulk_pops=0 matrix_bulk_saved=0 matrix_bulk_loaded=0 render_context_captures=7996 render_context_commits=7996 render_context_fallbacks=0 render_context_direct_calls=15992 palette_batch_calls=23817 palette_batch_vertices=676184 palette_batch_declined=0 palette_batch_closed_loops=23817 projection_batch_calls=25485 projection_batch_vertices=699353 projection_batch_declined=46 projection_batch_verified=0 sound_metadata_hits=0 sound_metadata_misses=0 sound_metadata_verified=0 deferred_midi_notes=0 animation_hierarchy_original_calls=0 animation_hierarchy_nodes=14308 animation_direct_write_calls=196 pose_blend_native_calls=0 pose_blend_original_calls=0 pose_direct_write_calls=0 matrix_vector_point_native_calls=27883 matrix_vector_point_original_calls=0 matrix_vector_direction_native_calls=30772 matrix_vector_direction_original_calls=0 matrix_vector_store_native_calls=0 matrix_vector_store_original_calls=0 matrix_vector_translation_native_calls=0 matrix_vector_translation_original_calls=0 atan_native_calls=0 inverse_trig_native_calls=19267 inverse_trig_declined=0 inverse_memory_calls=0 inverse_memory_stores=0 atan_original_calls=0 atan_quotient_native_calls=2 atan_quotient_original_calls=0 atan_polynomial_native_calls=0 atan_polynomial_original_calls=0 atan_scale_native_calls=0 atan_scale_original_calls=0 matrix_inverse_original_calls=0 matrix_determinant_native_calls=0 matrix_determinant_original_calls=0 player_state_readable=1 player_x=670.336 player_y=199.991 player_z=12.3916 player_x_bits=1143444863 player_y_bits=1128791495 player_z_bits=1095124000 frame_window_begin=5 frame_window_end=12 game_ticks=197 hud_timer_ticks=31 update_timing=0 update_tasks=0 update_tails=0 update_main_tasks=0 update_alternate_tasks=0 update_waits=0 update_elapsed=0 update_elapsed_extra=0 update_timer_setups=0 periodic_epoch_ns=125948360522880 periodic_callbacks=0 render_completion_experiment=0 guest_render_submitted=0 guest_render_completed=0 guest_render_dispatched=0 guest_render_callback=0 guest_render_counter=0 guest_render_nonzero_callbacks=0 update_unreadable=0 execution_thread_id=72239 execution_cpu_valid=1 execution_cpu_100ns=758944656 process_cpu_valid=1 process_cpu_100ns=4968676187 execution_cycles_valid=0 execution_cycles=0 phase=0 final=0
SONIC_NATIVE_SCENARIO_GAMEPLAY_SAMPLE id=knuckles-sky-deck protocol=3 input_profile=3 monotonic_ns=125952140170914 elapsed_ms=15258 collision_debug_signed=-1 frame=260 presentations=255 relative_frame=8 max_frame_ns=1935063044 input_applied_frames=8 completed_frames=9 drawn_frames=8 cadence_readable=1 active_video_hz=50 clock_owner=postpal-checkpoint clock_bound_frame=0 tv_mode_readable=1 tv_mode_word=1 release_slots=2 logical_delta=2 sixty_frame_fixture=0 native_gameplay_math=1 native_leaf_math=1 math_scope_readable=1 main_state=4 scene=15 palette_native_calls=24234 palette_original_calls=0 vertex_normals_native_calls=0 vertex_normals_original_calls=0 matrix_push_native_calls=13919 matrix_push_original_calls=0 matrix_pop_native_calls=15016 matrix_pop_original_calls=0 matrix_staged_groups=0 collision_cross_native_calls=400 collision_length_native_calls=4999 collision_normalize_native_calls=1394 collision_cross_original_calls=0 collision_length_original_calls=0 collision_normalize_original_calls=0 matrix_inverse_native_calls=10123 triangle_contacts_native_calls=0 triangle_contacts_original_calls=0 triangle_contacts_scope_blocked_calls=0 collision_candidates_native_calls=972 collision_candidates_scope_blocked_calls=0 collision_candidates_original_calls=0 motion_sampling_native_calls=0 motion_sampling_original_calls=0 animation_hierarchy_native_calls=199 model_packets=0 model_snapshots=0 model_packet_verified=0 model_packet_vertices=0 model_gpu_draws=0 model_point_uploads=0 model_corner_uploads=0 closed_memory_calls=148397 closed_memory_words=2547484 collision_memory_intervals=0 collision_memory_reads=0 collision_memory_writes=0 model_pipeline_calls=24376 model_pipeline_declined=0 model_pipeline_points=626577 model_pipeline_normals=22756 model_pipeline_draws=22756 model_pipeline_direct_outputs=22876 model_pipeline_root_operations=0 model_pipeline_closed_children=75087 object_distance_calls=85636 object_distance_native=85636 object_distance_fallback=0 object_activation_calls=199 object_lifetime_calls=30981 object_records=79600 object_created=153 object_retired=6 object_declined=0 object_slow_accesses=0 movement_calls=0 movement_declined=0 movement_callbacks=0 movement_reentries=0 contact_family_calls=598 object_contact_calls=200 camera_operation_calls=199 contact_family_internal=477872 contact_family_foreign=4557 contact_family_resumes=0 world_calls=200 world_declined=0 world_internal=18128 world_callbacks=67560 world_resumes=0 world_membership=19201 world_eligibility=19104 render_hierarchy_calls=5172 render_hierarchy_declined=0 render_hierarchy_internal=121329 render_hierarchy_callbacks=580 render_model_calls=24376 render_model_revocations=0 render_hierarchy_resumes=0 rigid_hierarchy_calls=4450 morph_hierarchy_calls=0 land_render_calls=200 actor_operation_calls=0 actor_state_transfers=0 collision_fused_cross=0 collision_fused_length=0 collision_fused_normalize=0 matrix_bulk_pushes=0 matrix_bulk_pops=0 matrix_bulk_saved=0 matrix_bulk_loaded=0 render_context_captures=8133 render_context_commits=8133 render_context_fallbacks=0 render_context_direct_calls=16266 palette_batch_calls=24234 palette_batch_vertices=688019 palette_batch_declined=0 palette_batch_closed_loops=24234 projection_batch_calls=25932 projection_batch_vertices=711608 projection_batch_declined=46 projection_batch_verified=0 sound_metadata_hits=0 sound_metadata_misses=0 sound_metadata_verified=0 deferred_midi_notes=0 animation_hierarchy_original_calls=0 animation_hierarchy_nodes=14527 animation_direct_write_calls=199 pose_blend_native_calls=0 pose_blend_original_calls=0 pose_direct_write_calls=0 matrix_vector_point_native_calls=28208 matrix_vector_point_original_calls=0 matrix_vector_direction_native_calls=31241 matrix_vector_direction_original_calls=0 matrix_vector_store_native_calls=0 matrix_vector_store_original_calls=0 matrix_vector_translation_native_calls=0 matrix_vector_translation_original_calls=0 atan_native_calls=0 inverse_trig_native_calls=19675 inverse_trig_declined=0 inverse_memory_calls=0 inverse_memory_stores=0 atan_original_calls=0 atan_quotient_native_calls=2 atan_quotient_original_calls=0 atan_polynomial_native_calls=0 atan_polynomial_original_calls=0 atan_scale_native_calls=0 atan_scale_original_calls=0 matrix_inverse_original_calls=0 matrix_determinant_native_calls=0 matrix_determinant_original_calls=0 player_state_readable=1 player_x=669.759 player_y=199.991 player_z=12.4654 player_x_bits=1143435410 player_y_bits=1128791484 player_z_bits=1095201344 frame_window_begin=5 frame_window_end=12 game_ticks=200 hud_timer_ticks=34 update_timing=0 update_tasks=0 update_tails=0 update_main_tasks=0 update_alternate_tasks=0 update_waits=0 update_elapsed=0 update_elapsed_extra=0 update_timer_setups=0 periodic_epoch_ns=125950255786978 periodic_callbacks=0 render_completion_experiment=0 guest_render_submitted=0 guest_render_completed=0 guest_render_dispatched=0 guest_render_callback=0 guest_render_counter=0 guest_render_nonzero_callbacks=0 update_unreadable=0 execution_thread_id=72239 execution_cpu_valid=1 execution_cpu_100ns=766433933 process_cpu_valid=1 process_cpu_100ns=5028829439 execution_cycles_valid=0 execution_cycles=0 phase=0 final=0
SONIC_NATIVE_SCENARIO_GAMEPLAY_SAMPLE id=knuckles-sky-deck protocol=3 input_profile=3 monotonic_ns=125954057560174 elapsed_ms=17175 collision_debug_signed=-1 frame=261 presentations=256 relative_frame=9 max_frame_ns=1935063044 input_applied_frames=9 completed_frames=10 drawn_frames=9 cadence_readable=1 active_video_hz=50 clock_owner=postpal-checkpoint clock_bound_frame=0 tv_mode_readable=1 tv_mode_word=1 release_slots=2 logical_delta=2 sixty_frame_fixture=0 native_gameplay_math=1 native_leaf_math=1 math_scope_readable=1 main_state=4 scene=15 palette_native_calls=24650 palette_original_calls=0 vertex_normals_native_calls=0 vertex_normals_original_calls=0 matrix_push_native_calls=14178 matrix_push_original_calls=0 matrix_pop_native_calls=15294 matrix_pop_original_calls=0 matrix_staged_groups=0 collision_cross_native_calls=408 collision_length_native_calls=5093 collision_normalize_native_calls=1422 collision_cross_original_calls=0 collision_length_original_calls=0 collision_normalize_original_calls=0 matrix_inverse_native_calls=10327 triangle_contacts_native_calls=0 triangle_contacts_original_calls=0 triangle_contacts_scope_blocked_calls=0 collision_candidates_native_calls=998 collision_candidates_scope_blocked_calls=0 collision_candidates_original_calls=0 motion_sampling_native_calls=0 motion_sampling_original_calls=0 animation_hierarchy_native_calls=203 model_packets=0 model_snapshots=0 model_packet_verified=0 model_packet_vertices=0 model_gpu_draws=0 model_point_uploads=0 model_corner_uploads=0 closed_memory_calls=151319 closed_memory_words=2594421 collision_memory_intervals=0 collision_memory_reads=0 collision_memory_writes=0 model_pipeline_calls=24800 model_pipeline_declined=0 model_pipeline_points=637332 model_pipeline_normals=23147 model_pipeline_draws=23147 model_pipeline_direct_outputs=23269 model_pipeline_root_operations=0 model_pipeline_closed_children=76378 object_distance_calls=87356 object_distance_native=87356 object_distance_fallback=0 object_activation_calls=203 object_lifetime_calls=31605 object_records=81200 object_created=153 object_retired=6 object_declined=0 object_slow_accesses=0 movement_calls=0 movement_declined=0 movement_callbacks=0 movement_reentries=0 contact_family_calls=610 object_contact_calls=204 camera_operation_calls=203 contact_family_internal=487440 contact_family_foreign=4673 contact_family_resumes=0 world_calls=204 world_declined=0 world_internal=18132 world_callbacks=68752 world_resumes=0 world_membership=19589 world_eligibility=19492 render_hierarchy_calls=5268 render_hierarchy_declined=0 render_hierarchy_internal=123428 render_hierarchy_callbacks=591 render_model_calls=24800 render_model_revocations=0 render_hierarchy_resumes=0 rigid_hierarchy_calls=4533 morph_hierarchy_calls=0 land_render_calls=204 actor_operation_calls=0 actor_state_transfers=0 collision_fused_cross=0 collision_fused_length=0 collision_fused_normalize=0 matrix_bulk_pushes=0 matrix_bulk_pops=0 matrix_bulk_saved=0 matrix_bulk_loaded=0 render_context_captures=8279 render_context_commits=8279 render_context_fallbacks=0 render_context_direct_calls=16558 palette_batch_calls=24650 palette_batch_vertices=699791 palette_batch_declined=0 palette_batch_closed_loops=24650 projection_batch_calls=26378 projection_batch_vertices=723800 projection_batch_declined=46 projection_batch_verified=0 sound_metadata_hits=0 sound_metadata_misses=0 sound_metadata_verified=0 deferred_midi_notes=0 animation_hierarchy_original_calls=0 animation_hierarchy_nodes=14819 animation_direct_write_calls=203 pose_blend_native_calls=0 pose_blend_original_calls=0 pose_direct_write_calls=0 matrix_vector_point_native_calls=28637 matrix_vector_point_original_calls=0 matrix_vector_direction_native_calls=31864 matrix_vector_direction_original_calls=0 matrix_vector_store_native_calls=0 matrix_vector_store_original_calls=0 matrix_vector_translation_native_calls=0 matrix_vector_translation_original_calls=0 atan_native_calls=0 inverse_trig_native_calls=20205 inverse_trig_declined=0 inverse_memory_calls=0 inverse_memory_stores=0 atan_original_calls=0 atan_quotient_native_calls=2 atan_quotient_original_calls=0 atan_polynomial_native_calls=0 atan_polynomial_original_calls=0 atan_scale_native_calls=0 atan_scale_original_calls=0 matrix_inverse_original_calls=0 matrix_determinant_native_calls=0 matrix_determinant_original_calls=0 player_state_readable=1 player_x=668.99 player_y=199.991 player_z=12.5647 player_x_bits=1143422810 player_y_bits=1128791470 player_z_bits=1095305512 frame_window_begin=5 frame_window_end=12 game_ticks=204 hud_timer_ticks=38 update_timing=0 update_tasks=0 update_tails=0 update_main_tasks=0 update_alternate_tasks=0 update_waits=0 update_elapsed=0 update_elapsed_extra=0 update_timer_setups=0 periodic_epoch_ns=125952145204517 periodic_callbacks=0 render_completion_experiment=0 guest_render_submitted=0 guest_render_completed=0 guest_render_dispatched=0 guest_render_callback=0 guest_render_counter=0 guest_render_nonzero_callbacks=0 update_unreadable=0 execution_thread_id=72239 execution_cpu_valid=1 execution_cpu_100ns=775345963 process_cpu_valid=1 process_cpu_100ns=5091386388 execution_cycles_valid=0 execution_cycles=0 phase=0 final=0
SONIC_NATIVE_SCENARIO_GAMEPLAY_SAMPLE id=knuckles-sky-deck protocol=3 input_profile=3 monotonic_ns=125955934415211 elapsed_ms=19052 collision_debug_signed=-1 frame=262 presentations=257 relative_frame=10 max_frame_ns=1935063044 input_applied_frames=10 completed_frames=11 drawn_frames=10 cadence_readable=1 active_video_hz=50 clock_owner=postpal-checkpoint clock_bound_frame=0 tv_mode_readable=1 tv_mode_word=1 release_slots=2 logical_delta=2 sixty_frame_fixture=0 native_gameplay_math=1 native_leaf_math=1 math_scope_readable=1 main_state=4 scene=15 palette_native_calls=25068 palette_original_calls=0 vertex_normals_native_calls=0 vertex_normals_original_calls=0 matrix_push_native_calls=14401 matrix_push_original_calls=0 matrix_pop_native_calls=15531 matrix_pop_original_calls=0 matrix_staged_groups=0 collision_cross_native_calls=414 collision_length_native_calls=5165 collision_normalize_native_calls=1443 collision_cross_original_calls=0 collision_length_original_calls=0 collision_normalize_original_calls=0 matrix_inverse_native_calls=10480 triangle_contacts_native_calls=0 triangle_contacts_original_calls=0 triangle_contacts_scope_blocked_calls=0 collision_candidates_native_calls=1018 collision_candidates_scope_blocked_calls=0 collision_candidates_original_calls=0 motion_sampling_native_calls=0 motion_sampling_original_calls=0 animation_hierarchy_native_calls=206 model_packets=0 model_snapshots=0 model_packet_verified=0 model_packet_vertices=0 model_gpu_draws=0 model_point_uploads=0 model_corner_uploads=0 closed_memory_calls=153678 closed_memory_words=2637014 collision_memory_intervals=0 collision_memory_reads=0 collision_memory_writes=0 model_pipeline_calls=25217 model_pipeline_declined=0 model_pipeline_points=648213 model_pipeline_normals=23540 model_pipeline_draws=23540 model_pipeline_direct_outputs=23664 model_pipeline_root_operations=0 model_pipeline_closed_children=77677 object_distance_calls=88646 object_distance_native=88646 object_distance_fallback=0 object_activation_calls=206 object_lifetime_calls=32073 object_records=82400 object_created=153 object_retired=6 object_declined=0 object_slow_accesses=0 movement_calls=0 movement_declined=0 movement_callbacks=0 movement_reentries=0 contact_family_calls=619 object_contact_calls=207 camera_operation_calls=206 contact_family_internal=494616 contact_family_foreign=4760 contact_family_resumes=0 world_calls=207 world_declined=0 world_internal=18135 world_callbacks=69646 world_resumes=0 world_membership=19880 world_eligibility=19783 render_hierarchy_calls=5355 render_hierarchy_declined=0 render_hierarchy_internal=125516 render_hierarchy_callbacks=600 render_model_calls=25217 render_model_revocations=0 render_hierarchy_resumes=0 rigid_hierarchy_calls=4608 morph_hierarchy_calls=0 land_render_calls=207 actor_operation_calls=0 actor_state_transfers=0 collision_fused_cross=0 collision_fused_length=0 collision_fused_normalize=0 matrix_bulk_pushes=0 matrix_bulk_pops=0 matrix_bulk_saved=0 matrix_bulk_loaded=0 render_context_captures=8417 render_context_commits=8417 render_context_fallbacks=0 render_context_direct_calls=16834 palette_batch_calls=25068 palette_batch_vertices=711689 palette_batch_declined=0 palette_batch_closed_loops=25068 projection_batch_calls=26826 projection_batch_vertices=736118 projection_batch_declined=46 projection_batch_verified=0 sound_metadata_hits=0 sound_metadata_misses=0 sound_metadata_verified=0 deferred_midi_notes=0 animation_hierarchy_original_calls=0 animation_hierarchy_nodes=15038 animation_direct_write_calls=206 pose_blend_native_calls=0 pose_blend_original_calls=0 pose_direct_write_calls=0 matrix_vector_point_native_calls=28962 matrix_vector_point_original_calls=0 matrix_vector_direction_native_calls=32333 matrix_vector_direction_original_calls=0 matrix_vector_store_native_calls=0 matrix_vector_store_original_calls=0 matrix_vector_translation_native_calls=0 matrix_vector_translation_original_calls=0 atan_native_calls=0 inverse_trig_native_calls=20603 inverse_trig_declined=0 inverse_memory_calls=0 inverse_memory_stores=0 atan_original_calls=0 atan_quotient_native_calls=2 atan_quotient_original_calls=0 atan_polynomial_native_calls=0 atan_polynomial_original_calls=0 atan_scale_native_calls=0 atan_scale_original_calls=0 matrix_inverse_original_calls=0 matrix_determinant_native_calls=0 matrix_determinant_original_calls=0 player_state_readable=1 player_x=668.413 player_y=199.991 player_z=12.6397 player_x_bits=1143413360 player_y_bits=1128791459 player_z_bits=1095384068 frame_window_begin=5 frame_window_end=12 game_ticks=207 hud_timer_ticks=41 update_timing=0 update_tasks=0 update_tails=0 update_main_tasks=0 update_alternate_tasks=0 update_waits=0 update_elapsed=0 update_elapsed_extra=0 update_timer_setups=0 periodic_epoch_ns=125954066458516 periodic_callbacks=0 render_completion_experiment=0 guest_render_submitted=0 guest_render_completed=0 guest_render_dispatched=0 guest_render_callback=0 guest_render_counter=0 guest_render_nonzero_callbacks=0 update_unreadable=0 execution_thread_id=72239 execution_cpu_valid=1 execution_cpu_100ns=782802816 process_cpu_valid=1 process_cpu_100ns=5151212793 execution_cycles_valid=0 execution_cycles=0 phase=0 final=0
SONIC_NATIVE_SCENARIO_GAMEPLAY_SAMPLE id=knuckles-sky-deck protocol=3 input_profile=3 monotonic_ns=125957815511569 elapsed_ms=20933 collision_debug_signed=-1 frame=263 presentations=258 relative_frame=11 max_frame_ns=1935063044 input_applied_frames=11 completed_frames=12 drawn_frames=11 cadence_readable=1 active_video_hz=50 clock_owner=postpal-checkpoint clock_bound_frame=0 tv_mode_readable=1 tv_mode_word=1 release_slots=2 logical_delta=2 sixty_frame_fixture=0 native_gameplay_math=1 native_leaf_math=1 math_scope_readable=1 main_state=4 scene=15 palette_native_calls=25485 palette_original_calls=0 vertex_normals_native_calls=0 vertex_normals_original_calls=0 matrix_push_native_calls=14623 matrix_push_original_calls=0 matrix_pop_native_calls=15767 matrix_pop_original_calls=0 matrix_staged_groups=0 collision_cross_native_calls=420 collision_length_native_calls=5237 collision_normalize_native_calls=1464 collision_cross_original_calls=0 collision_length_original_calls=0 collision_normalize_original_calls=0 matrix_inverse_native_calls=10633 triangle_contacts_native_calls=0 triangle_contacts_original_calls=0 triangle_contacts_scope_blocked_calls=0 collision_candidates_native_calls=1039 collision_candidates_scope_blocked_calls=0 collision_candidates_original_calls=0 motion_sampling_native_calls=0 motion_sampling_original_calls=0 animation_hierarchy_native_calls=209 model_packets=0 model_snapshots=0 model_packet_verified=0 model_packet_vertices=0 model_gpu_draws=0 model_point_uploads=0 model_corner_uploads=0 closed_memory_calls=156040 closed_memory_words=2679474 collision_memory_intervals=0 collision_memory_reads=0 collision_memory_writes=0 model_pipeline_calls=25633 model_pipeline_declined=0 model_pipeline_points=659031 model_pipeline_normals=23932 model_pipeline_draws=23932 model_pipeline_direct_outputs=24058 model_pipeline_root_operations=0 model_pipeline_closed_children=78972 object_distance_calls=89936 object_distance_native=89936 object_distance_fallback=0 object_activation_calls=209 object_lifetime_calls=32541 object_records=83600 object_created=153 object_retired=6 object_declined=0 object_slow_accesses=0 movement_calls=0 movement_declined=0 movement_callbacks=0 movement_reentries=0 contact_family_calls=628 object_contact_calls=210 camera_operation_calls=209 contact_family_internal=501792 contact_family_foreign=4847 contact_family_resumes=0 world_calls=210 world_declined=0 world_internal=18138 world_callbacks=70540 world_resumes=0 world_membership=20171 world_eligibility=20074 render_hierarchy_calls=5441 render_hierarchy_declined=0 render_hierarchy_internal=127604 render_hierarchy_callbacks=609 render_model_calls=25633 render_model_revocations=0 render_hierarchy_resumes=0 rigid_hierarchy_calls=4682 morph_hierarchy_calls=0 land_render_calls=210 actor_operation_calls=0 actor_state_transfers=0 collision_fused_cross=0 collision_fused_length=0 collision_fused_normalize=0 matrix_bulk_pushes=0 matrix_bulk_pops=0 matrix_bulk_saved=0 matrix_bulk_loaded=0 render_context_captures=8554 render_context_commits=8554 render_context_fallbacks=0 render_context_direct_calls=17108 palette_batch_calls=25485 palette_batch_vertices=723524 palette_batch_declined=0 palette_batch_closed_loops=25485 projection_batch_calls=27273 projection_batch_vertices=748373 projection_batch_declined=46 projection_batch_verified=0 sound_metadata_hits=0 sound_metadata_misses=0 sound_metadata_verified=0 deferred_midi_notes=0 animation_hierarchy_original_calls=0 animation_hierarchy_nodes=15257 animation_direct_write_calls=209 pose_blend_native_calls=0 pose_blend_original_calls=0 pose_direct_write_calls=0 matrix_vector_point_native_calls=29287 matrix_vector_point_original_calls=0 matrix_vector_direction_native_calls=32802 matrix_vector_direction_original_calls=0 matrix_vector_store_native_calls=0 matrix_vector_store_original_calls=0 matrix_vector_translation_native_calls=0 matrix_vector_translation_original_calls=0 atan_native_calls=0 inverse_trig_native_calls=21005 inverse_trig_declined=0 inverse_memory_calls=0 inverse_memory_stores=0 atan_original_calls=0 atan_quotient_native_calls=2 atan_quotient_original_calls=0 atan_polynomial_native_calls=0 atan_polynomial_original_calls=0 atan_scale_native_calls=0 atan_scale_original_calls=0 matrix_inverse_original_calls=0 matrix_determinant_native_calls=0 matrix_determinant_original_calls=0 player_state_readable=1 player_x=667.836 player_y=199.991 player_z=12.7148 player_x_bits=1143403910 player_y_bits=1128791448 player_z_bits=1095462814 frame_window_begin=5 frame_window_end=12 game_ticks=210 hud_timer_ticks=44 update_timing=0 update_tasks=0 update_tails=0 update_main_tasks=0 update_alternate_tasks=0 update_waits=0 update_elapsed=0 update_elapsed_extra=0 update_timer_setups=0 periodic_epoch_ns=125955939400205 periodic_callbacks=0 render_completion_experiment=0 guest_render_submitted=0 guest_render_completed=0 guest_render_dispatched=0 guest_render_callback=0 guest_render_counter=0 guest_render_nonzero_callbacks=0 update_unreadable=0 execution_thread_id=72239 execution_cpu_valid=1 execution_cpu_100ns=790045043 process_cpu_valid=1 process_cpu_100ns=5210823147 execution_cycles_valid=0 execution_cycles=0 phase=0 final=0
SONIC_NATIVE_SCENARIO_GAMEPLAY_SAMPLE id=knuckles-sky-deck protocol=3 input_profile=3 monotonic_ns=125959677997728 elapsed_ms=22796 collision_debug_signed=-1 frame=264 presentations=259 relative_frame=12 max_frame_ns=1935063044 input_applied_frames=12 completed_frames=13 drawn_frames=12 cadence_readable=1 active_video_hz=50 clock_owner=postpal-checkpoint clock_bound_frame=0 tv_mode_readable=1 tv_mode_word=1 release_slots=2 logical_delta=2 sixty_frame_fixture=0 native_gameplay_math=1 native_leaf_math=1 math_scope_readable=1 main_state=4 scene=15 palette_native_calls=25902 palette_original_calls=0 vertex_normals_native_calls=0 vertex_normals_original_calls=0 matrix_push_native_calls=14883 matrix_push_original_calls=0 matrix_pop_native_calls=16046 matrix_pop_original_calls=0 matrix_staged_groups=0 collision_cross_native_calls=428 collision_length_native_calls=5331 collision_normalize_native_calls=1492 collision_cross_original_calls=0 collision_length_original_calls=0 collision_normalize_original_calls=0 matrix_inverse_native_calls=10837 triangle_contacts_native_calls=0 triangle_contacts_original_calls=0 triangle_contacts_scope_blocked_calls=0 collision_candidates_native_calls=1067 collision_candidates_scope_blocked_calls=0 collision_candidates_original_calls=0 motion_sampling_native_calls=0 motion_sampling_original_calls=0 animation_hierarchy_native_calls=213 model_packets=0 model_snapshots=0 model_packet_verified=0 model_packet_vertices=0 model_gpu_draws=0 model_point_uploads=0 model_corner_uploads=0 closed_memory_calls=158972 closed_memory_words=2726617 collision_memory_intervals=0 collision_memory_reads=0 collision_memory_writes=0 model_pipeline_calls=26058 model_pipeline_declined=0 model_pipeline_points=669849 model_pipeline_normals=24324 model_pipeline_draws=24324 model_pipeline_direct_outputs=24452 model_pipeline_root_operations=0 model_pipeline_closed_children=80267 object_distance_calls=91661 object_distance_native=91661 object_distance_fallback=0 object_activation_calls=213 object_lifetime_calls=33168 object_records=85200 object_created=154 object_retired=6 object_declined=0 object_slow_accesses=0 movement_calls=0 movement_declined=0 movement_callbacks=0 movement_reentries=0 contact_family_calls=640 object_contact_calls=214 camera_operation_calls=213 contact_family_internal=511363 contact_family_foreign=4963 contact_family_resumes=0 world_calls=214 world_declined=0 world_internal=18142 world_callbacks=71732 world_resumes=0 world_membership=20559 world_eligibility=20462 render_hierarchy_calls=5538 render_hierarchy_declined=0 render_hierarchy_internal=129703 render_hierarchy_callbacks=620 render_model_calls=26058 render_model_revocations=0 render_hierarchy_resumes=0 rigid_hierarchy_calls=4766 morph_hierarchy_calls=0 land_render_calls=214 actor_operation_calls=0 actor_state_transfers=0 collision_fused_cross=0 collision_fused_length=0 collision_fused_normalize=0 matrix_bulk_pushes=0 matrix_bulk_pops=0 matrix_bulk_saved=0 matrix_bulk_loaded=0 render_context_captures=8701 render_context_commits=8701 render_context_fallbacks=0 render_context_direct_calls=17402 palette_batch_calls=25902 palette_batch_vertices=735359 palette_batch_declined=0 palette_batch_closed_loops=25902 projection_batch_calls=27720 projection_batch_vertices=760628 projection_batch_declined=46 projection_batch_verified=0 sound_metadata_hits=0 sound_metadata_misses=0 sound_metadata_verified=0 deferred_midi_notes=0 animation_hierarchy_original_calls=0 animation_hierarchy_nodes=15549 animation_direct_write_calls=213 pose_blend_native_calls=0 pose_blend_original_calls=0 pose_direct_write_calls=0 matrix_vector_point_native_calls=29716 matrix_vector_point_original_calls=0 matrix_vector_direction_native_calls=33425 matrix_vector_direction_original_calls=0 matrix_vector_store_native_calls=0 matrix_vector_store_original_calls=0 matrix_vector_translation_native_calls=0 matrix_vector_translation_original_calls=0 atan_native_calls=0 inverse_trig_native_calls=21541 inverse_trig_declined=0 inverse_memory_calls=0 inverse_memory_stores=0 atan_original_calls=0 atan_quotient_native_calls=2 atan_quotient_original_calls=0 atan_polynomial_native_calls=0 atan_polynomial_original_calls=0 atan_scale_native_calls=0 atan_scale_original_calls=0 matrix_inverse_original_calls=0 matrix_determinant_native_calls=0 matrix_determinant_original_calls=0 player_state_readable=1 player_x=667.067 player_y=199.99 player_z=12.815 player_x_bits=1143391310 player_y_bits=1128791434 player_z_bits=1095567886 frame_window_begin=5 frame_window_end=12 game_ticks=214 hud_timer_ticks=48 update_timing=0 update_tasks=0 update_tails=0 update_main_tasks=0 update_alternate_tasks=0 update_waits=0 update_elapsed=0 update_elapsed_extra=0 update_timer_setups=0 periodic_epoch_ns=125957819449780 periodic_callbacks=0 render_completion_experiment=0 guest_render_submitted=0 guest_render_completed=0 guest_render_dispatched=0 guest_render_callback=0 guest_render_counter=0 guest_render_nonzero_callbacks=0 update_unreadable=0 execution_thread_id=72239 execution_cpu_valid=1 execution_cpu_100ns=798950064 process_cpu_valid=1 process_cpu_100ns=5271386035 execution_cycles_valid=0 execution_cycles=0 phase=0 final=1
SONIC_NATIVE_SCENARIO_GAMEPLAY_COMPLETE id=knuckles-sky-deck protocol=3 input_profile=3 monotonic_ns=125959677997728 elapsed_ms=22796 frame=264 presentations=259 relative_frame=12 input_applied_frames=12 completed_frames=13 drawn_frames=12 max_frame_ns=1935063044 p95_frame_ns=1935063044 p99_frame_ns=1935063044 frame_samples=12 frame_samples_truncated=0
SONIC_NATIVE_SCENARIO_DEADLINE_ARMED frame=264 presentations=259
KATANA_NATIVE_FRAME_PACING_SNAPSHOT {"schema":1,"simulation_frames":264,"presentation_frames":260,"repeated_presentations":0,"late_simulation_frames":0,"missed_presentation_deadlines":9833,"simulation_rate_hz":30,"presentation_rate_hz":60,"enabled":true}
KATANA_NATIVE_PRODUCT_GATE status=not-reached milestone=FirstVisibleGameFrame stop_reason=2 bootstrap_phase=2
KATANA_RUNTIME_STOP_FRONTIER {"version":2,"stop_reason":2,"pc":2349152670,"pr":2349152670,"active_instruction":2349161410,"active_instruction_physical":201677762,"active_block":0,"active_block_physical":0,"active_block_size":0,"gpr":[153076364,2356798248,0,2349143952,0,2356800708,2356800704,4,2356545712,2349898930,2350259184,2348878714,2348878680,2349252608,2350509724,2348872648],"gbr":2358246912,"vbr":2348872704,"sr":1610612992,"mach":0,"macl":1924,"fpul":79,"fpscr":262245,"retired_guest_instructions":77896820,"attempted_guest_instructions":77896820}
