SONIC_CPU_PATH_DEFAULTS version=20260916 ram_regions=1 prepared_transfers=1
SONIC_INTERNAL_DIAGNOSTICS version=1 enabled=0
KATANA_NATIVE_PORT_BRINGUP unresolved_hardware_sites=96 probes=1
KATANA_NATIVE_BUILD_PROFILE name=performance pgo_mode=off pgo_profile_sha256=none aot_all_o2=1
SONIC_PRESENTATION mode=hor-plus output=800x500 renderer=vulkan camera=original render_percent=50 x_scale=0.833333 gameplay_timing=original
SONIC_STARTUP phase=Loading game code...
SONIC_STARTUP_PREFETCH backend=linux advised_bytes=936833024 mode=asynchronous
SONIC_STARTUP phase=Loading game data...
SONIC_STARTUP phase=Connecting controllers...
SONIC_STARTUP phase=Preparing graphics...
SONIC_VULKAN_DEVICE name=llvmpipe (LLVM 20.1.2, 256 bits) api=1.4 type2_nodes=5592405
SONIC_SHADER_CACHE backend=vulkan driver_hit=0 bytes=0
SONIC_VULKAN_WARMUP pipelines=0
SONIC_STARTUP phase=Starting game...
KATANA_NATIVE_FRAME_PACING simulation_fps=30 presentation_fps=60 catch_up=disabled
KATANA_NATIVE_PORT_BUILD_IDENTITY_V1:sha256:05a1c67fc1d6e5aee33963d0c1456242e84507378b637b71a9b3dd885ddc8e47
SONIC_NATIVE_PERIODIC_ADOPT reload=12500000 observed=12251537
SONIC_NATIVE_TEXTURE_SET acquired domain=main index=0 rows=7 archives=7 publication=guest-registry
SONIC_NATIVE_FRAME_BOUNDARY owner=frame-begin index=0 action=present open=1 draws=0 clear=0,0,0,1
SONIC_NATIVE_INPUT slot=0 connected=0 buttons=0x0 pressed=0x0 released=0x0
SONIC_NATIVE_INPUT slot=1 connected=0 buttons=0x0 pressed=0x0 released=0x0
SONIC_NATIVE_INPUT slot=2 connected=0 buttons=0x0 pressed=0x0 released=0x0
SONIC_NATIVE_INPUT slot=3 connected=0 buttons=0x0 pressed=0x0 released=0x0
SONIC_NATIVE_PRETRANSFORMED_PROBE r4=0x8c00f358 pr=0x8c09b4ea sp=0x8c00f350 fullscreen=1 r5=0x4 r6=0x60 fr4=0xbc23d70a streams=0x8c00f368,0x8c00f388,0x0 v0=[0x0,0x0,0xef000000] v1=[0x0,0x43f00000,0xef000000] v2=[0x44200000,0x43f00000,0xef000000] v3=[0x44200000,0x0,0xef000000]
SONIC_NATIVE_DRAW_PACKET frame=1 ordinal=0 vertices=4 topology=4 cull=0 shading=0 blend=1:6:7 depth=1:1:6 list=2 material=1:1:1:0
SONIC_NATIVE_DRAW_VERTEX ordinal=0 index=0 position=0,0,1 color=0,0,0,0.937255
SONIC_NATIVE_DRAW_VERTEX ordinal=0 index=1 position=640,0,1 color=0,0,0,0.937255
SONIC_NATIVE_DRAW_VERTEX ordinal=0 index=2 position=0,480,1 color=0,0,0,0.937255
SONIC_NATIVE_DRAW_VERTEX ordinal=0 index=3 position=640,480,1 color=0,0,0,0.937255
SONIC_NATIVE_DRAW_PACKET frame=1 ordinal=1 vertices=4 topology=4 cull=0 shading=1 blend=0:1:0 depth=1:1:6 list=0 material=1:0:0:0
SONIC_NATIVE_DRAW_VERTEX ordinal=1 index=0 position=-64,0,0.1 color=1,1,1,1
SONIC_NATIVE_DRAW_VERTEX ordinal=1 index=1 position=-64,256,0.1 color=1,1,1,1
SONIC_NATIVE_DRAW_VERTEX ordinal=1 index=2 position=192,0,0.1 color=1,1,1,1
SONIC_NATIVE_DRAW_VERTEX ordinal=1 index=3 position=192,256,0.1 color=1,1,1,1
SONIC_NATIVE_DRAW_PACKET frame=1 ordinal=2 vertices=4 topology=4 cull=0 shading=1 blend=0:1:0 depth=1:1:6 list=0 material=1:0:0:0
SONIC_NATIVE_DRAW_VERTEX ordinal=2 index=0 position=192,0,0.1 color=1,1,1,1
SONIC_NATIVE_DRAW_VERTEX ordinal=2 index=1 position=192,256,0.1 color=1,1,1,1
SONIC_NATIVE_DRAW_VERTEX ordinal=2 index=2 position=448,0,0.1 color=1,1,1,1
SONIC_NATIVE_DRAW_VERTEX ordinal=2 index=3 position=448,256,0.1 color=1,1,1,1
SONIC_NATIVE_DRAW_PACKET frame=1 ordinal=3 vertices=4 topology=4 cull=0 shading=1 blend=0:1:0 depth=1:1:6 list=0 material=1:0:0:0
SONIC_NATIVE_DRAW_VERTEX ordinal=3 index=0 position=448,0,0.1 color=1,1,1,1
SONIC_NATIVE_DRAW_VERTEX ordinal=3 index=1 position=448,256,0.1 color=1,1,1,1
SONIC_NATIVE_DRAW_VERTEX ordinal=3 index=2 position=704,0,0.1 color=1,1,1,1
SONIC_NATIVE_DRAW_VERTEX ordinal=3 index=3 position=704,256,0.1 color=1,1,1,1
SONIC_NATIVE_DRAW_PACKET frame=1 ordinal=4 vertices=4 topology=4 cull=0 shading=1 blend=0:1:0 depth=1:1:6 list=0 material=1:0:0:0
SONIC_NATIVE_DRAW_VERTEX ordinal=4 index=0 position=-64,256,0.1 color=1,1,1,1
SONIC_NATIVE_DRAW_VERTEX ordinal=4 index=1 position=-64,512,0.1 color=1,1,1,1
SONIC_NATIVE_DRAW_VERTEX ordinal=4 index=2 position=192,256,0.1 color=1,1,1,1
SONIC_NATIVE_DRAW_VERTEX ordinal=4 index=3 position=192,512,0.1 color=1,1,1,1
SONIC_NATIVE_DRAW_PACKET frame=1 ordinal=5 vertices=4 topology=4 cull=0 shading=1 blend=0:1:0 depth=1:1:6 list=0 material=1:0:0:0
SONIC_NATIVE_DRAW_VERTEX ordinal=5 index=0 position=192,256,0.1 color=1,1,1,1
SONIC_NATIVE_DRAW_VERTEX ordinal=5 index=1 position=192,512,0.1 color=1,1,1,1
SONIC_NATIVE_DRAW_VERTEX ordinal=5 index=2 position=448,256,0.1 color=1,1,1,1
SONIC_NATIVE_DRAW_VERTEX ordinal=5 index=3 position=448,512,0.1 color=1,1,1,1
SONIC_NATIVE_DRAW_PACKET frame=1 ordinal=6 vertices=4 topology=4 cull=0 shading=1 blend=0:1:0 depth=1:1:6 list=0 material=1:0:0:0
SONIC_NATIVE_DRAW_VERTEX ordinal=6 index=0 position=448,256,0.1 color=1,1,1,1
SONIC_NATIVE_DRAW_VERTEX ordinal=6 index=1 position=448,512,0.1 color=1,1,1,1
SONIC_NATIVE_DRAW_VERTEX ordinal=6 index=2 position=704,256,0.1 color=1,1,1,1
SONIC_NATIVE_DRAW_VERTEX ordinal=6 index=3 position=704,512,0.1 color=1,1,1,1
SONIC_NATIVE_FRAME_BOUNDARY owner=frame-begin index=1 action=present open=1 draws=7 clear=0,0,0,1
SONIC_VULKAN_PRESENT mode=immediate vsync_setting=2 visible=0
SONIC_VULKAN_PIPELINE kind=3 warmup=0 elapsed_ms=10.376
SONIC_STARTUP ready=1 elapsed_ms=12522.054
SONIC_NATIVE_FRAME_BOUNDARY owner=frame-begin index=2 action=present open=1 draws=7 clear=0,0,0,1
SONIC_VULKAN_PIPELINE kind=0 warmup=0 elapsed_ms=71.675
SONIC_VULKAN_PIPELINE kind=1 warmup=0 elapsed_ms=79.584
SONIC_VULKAN_PIPELINE kind=2 warmup=0 elapsed_ms=58.336
SONIC_NATIVE_FRAME_BOUNDARY owner=frame-begin index=3 action=present open=1 draws=7 clear=0,0,0,1
SONIC_NATIVE_FRAME_BOUNDARY owner=frame-begin index=4 action=present open=1 draws=7 clear=0,0,0,1
SONIC_NATIVE_FRAME_BOUNDARY owner=frame-begin index=5 action=present open=1 draws=7 clear=0,0,0,1
SONIC_NATIVE_FRAME_BOUNDARY owner=frame-begin index=6 action=present open=1 draws=7 clear=0,0,0,1
SONIC_NATIVE_FRAME_BOUNDARY owner=frame-begin index=7 action=present open=1 draws=7 clear=0,0,0,1
SONIC_NATIVE_FRAME_BOUNDARY owner=frame-begin index=8 action=present open=1 draws=7 clear=0,0,0,1
SONIC_NATIVE_FRAME_BOUNDARY owner=frame-begin index=9 action=present open=1 draws=7 clear=0,0,0,1
SONIC_NATIVE_MOVIE_SEQUENCE diagnostic-menu-edge=1
SONIC_NATIVE_MOVIE_SEQUENCE skip id=0 clip=0 input=menu
SONIC_NATIVE_MOVIE_SEQUENCE completed id=0 clips=0 skipped=1 completion_status=1 decoded_video=0 presented_video=0 audio_frames=0 visibly_non_black=0
SONIC_NATIVE_CONTENT request=advertise.prs normalized=ADVERTISE.PRS destination=0xcd00000
SONIC_NATIVE_PRS_SOURCE staged=SONICAD/ADVERTISE.PRS decoded=sha256:6e8a5806f1f32e6c17c70c30c953600f16fcdb4959b8cd91094c4b32062793d5 encoded_start=0xcd00000 encoded_bytes=0x2b000 sequence=1
SONIC_NATIVE_CONTENT loaded=SONICAD/ADVERTISE.PRS destination=0xcd00000 bytes=0x2ae96 sector_bytes=0x2b000
SONIC_NATIVE_PRS retired_runtime_images=1 retired_loaded_aot=0 destination=0xc900000
SONIC_NATIVE_PRS_MODULE identity=sha256:6e8a5806f1f32e6c17c70c30c953600f16fcdb4959b8cd91094c4b32062793d5 source=0x8088b000 runtime=0xc900000 bytes=0xe4648 generation=3 transition_epoch=1
SONIC_NATIVE_SOUND_BANK_MAP collection=0:1 available=13 retained=0 replaced=0 retired_one_shot=0 retired_sequence=0 stale_handles=0
SONIC_NATIVE_SOUND_COLLECTION loaded=SONICAD/MOBILE1.MLT bytes=1222016 active=1
SONIC_NATIVE_SOUND_BANK_MAP collection=1:1 available=13 retained=0 replaced=13 retired_one_shot=0 retired_sequence=0 stale_handles=0
SONIC_NATIVE_SOUND_COLLECTION loaded=SONICAD/EGGCARRIER.MLT bytes=1311520 active=2
SONIC_NATIVE_SOUND_BANK_MAP collection=2:1 available=5 retained=10 replaced=3 retired_one_shot=0 retired_sequence=0 stale_handles=0
SONIC_NATIVE_SOUND_COLLECTION loaded=SONICAD/V_SONICTAILS_E.MLT bytes=201472 active=3
SONIC_NATIVE_SOUND_BANK_MAP collection=3:1 available=5 retained=12 replaced=3 retired_one_shot=0 retired_sequence=0 stale_handles=0
SONIC_NATIVE_SOUND_COLLECTION loaded=SONICAD/P_SONICTAILS.MLT bytes=144000 active=4
SONIC_NATIVE_SCENARIO_STAGE_QUEUED id=gamma-emerald-coast stage=1:0 context=6 table=3:5 main=11->2 tuple_override=0 gameplay_probe=1 protocol=3 input_profile=3 frame=193 presentations=190
SONIC_NATIVE_CONTENT request=e_mot.PRS normalized=E_MOT.PRS destination=0xcd00000
SONIC_NATIVE_CONTENT loaded=SONICAD/E_MOT.PRS destination=0xcd00000 bytes=0x15c76 sector_bytes=0x16000
SONIC_NATIVE_TEXTURE_SET acquired domain=character index=6 rows=5 archives=5 publication=guest-registry
SONIC_NATIVE_TEXTURE_SET acquired domain=main index=0 rows=7 archives=7 publication=guest-registry
SONIC_NATIVE_SDK_TEXTURE_VIEW pvm=0 acquired=1 copied=1 texlist=0x8c1bee94
SONIC_NATIVE_PRETRANSFORMED_STREAM kind=textured source=0x8c798718 count=4 texture_key=0x9897fc translucent=0
SONIC_VULKAN_PIPELINE kind=0 warmup=0 elapsed_ms=76.991
SONIC_NATIVE_SOUND_BANK_MAP collection=4:1 available=13 retained=4 replaced=13 retired_one_shot=0 retired_sequence=0 stale_handles=0
SONIC_NATIVE_SOUND_COLLECTION loaded=SONICAD/EMERALDCOAST.MLT bytes=1125984 active=5
SONIC_NATIVE_SOUND_BANK_MAP collection=5:1 available=5 retained=12 replaced=5 retired_one_shot=0 retired_sequence=0 stale_handles=0
SONIC_NATIVE_SOUND_COLLECTION loaded=SONICAD/V_E102_E.MLT bytes=102144 active=6
SONIC_NATIVE_SOUND_BANK_MAP collection=6:1 available=5 retained=12 replaced=5 retired_one_shot=0 retired_sequence=0 stale_handles=0
SONIC_NATIVE_SOUND_COLLECTION loaded=SONICAD/P_E102.MLT bytes=198400 active=7
SONIC_NATIVE_CONTENT request=stg01.PRS normalized=STG01.PRS destination=0xcd00000
SONIC_NATIVE_PRS_SOURCE staged=SONICAD/STG01.PRS decoded=sha256:4c4478ef6bc50c53a85e2c08d88bed8fcfcfdf47c9db378f7ad8f693f8b29538 encoded_start=0xcd00000 encoded_bytes=0x13e000 sequence=2
SONIC_NATIVE_CONTENT loaded=SONICAD/STG01.PRS destination=0xcd00000 bytes=0x13d9dc sector_bytes=0x13e000
SONIC_NATIVE_OVERLAY_TASK_RETIRE destination=0xc900000 bytes=0x1dd108 owners=1 tasks=2 roots=2 child_graph=1 transition=sha256:4c4478ef6bc50c53a85e2c08d88bed8fcfcfdf47c9db378f7ad8f693f8b29538
SONIC_NATIVE_OVERLAY_TASK_OWNER kind=loaded-aot identity=sha256:6e8a5806f1f32e6c17c70c30c953600f16fcdb4959b8cd91094c4b32062793d5 runtime=0x8c900000 bytes=0xe4648 generation=3
SONIC_NATIVE_PRS retired_runtime_images=0 retired_loaded_aot=1 destination=0xc900000
SONIC_NATIVE_PRS_MODULE identity=sha256:4c4478ef6bc50c53a85e2c08d88bed8fcfcfdf47c9db378f7ad8f693f8b29538 source=0x82f44000 runtime=0xc900000 bytes=0x1dd108 generation=5 transition_epoch=2
SONIC_NATIVE_CONTENT request=set0100E.bin normalized=SET0100E.BIN destination=0xcb68000
SONIC_NATIVE_CONTENT loaded=SONICAD/SET0100E.BIN destination=0xcb68000 bytes=0x4b80 sector_bytes=0x5000
SONIC_NATIVE_CONTENT request=set0101E.bin normalized=SET0101E.BIN destination=0xcb70000
SONIC_NATIVE_CONTENT missing_path=SET0101E.BIN guest_pointer=0x8c00f314 destination=0xcb70000
SONIC_NATIVE_CONTENT request=set0101S.bin normalized=SET0101S.BIN destination=0xcb70000
SONIC_NATIVE_CONTENT loaded=SONICAD/SET0101S.BIN destination=0xcb70000 bytes=0x7bc0 sector_bytes=0x8000
SONIC_NATIVE_CONTENT request=set0102E.bin normalized=SET0102E.BIN destination=0xcb78000
SONIC_NATIVE_CONTENT missing_path=SET0102E.BIN guest_pointer=0x8c00f314 destination=0xcb78000
SONIC_NATIVE_CONTENT request=set0102S.bin normalized=SET0102S.BIN destination=0xcb78000
SONIC_NATIVE_CONTENT loaded=SONICAD/SET0102S.BIN destination=0xcb78000 bytes=0x40 sector_bytes=0x800
SONIC_NATIVE_CONTENT request=cam0100E.bin normalized=CAM0100E.BIN destination=0xcb50000
SONIC_NATIVE_CONTENT loaded=SONICAD/CAM0100E.BIN destination=0xcb50000 bytes=0x1780 sector_bytes=0x1800
SONIC_NATIVE_CONTENT request=cam0101E.bin normalized=CAM0101E.BIN destination=0xcb58000
SONIC_NATIVE_CONTENT missing_path=CAM0101E.BIN guest_pointer=0x8c00f318 destination=0xcb58000
SONIC_NATIVE_CONTENT request=cam0101S.bin normalized=CAM0101S.BIN destination=0xcb58000
SONIC_NATIVE_CONTENT loaded=SONICAD/CAM0101S.BIN destination=0xcb58000 bytes=0x2180 sector_bytes=0x2800
SONIC_NATIVE_CONTENT request=cam0102E.bin normalized=CAM0102E.BIN destination=0xcb60000
SONIC_NATIVE_CONTENT missing_path=CAM0102E.BIN guest_pointer=0x8c00f338 destination=0xcb60000
SONIC_NATIVE_CONTENT request=cam0102S.bin normalized=CAM0102S.BIN destination=0xcb60000
SONIC_NATIVE_CONTENT loaded=SONICAD/CAM0102S.BIN destination=0xcb60000 bytes=0x80 sector_bytes=0x800
SONIC_NATIVE_TEXTURE_SET acquired domain=character index=6 rows=5 archives=5 publication=guest-registry
SONIC_NATIVE_TEXTURE_SET acquired domain=main index=0 rows=7 archives=7 publication=guest-registry
SONIC_NATIVE_SDK_TEXTURE_VIEW pvm=1 acquired=90 copied=90 texlist=0xca1e21c
SONIC_NATIVE_SDK_TEXTURE_VIEW pvm=1 acquired=12 copied=12 texlist=0x8c5b81a4
SONIC_NATIVE_SDK_TEXTURE_VIEW pvm=1 acquired=26 copied=26 texlist=0x8c5993d0
SONIC_NATIVE_SDK_TEXTURE_VIEW pvm=1 acquired=23 copied=23 texlist=0x8c59f7f4
SONIC_NATIVE_SDK_TEXTURE_VIEW pvm=0 acquired=1 copied=1 texlist=0xca84470
SONIC_NATIVE_SDK_TEXTURE_VIEW pvm=0 acquired=1 copied=1 texlist=0xcaafb90
SONIC_NATIVE_SDK_TEXTURE_VIEW pvm=1 acquired=2 copied=2 texlist=0x8c5c0f04
SONIC_NATIVE_SDK_TEXTURE_VIEW pvm=1 acquired=2 copied=2 texlist=0x8c5c16cc
SONIC_NATIVE_SDK_TEXTURE_VIEW pvm=1 acquired=10 copied=10 texlist=0xcaa14dc
SONIC_NATIVE_SDK_TEXTURE_VIEW pvm=1 acquired=3 copied=3 texlist=0xca1ec64
SONIC_NATIVE_SDK_TEXTURE_VIEW pvm=1 acquired=5 copied=5 texlist=0x8c165980
SONIC_NATIVE_SDK_TEXTURE_VIEW pvm=1 acquired=5 copied=5 texlist=0x8c16887c
SONIC_NATIVE_SDK_TEXTURE_VIEW pvm=1 acquired=4 copied=4 texlist=0x8c18b724
SONIC_NATIVE_SDK_TEXTURE_VIEW pvm=1 acquired=4 copied=4 texlist=0x8c17bb5c
SONIC_NATIVE_SDK_TEXTURE_VIEW pvm=1 acquired=4 copied=4 texlist=0x8c172db4
SONIC_NATIVE_SDK_TEXTURE_VIEW pvm=1 acquired=7 copied=7 texlist=0xcab21a0
SONIC_NATIVE_SDK_TEXTURE_VIEW pvm=1 acquired=6 copied=6 texlist=0xcab9ef0
SONIC_NATIVE_SDK_TEXTURE_VIEW pvm=1 acquired=6 copied=6 texlist=0xcabc1f8
SONIC_NATIVE_SDK_TEXTURE_VIEW pvm=1 acquired=8 copied=8 texlist=0xcac0a10
SONIC_NATIVE_SDK_TEXTURE_VIEW pvm=1 acquired=7 copied=7 texlist=0xcacca40
SONIC_NATIVE_SDK_TEXTURE_VIEW pvm=1 acquired=7 copied=7 texlist=0xcac5e74
SONIC_NATIVE_SDK_TEXTURE_VIEW pvm=1 acquired=12 copied=12 texlist=0xcac81e0
SONIC_NATIVE_SDK_TEXTURE_VIEW pvm=1 acquired=6 copied=6 texlist=0xcad0c18
SONIC_NATIVE_SDK_TEXTURE_VIEW pvm=1 acquired=8 copied=8 texlist=0x8c5661a8
SONIC_NATIVE_SDK_TEXTURE_VIEW pvm=1 acquired=97 copied=97 texlist=0xc911ec0
SONIC_NATIVE_LIGHTING_CONTENT loaded=SONICAD/SL_10B.BIN destination=0x8c6aeec4 backing=0xc6aeec4 bytes=0xa00 sector_bytes=0x1000
SONIC_NATIVE_LIGHTING_CONTENT loaded=SONICAD/PL_10B.BIN destination=0x8c038f60 backing=0xc038f60 bytes=0x2400 sector_bytes=0x2800
SONIC_NATIVE_SDK_TEXTURE_VIEW pvm=0 acquired=1 copied=1 texlist=0x8c6b67b8
SONIC_VULKAN_PIPELINE kind=0 warmup=0 elapsed_ms=74.476
SONIC_VULKAN_PIPELINE kind=0 warmup=0 elapsed_ms=72.881
SONIC_VULKAN_PIPELINE kind=1 warmup=0 elapsed_ms=75.714
SONIC_VULKAN_PIPELINE kind=1 warmup=0 elapsed_ms=76.058
SONIC_VULKAN_PIPELINE kind=1 warmup=0 elapsed_ms=75.942
SONIC_VULKAN_PIPELINE kind=1 warmup=0 elapsed_ms=75.408
SONIC_NATIVE_CONTENT_RANGE bound=SONICAD/EVENT_ADX_US.AFS start_sector=450138 sectors=31836 bytes=65200128
SONIC_NATIVE_ADX_AFS bound=SONICAD/EVENT_ADX_US.AFS identity=sha256:58a427309d55eb6613b09a056461c5d5f4e3c82e61936980d2d2d1bf04cd0dcd afs_id=0 entries=2044
SONIC_NATIVE_PCM_STREAM_RING registered bank=15 offset=0x1fbfc0 bytes=0x4000 resource=0x141f8 mirror=0x8c8d371c
SONIC_NATIVE_PCM_STREAM_RING registered bank=14 offset=0x1f7f80 bytes=0x4000 resource=0x141f0 mirror=0x8c8d3714
SONIC_NATIVE_PCM_STREAM_RING registered bank=13 offset=0x1f3f40 bytes=0x4000 resource=0x141e8 mirror=0x8c8d370c
[adx @ 0x76bfd000d600] Estimating duration from bitrate, this may be inaccurate
SONIC_NATIVE_ADX start=SONICAD/ECOAST1.ADX identity=sha256:07d941ddf108678898194bdf04a43ca789e0371e0098cbd46fa02f7a3f939e32 guest_handle=0x8c6736f0 callsite=0x8c107892 pr=0x8c107894 bgm_signature=0x0 bgm_trace=0 bgm_frame=0 bgm_selection=0 bgm_request=0 bgm_mirror=0 bgm_handles=0x0,0x0 voice=0:1 active=1 playing=1 queued=2048 loop=1 loop_start=1888096 loop_end=4944080 gain=0.891251 wrapper_valid=1 wrapper=0x2000301,0x8c8a3850,0x0,0x8c8a4950,0x8c8a64f8,0x8c8a64f8
SONIC_NATIVE_SCENARIO_GAMEPLAY_STARTED id=gamma-emerald-coast protocol=3 input_profile=3 monotonic_ns=131589180544681 frame=252 presentations=247 load_ms=54681 owner_generation=5 stage_state=0 stage_mode=1
SONIC_NATIVE_INPUT slot=0 connected=1 buttons=0x0 pressed=0x0 released=0x0
SONIC_NATIVE_SCENARIO_GAMEPLAY_SAMPLE id=gamma-emerald-coast protocol=3 input_profile=3 monotonic_ns=131590813157171 elapsed_ms=1632 collision_debug_signed=-1 frame=254 presentations=249 relative_frame=2 max_frame_ns=836475022 input_applied_frames=2 completed_frames=3 drawn_frames=2 cadence_readable=1 active_video_hz=50 clock_owner=postpal-checkpoint clock_bound_frame=0 tv_mode_readable=1 tv_mode_word=1 release_slots=2 logical_delta=2 sixty_frame_fixture=0 native_gameplay_math=1 native_leaf_math=1 math_scope_readable=1 main_state=4 scene=15 palette_native_calls=15497 palette_original_calls=0 vertex_normals_native_calls=0 vertex_normals_original_calls=0 matrix_push_native_calls=15076 matrix_push_original_calls=0 matrix_pop_native_calls=16146 matrix_pop_original_calls=0 matrix_staged_groups=0 collision_cross_native_calls=180 collision_length_native_calls=2811 collision_normalize_native_calls=2069 collision_cross_original_calls=0 collision_length_original_calls=0 collision_normalize_original_calls=0 matrix_inverse_native_calls=1 triangle_contacts_native_calls=0 triangle_contacts_original_calls=0 triangle_contacts_scope_blocked_calls=0 collision_candidates_native_calls=534 collision_candidates_scope_blocked_calls=0 collision_candidates_original_calls=0 motion_sampling_native_calls=0 motion_sampling_original_calls=0 animation_hierarchy_native_calls=359 model_packets=0 model_snapshots=0 model_packet_verified=0 model_packet_vertices=0 model_gpu_draws=0 model_point_uploads=0 model_corner_uploads=0 closed_memory_calls=62333 closed_memory_words=1761233 collision_memory_intervals=0 collision_memory_reads=0 collision_memory_writes=0 model_pipeline_calls=25957 model_pipeline_declined=0 model_pipeline_points=483554 model_pipeline_normals=13918 model_pipeline_draws=13918 model_pipeline_direct_outputs=13970 model_pipeline_root_operations=0 model_pipeline_closed_children=53730 object_distance_calls=110195 object_distance_native=110195 object_distance_fallback=0 object_activation_calls=179 object_lifetime_calls=11244 object_records=107937 object_created=56 object_retired=0 object_declined=0 object_slow_accesses=0 movement_calls=0 movement_declined=0 movement_callbacks=0 movement_reentries=0 contact_family_calls=538 object_contact_calls=180 camera_operation_calls=179 contact_family_internal=395766 contact_family_foreign=5172 contact_family_resumes=0 world_calls=180 world_declined=0 world_internal=10718 world_callbacks=32816 world_resumes=0 world_membership=3060 world_eligibility=3222 render_hierarchy_calls=7415 render_hierarchy_declined=0 render_hierarchy_internal=384788 render_hierarchy_callbacks=20259 render_model_calls=25957 render_model_revocations=0 render_hierarchy_resumes=0 rigid_hierarchy_calls=5701 morph_hierarchy_calls=0 land_render_calls=180 actor_operation_calls=890 player_operation_calls=180 player_display_calls=0 actor_state_transfers=1960 collision_fused_cross=0 collision_fused_length=0 collision_fused_normalize=0 matrix_bulk_pushes=0 matrix_bulk_pops=0 matrix_bulk_saved=0 matrix_bulk_loaded=0 render_context_captures=10541 render_context_commits=10541 render_context_fallbacks=0 render_context_direct_calls=21082 palette_batch_calls=15497 palette_batch_vertices=549969 palette_batch_declined=0 palette_batch_closed_loops=15497 projection_batch_calls=15965 projection_batch_vertices=553609 projection_batch_declined=1 projection_batch_verified=0 sound_metadata_hits=0 sound_metadata_misses=0 sound_metadata_verified=0 deferred_midi_notes=0 animation_hierarchy_original_calls=0 animation_hierarchy_nodes=14323 animation_direct_write_calls=359 pose_blend_native_calls=0 pose_blend_original_calls=0 pose_direct_write_calls=0 matrix_vector_point_native_calls=4637 matrix_vector_point_original_calls=0 matrix_vector_direction_native_calls=3122 matrix_vector_direction_original_calls=0 matrix_vector_store_native_calls=0 matrix_vector_store_original_calls=0 matrix_vector_translation_native_calls=0 matrix_vector_translation_original_calls=0 atan_native_calls=0 inverse_trig_native_calls=9323 inverse_trig_declined=0 inverse_memory_calls=0 inverse_memory_stores=0 atan_original_calls=0 atan_quotient_native_calls=2 atan_quotient_original_calls=0 atan_polynomial_native_calls=0 atan_polynomial_original_calls=0 atan_scale_native_calls=0 atan_scale_original_calls=0 matrix_inverse_original_calls=0 matrix_determinant_native_calls=0 matrix_determinant_original_calls=0 player_state_readable=1 player_x=0.0362416 player_y=3.65725 player_z=0.0366661 player_x_bits=1024750096 player_y_bits=1080692824 player_z_bits=1024864040 frame_window_begin=5 frame_window_end=25 game_ticks=180 hud_timer_ticks=10786 update_timing=0 update_tasks=0 update_tails=0 update_main_tasks=0 update_alternate_tasks=0 update_waits=0 update_elapsed=0 update_elapsed_extra=0 update_timer_setups=0 periodic_epoch_ns=131589977684511 periodic_callbacks=0 render_completion_experiment=0 guest_render_submitted=0 guest_render_completed=0 guest_render_dispatched=0 guest_render_callback=0 guest_render_counter=0 guest_render_nonzero_callbacks=0 update_unreadable=0 execution_thread_id=74156 execution_cpu_valid=1 execution_cpu_100ns=443928141 process_cpu_valid=1 process_cpu_100ns=2435939536 execution_cycles_valid=0 execution_cycles=0 phase=0 final=0
SONIC_NATIVE_SCENARIO_GAMEPLAY_SAMPLE id=gamma-emerald-coast protocol=3 input_profile=3 monotonic_ns=131592427405023 elapsed_ms=3246 collision_debug_signed=-1 frame=256 presentations=251 relative_frame=4 max_frame_ns=836475022 input_applied_frames=4 completed_frames=5 drawn_frames=4 cadence_readable=1 active_video_hz=50 clock_owner=postpal-checkpoint clock_bound_frame=0 tv_mode_readable=1 tv_mode_word=1 release_slots=2 logical_delta=2 sixty_frame_fixture=0 native_gameplay_math=1 native_leaf_math=1 math_scope_readable=1 main_state=4 scene=15 palette_native_calls=16102 palette_original_calls=0 vertex_normals_native_calls=0 vertex_normals_original_calls=0 matrix_push_native_calls=15668 matrix_push_original_calls=0 matrix_pop_native_calls=16773 matrix_pop_original_calls=0 matrix_staged_groups=0 collision_cross_native_calls=187 collision_length_native_calls=2911 collision_normalize_native_calls=2150 collision_cross_original_calls=0 collision_length_original_calls=0 collision_normalize_original_calls=0 matrix_inverse_native_calls=1 triangle_contacts_native_calls=0 triangle_contacts_original_calls=0 triangle_contacts_scope_blocked_calls=0 collision_candidates_native_calls=555 collision_candidates_scope_blocked_calls=0 collision_candidates_original_calls=0 motion_sampling_native_calls=0 motion_sampling_original_calls=0 animation_hierarchy_native_calls=373 model_packets=0 model_snapshots=0 model_packet_verified=0 model_packet_vertices=0 model_gpu_draws=0 model_point_uploads=0 model_corner_uploads=0 closed_memory_calls=64703 closed_memory_words=1829152 collision_memory_intervals=0 collision_memory_reads=0 collision_memory_writes=0 model_pipeline_calls=26994 model_pipeline_declined=0 model_pipeline_points=502114 model_pipeline_normals=14461 model_pipeline_draws=14461 model_pipeline_direct_outputs=14515 model_pipeline_root_operations=0 model_pipeline_closed_children=55893 object_distance_calls=114500 object_distance_native=114500 object_distance_fallback=0 object_activation_calls=186 object_lifetime_calls=11685 object_records=112158 object_created=56 object_retired=0 object_declined=0 object_slow_accesses=0 movement_calls=0 movement_declined=0 movement_callbacks=0 movement_reentries=0 contact_family_calls=559 object_contact_calls=187 camera_operation_calls=186 contact_family_internal=411656 contact_family_foreign=5410 contact_family_resumes=0 world_calls=187 world_declined=0 world_internal=11005 world_callbacks=34048 world_resumes=0 world_membership=3179 world_eligibility=3348 render_hierarchy_calls=7712 render_hierarchy_declined=0 render_hierarchy_internal=401607 render_hierarchy_callbacks=21069 render_model_calls=26994 render_model_revocations=0 render_hierarchy_resumes=0 rigid_hierarchy_calls=5925 morph_hierarchy_calls=0 land_render_calls=187 actor_operation_calls=925 player_operation_calls=187 player_display_calls=0 actor_state_transfers=2037 collision_fused_cross=0 collision_fused_length=0 collision_fused_normalize=0 matrix_bulk_pushes=0 matrix_bulk_pops=0 matrix_bulk_saved=0 matrix_bulk_loaded=0 render_context_captures=10992 render_context_commits=10992 render_context_fallbacks=0 render_context_direct_calls=21984 palette_batch_calls=16102 palette_batch_vertices=571105 palette_batch_declined=0 palette_batch_closed_loops=16102 projection_batch_calls=16588 projection_batch_vertices=574885 projection_batch_declined=1 projection_batch_verified=0 sound_metadata_hits=0 sound_metadata_misses=0 sound_metadata_verified=0 deferred_midi_notes=0 animation_hierarchy_original_calls=0 animation_hierarchy_nodes=14883 animation_direct_write_calls=373 pose_blend_native_calls=0 pose_blend_original_calls=0 pose_direct_write_calls=0 matrix_vector_point_native_calls=4782 matrix_vector_point_original_calls=0 matrix_vector_direction_native_calls=3241 matrix_vector_direction_original_calls=0 matrix_vector_store_native_calls=0 matrix_vector_store_original_calls=0 matrix_vector_translation_native_calls=0 matrix_vector_translation_original_calls=0 atan_native_calls=0 inverse_trig_native_calls=9679 inverse_trig_declined=0 inverse_memory_calls=0 inverse_memory_stores=0 atan_original_calls=0 atan_quotient_native_calls=2 atan_quotient_original_calls=0 atan_polynomial_native_calls=0 atan_polynomial_original_calls=0 atan_scale_native_calls=0 atan_scale_original_calls=0 matrix_inverse_original_calls=0 matrix_determinant_native_calls=0 matrix_determinant_original_calls=0 player_state_readable=1 player_x=-0.560506 player_y=3.7155 player_z=0.501393 player_x_bits=3205463380 player_y_bits=1080937172 player_z_bits=1056987977 frame_window_begin=5 frame_window_end=25 game_ticks=187 hud_timer_ticks=10779 update_timing=0 update_tasks=0 update_tails=0 update_main_tasks=0 update_alternate_tasks=0 update_waits=0 update_elapsed=0 update_elapsed_extra=0 update_timer_setups=0 periodic_epoch_ns=131591624377291 periodic_callbacks=0 render_completion_experiment=0 guest_render_submitted=0 guest_render_completed=0 guest_render_dispatched=0 guest_render_callback=0 guest_render_counter=0 guest_render_nonzero_callbacks=0 update_unreadable=0 execution_thread_id=74156 execution_cpu_valid=1 execution_cpu_100ns=452546958 process_cpu_valid=1 process_cpu_100ns=2486229821 execution_cycles_valid=0 execution_cycles=0 phase=0 final=0
SONIC_NATIVE_SCENARIO_GAMEPLAY_SAMPLE id=gamma-emerald-coast protocol=3 input_profile=3 monotonic_ns=131593227892766 elapsed_ms=4047 collision_debug_signed=-1 frame=257 presentations=252 relative_frame=5 max_frame_ns=836475022 input_applied_frames=5 completed_frames=6 drawn_frames=5 cadence_readable=1 active_video_hz=50 clock_owner=postpal-checkpoint clock_bound_frame=0 tv_mode_readable=1 tv_mode_word=1 release_slots=2 logical_delta=2 sixty_frame_fixture=0 native_gameplay_math=1 native_leaf_math=1 math_scope_readable=1 main_state=4 scene=15 palette_native_calls=16405 palette_original_calls=0 vertex_normals_native_calls=0 vertex_normals_original_calls=0 matrix_push_native_calls=15931 matrix_push_original_calls=0 matrix_pop_native_calls=17051 matrix_pop_original_calls=0 matrix_staged_groups=0 collision_cross_native_calls=190 collision_length_native_calls=2954 collision_normalize_native_calls=2185 collision_cross_original_calls=0 collision_length_original_calls=0 collision_normalize_original_calls=0 matrix_inverse_native_calls=1 triangle_contacts_native_calls=0 triangle_contacts_original_calls=0 triangle_contacts_scope_blocked_calls=0 collision_candidates_native_calls=564 collision_candidates_scope_blocked_calls=0 collision_candidates_original_calls=0 motion_sampling_native_calls=0 motion_sampling_original_calls=0 animation_hierarchy_native_calls=379 model_packets=0 model_snapshots=0 model_packet_verified=0 model_packet_vertices=0 model_gpu_draws=0 model_point_uploads=0 model_corner_uploads=0 closed_memory_calls=65762 closed_memory_words=1861440 collision_memory_intervals=0 collision_memory_reads=0 collision_memory_writes=0 model_pipeline_calls=27470 model_pipeline_declined=0 model_pipeline_points=511398 model_pipeline_normals=14733 model_pipeline_draws=14733 model_pipeline_direct_outputs=14788 model_pipeline_root_operations=0 model_pipeline_closed_children=56931 object_distance_calls=116345 object_distance_native=116345 object_distance_fallback=0 object_activation_calls=189 object_lifetime_calls=11874 object_records=113967 object_created=56 object_retired=0 object_declined=0 object_slow_accesses=0 movement_calls=0 movement_declined=0 movement_callbacks=0 movement_reentries=0 contact_family_calls=568 object_contact_calls=190 camera_operation_calls=189 contact_family_internal=418466 contact_family_foreign=5512 contact_family_resumes=0 world_calls=190 world_declined=0 world_internal=11128 world_callbacks=34576 world_resumes=0 world_membership=3230 world_eligibility=3402 render_hierarchy_calls=7837 render_hierarchy_declined=0 render_hierarchy_internal=408705 render_hierarchy_callbacks=21427 render_model_calls=27470 render_model_revocations=0 render_hierarchy_resumes=0 rigid_hierarchy_calls=6021 morph_hierarchy_calls=0 land_render_calls=190 actor_operation_calls=940 player_operation_calls=190 player_display_calls=0 actor_state_transfers=2070 collision_fused_cross=0 collision_fused_length=0 collision_fused_normalize=0 matrix_bulk_pushes=0 matrix_bulk_pops=0 matrix_bulk_saved=0 matrix_bulk_loaded=0 render_context_captures=11177 render_context_commits=11177 render_context_fallbacks=0 render_context_direct_calls=22354 palette_batch_calls=16405 palette_batch_vertices=581677 palette_batch_declined=0 palette_batch_closed_loops=16405 projection_batch_calls=16900 projection_batch_vertices=585527 projection_batch_declined=1 projection_batch_verified=0 sound_metadata_hits=0 sound_metadata_misses=0 sound_metadata_verified=0 deferred_midi_notes=0 animation_hierarchy_original_calls=0 animation_hierarchy_nodes=15123 animation_direct_write_calls=379 pose_blend_native_calls=0 pose_blend_original_calls=0 pose_direct_write_calls=0 matrix_vector_point_native_calls=4851 matrix_vector_point_original_calls=0 matrix_vector_direction_native_calls=3297 matrix_vector_direction_original_calls=0 matrix_vector_store_native_calls=0 matrix_vector_store_original_calls=0 matrix_vector_translation_native_calls=0 matrix_vector_translation_original_calls=0 atan_native_calls=0 inverse_trig_native_calls=9811 inverse_trig_declined=0 inverse_memory_calls=0 inverse_memory_stores=0 atan_original_calls=0 atan_quotient_native_calls=2 atan_quotient_original_calls=0 atan_polynomial_native_calls=0 atan_polynomial_original_calls=0 atan_scale_native_calls=0 atan_scale_original_calls=0 matrix_inverse_original_calls=0 matrix_determinant_native_calls=0 matrix_determinant_original_calls=0 player_state_readable=1 player_x=-0.98396 player_y=3.75624 player_z=0.811224 player_x_bits=3212567756 player_y_bits=1081108016 player_z_bits=1062186072 frame_window_begin=5 frame_window_end=25 game_ticks=190 hud_timer_ticks=10776 update_timing=0 update_tasks=0 update_tails=0 update_main_tasks=0 update_alternate_tasks=0 update_waits=0 update_elapsed=0 update_elapsed_extra=0 update_timer_setups=0 periodic_epoch_ns=131592434341664 periodic_callbacks=0 render_completion_experiment=0 guest_render_submitted=0 guest_render_completed=0 guest_render_dispatched=0 guest_render_callback=0 guest_render_counter=0 guest_render_nonzero_callbacks=0 update_unreadable=0 execution_thread_id=74156 execution_cpu_valid=1 execution_cpu_100ns=456527261 process_cpu_valid=1 process_cpu_100ns=2510808367 execution_cycles_valid=0 execution_cycles=0 phase=0 final=0
SONIC_NATIVE_SCENARIO_GAMEPLAY_SAMPLE id=gamma-emerald-coast protocol=3 input_profile=3 monotonic_ns=131594852580778 elapsed_ms=5672 collision_debug_signed=-1 frame=259 presentations=254 relative_frame=7 max_frame_ns=836475022 input_applied_frames=7 completed_frames=8 drawn_frames=7 cadence_readable=1 active_video_hz=50 clock_owner=postpal-checkpoint clock_bound_frame=0 tv_mode_readable=1 tv_mode_word=1 release_slots=2 logical_delta=2 sixty_frame_fixture=0 native_gameplay_math=1 native_leaf_math=1 math_scope_readable=1 main_state=4 scene=15 palette_native_calls=17011 palette_original_calls=0 vertex_normals_native_calls=0 vertex_normals_original_calls=0 matrix_push_native_calls=16520 matrix_push_original_calls=0 matrix_pop_native_calls=17675 matrix_pop_original_calls=0 matrix_staged_groups=0 collision_cross_native_calls=197 collision_length_native_calls=3054 collision_normalize_native_calls=2266 collision_cross_original_calls=0 collision_length_original_calls=0 collision_normalize_original_calls=0 matrix_inverse_native_calls=1 triangle_contacts_native_calls=0 triangle_contacts_original_calls=0 triangle_contacts_scope_blocked_calls=0 collision_candidates_native_calls=585 collision_candidates_scope_blocked_calls=0 collision_candidates_original_calls=0 motion_sampling_native_calls=0 motion_sampling_original_calls=0 animation_hierarchy_native_calls=393 model_packets=0 model_snapshots=0 model_packet_verified=0 model_packet_vertices=0 model_gpu_draws=0 model_point_uploads=0 model_corner_uploads=0 closed_memory_calls=68044 closed_memory_words=1928869 collision_memory_intervals=0 collision_memory_reads=0 collision_memory_writes=0 model_pipeline_calls=28513 model_pipeline_declined=0 model_pipeline_points=529966 model_pipeline_normals=15277 model_pipeline_draws=15277 model_pipeline_direct_outputs=15334 model_pipeline_root_operations=0 model_pipeline_closed_children=59007 object_distance_calls=120650 object_distance_native=120650 object_distance_fallback=0 object_activation_calls=196 object_lifetime_calls=12315 object_records=118188 object_created=56 object_retired=0 object_declined=0 object_slow_accesses=0 movement_calls=0 movement_declined=0 movement_callbacks=0 movement_reentries=0 contact_family_calls=589 object_contact_calls=197 camera_operation_calls=196 contact_family_internal=434422 contact_family_foreign=5750 contact_family_resumes=0 world_calls=197 world_declined=0 world_internal=11415 world_callbacks=35808 world_resumes=0 world_membership=3349 world_eligibility=3528 render_hierarchy_calls=8126 render_hierarchy_declined=0 render_hierarchy_internal=424330 render_hierarchy_callbacks=22233 render_model_calls=28513 render_model_revocations=0 render_hierarchy_resumes=0 rigid_hierarchy_calls=6245 morph_hierarchy_calls=0 land_render_calls=197 actor_operation_calls=975 player_operation_calls=197 player_display_calls=0 actor_state_transfers=2147 collision_fused_cross=0 collision_fused_length=0 collision_fused_normalize=0 matrix_bulk_pushes=0 matrix_bulk_pops=0 matrix_bulk_saved=0 matrix_bulk_loaded=0 render_context_captures=11582 render_context_commits=11582 render_context_fallbacks=0 render_context_direct_calls=23164 palette_batch_calls=17011 palette_batch_vertices=602821 palette_batch_declined=0 palette_batch_closed_loops=17011 projection_batch_calls=17524 projection_batch_vertices=606811 projection_batch_declined=1 projection_batch_verified=0 sound_metadata_hits=0 sound_metadata_misses=0 sound_metadata_verified=0 deferred_midi_notes=0 animation_hierarchy_original_calls=0 animation_hierarchy_nodes=15683 animation_direct_write_calls=393 pose_blend_native_calls=0 pose_blend_original_calls=0 pose_direct_write_calls=0 matrix_vector_point_native_calls=4993 matrix_vector_point_original_calls=0 matrix_vector_direction_native_calls=3408 matrix_vector_direction_original_calls=0 matrix_vector_store_native_calls=0 matrix_vector_store_original_calls=0 matrix_vector_translation_native_calls=0 matrix_vector_translation_original_calls=0 atan_native_calls=0 inverse_trig_native_calls=10112 inverse_trig_declined=0 inverse_memory_calls=0 inverse_memory_stores=0 atan_original_calls=0 atan_quotient_native_calls=2 atan_quotient_original_calls=0 atan_polynomial_native_calls=0 atan_polynomial_original_calls=0 atan_scale_native_calls=0 atan_scale_original_calls=0 matrix_inverse_original_calls=0 matrix_determinant_native_calls=0 matrix_determinant_original_calls=0 player_state_readable=1 player_x=-2.36405 player_y=3.88795 player_z=1.78691 player_x_bits=3222752394 player_y_bits=1081660464 player_z_bits=1071954257 frame_window_begin=5 frame_window_end=25 game_ticks=197 hud_timer_ticks=10769 update_timing=0 update_tasks=0 update_tails=0 update_main_tasks=0 update_alternate_tasks=0 update_waits=0 update_elapsed=0 update_elapsed_extra=0 update_timer_setups=0 periodic_epoch_ns=131594028252280 periodic_callbacks=0 render_completion_experiment=0 guest_render_submitted=0 guest_render_completed=0 guest_render_dispatched=0 guest_render_callback=0 guest_render_counter=0 guest_render_nonzero_callbacks=0 update_unreadable=0 execution_thread_id=74156 execution_cpu_valid=1 execution_cpu_100ns=465167240 process_cpu_valid=1 process_cpu_100ns=2561226825 execution_cycles_valid=0 execution_cycles=0 phase=0 final=0
SONIC_NATIVE_SCENARIO_GAMEPLAY_SAMPLE id=gamma-emerald-coast protocol=3 input_profile=3 monotonic_ns=131596490565739 elapsed_ms=7310 collision_debug_signed=-1 frame=261 presentations=256 relative_frame=9 max_frame_ns=836475022 input_applied_frames=9 completed_frames=10 drawn_frames=9 cadence_readable=1 active_video_hz=50 clock_owner=postpal-checkpoint clock_bound_frame=0 tv_mode_readable=1 tv_mode_word=1 release_slots=2 logical_delta=2 sixty_frame_fixture=0 native_gameplay_math=1 native_leaf_math=1 math_scope_readable=1 main_state=4 scene=15 palette_native_calls=17618 palette_original_calls=0 vertex_normals_native_calls=0 vertex_normals_original_calls=0 matrix_push_native_calls=17115 matrix_push_original_calls=0 matrix_pop_native_calls=18307 matrix_pop_original_calls=0 matrix_staged_groups=0 collision_cross_native_calls=204 collision_length_native_calls=3154 collision_normalize_native_calls=2347 collision_cross_original_calls=0 collision_length_original_calls=0 collision_normalize_original_calls=0 matrix_inverse_native_calls=1 triangle_contacts_native_calls=0 triangle_contacts_original_calls=0 triangle_contacts_scope_blocked_calls=0 collision_candidates_native_calls=606 collision_candidates_scope_blocked_calls=0 collision_candidates_original_calls=0 motion_sampling_native_calls=0 motion_sampling_original_calls=0 animation_hierarchy_native_calls=407 model_packets=0 model_snapshots=0 model_packet_verified=0 model_packet_vertices=0 model_gpu_draws=0 model_point_uploads=0 model_corner_uploads=0 closed_memory_calls=70367 closed_memory_words=1996561 collision_memory_intervals=0 collision_memory_reads=0 collision_memory_writes=0 model_pipeline_calls=29567 model_pipeline_declined=0 model_pipeline_points=548542 model_pipeline_normals=15822 model_pipeline_draws=15822 model_pipeline_direct_outputs=15881 model_pipeline_root_operations=0 model_pipeline_closed_children=61086 object_distance_calls=124955 object_distance_native=124955 object_distance_fallback=0 object_activation_calls=203 object_lifetime_calls=12756 object_records=122409 object_created=56 object_retired=0 object_declined=0 object_slow_accesses=0 movement_calls=0 movement_declined=0 movement_callbacks=0 movement_reentries=0 contact_family_calls=610 object_contact_calls=204 camera_operation_calls=203 contact_family_internal=450286 contact_family_foreign=5968 contact_family_resumes=0 world_calls=204 world_declined=0 world_internal=11702 world_callbacks=37040 world_resumes=0 world_membership=3468 world_eligibility=3654 render_hierarchy_calls=8417 render_hierarchy_declined=0 render_hierarchy_internal=440167 render_hierarchy_callbacks=23030 render_model_calls=29567 render_model_revocations=0 render_hierarchy_resumes=0 rigid_hierarchy_calls=6469 morph_hierarchy_calls=0 land_render_calls=204 actor_operation_calls=1010 player_operation_calls=204 player_display_calls=0 actor_state_transfers=2224 collision_fused_cross=0 collision_fused_length=0 collision_fused_normalize=0 matrix_bulk_pushes=0 matrix_bulk_pops=0 matrix_bulk_saved=0 matrix_bulk_loaded=0 render_context_captures=11989 render_context_commits=11989 render_context_fallbacks=0 render_context_direct_calls=23978 palette_batch_calls=17618 palette_batch_vertices=623973 palette_batch_declined=0 palette_batch_closed_loops=17618 projection_batch_calls=18149 projection_batch_vertices=628103 projection_batch_declined=1 projection_batch_verified=0 sound_metadata_hits=0 sound_metadata_misses=0 sound_metadata_verified=0 deferred_midi_notes=0 animation_hierarchy_original_calls=0 animation_hierarchy_nodes=16243 animation_direct_write_calls=407 pose_blend_native_calls=0 pose_blend_original_calls=0 pose_direct_write_calls=0 matrix_vector_point_native_calls=5139 matrix_vector_point_original_calls=0 matrix_vector_direction_native_calls=3529 matrix_vector_direction_original_calls=0 matrix_vector_store_native_calls=0 matrix_vector_store_original_calls=0 matrix_vector_translation_native_calls=0 matrix_vector_translation_original_calls=0 atan_native_calls=0 inverse_trig_native_calls=10416 inverse_trig_declined=0 inverse_memory_calls=0 inverse_memory_stores=0 atan_original_calls=0 atan_quotient_native_calls=2 atan_quotient_original_calls=0 atan_polynomial_native_calls=0 atan_polynomial_original_calls=0 atan_scale_native_calls=0 atan_scale_original_calls=0 matrix_inverse_original_calls=0 matrix_determinant_native_calls=0 matrix_determinant_original_calls=0 player_state_readable=1 player_x=-3.54103 player_y=4 player_z=2.60329 player_x_bits=3227689011 player_y_bits=1082130432 player_z_bits=1076272202 frame_window_begin=5 frame_window_end=25 game_ticks=204 hud_timer_ticks=10762 update_timing=0 update_tasks=0 update_tails=0 update_main_tasks=0 update_alternate_tasks=0 update_waits=0 update_elapsed=0 update_elapsed_extra=0 update_timer_setups=0 periodic_epoch_ns=131595676348031 periodic_callbacks=0 render_completion_experiment=0 guest_render_submitted=0 guest_render_completed=0 guest_render_dispatched=0 guest_render_callback=0 guest_render_counter=0 guest_render_nonzero_callbacks=0 update_unreadable=0 execution_thread_id=74156 execution_cpu_valid=1 execution_cpu_100ns=473644377 process_cpu_valid=1 process_cpu_100ns=2611874725 execution_cycles_valid=0 execution_cycles=0 phase=0 final=0
SONIC_NATIVE_SCENARIO_GAMEPLAY_SAMPLE id=gamma-emerald-coast protocol=3 input_profile=3 monotonic_ns=131598093879510 elapsed_ms=8913 collision_debug_signed=-1 frame=263 presentations=258 relative_frame=11 max_frame_ns=836475022 input_applied_frames=11 completed_frames=12 drawn_frames=11 cadence_readable=1 active_video_hz=50 clock_owner=postpal-checkpoint clock_bound_frame=0 tv_mode_readable=1 tv_mode_word=1 release_slots=2 logical_delta=2 sixty_frame_fixture=0 native_gameplay_math=1 native_leaf_math=1 math_scope_readable=1 main_state=4 scene=15 palette_native_calls=18221 palette_original_calls=0 vertex_normals_native_calls=0 vertex_normals_original_calls=0 matrix_push_native_calls=17625 matrix_push_original_calls=0 matrix_pop_native_calls=18849 matrix_pop_original_calls=0 matrix_staged_groups=0 collision_cross_native_calls=210 collision_length_native_calls=3240 collision_normalize_native_calls=2417 collision_cross_original_calls=0 collision_length_original_calls=0 collision_normalize_original_calls=0 matrix_inverse_native_calls=1 triangle_contacts_native_calls=0 triangle_contacts_original_calls=0 triangle_contacts_scope_blocked_calls=0 collision_candidates_native_calls=624 collision_candidates_scope_blocked_calls=0 collision_candidates_original_calls=0 motion_sampling_native_calls=0 motion_sampling_original_calls=0 animation_hierarchy_native_calls=419 model_packets=0 model_snapshots=0 model_packet_verified=0 model_packet_vertices=0 model_gpu_draws=0 model_point_uploads=0 model_corner_uploads=0 closed_memory_calls=72422 closed_memory_words=2060650 collision_memory_intervals=0 collision_memory_reads=0 collision_memory_writes=0 model_pipeline_calls=30510 model_pipeline_declined=0 model_pipeline_points=567087 model_pipeline_normals=16363 model_pipeline_draws=16363 model_pipeline_direct_outputs=16424 model_pipeline_root_operations=0 model_pipeline_closed_children=63148 object_distance_calls=128645 object_distance_native=128645 object_distance_fallback=0 object_activation_calls=209 object_lifetime_calls=13134 object_records=126027 object_created=56 object_retired=0 object_declined=0 object_slow_accesses=0 movement_calls=0 movement_declined=0 movement_callbacks=0 movement_reentries=0 contact_family_calls=628 object_contact_calls=210 camera_operation_calls=209 contact_family_internal=463971 contact_family_foreign=6169 contact_family_resumes=0 world_calls=210 world_declined=0 world_internal=11948 world_callbacks=38096 world_resumes=0 world_membership=3570 world_eligibility=3762 render_hierarchy_calls=8665 render_hierarchy_declined=0 render_hierarchy_internal=454461 render_hierarchy_callbacks=23697 render_model_calls=30510 render_model_revocations=0 render_hierarchy_resumes=0 rigid_hierarchy_calls=6661 morph_hierarchy_calls=0 land_render_calls=210 actor_operation_calls=1040 player_operation_calls=210 player_display_calls=0 actor_state_transfers=2290 collision_fused_cross=0 collision_fused_length=0 collision_fused_normalize=0 matrix_bulk_pushes=0 matrix_bulk_pops=0 matrix_bulk_saved=0 matrix_bulk_loaded=0 render_context_captures=12357 render_context_commits=12357 render_context_fallbacks=0 render_context_direct_calls=24714 palette_batch_calls=18221 palette_batch_vertices=645094 palette_batch_declined=0 palette_batch_closed_loops=18221 projection_batch_calls=18770 projection_batch_vertices=649364 projection_batch_declined=1 projection_batch_verified=0 sound_metadata_hits=0 sound_metadata_misses=0 sound_metadata_verified=0 deferred_midi_notes=0 animation_hierarchy_original_calls=0 animation_hierarchy_nodes=16723 animation_direct_write_calls=419 pose_blend_native_calls=0 pose_blend_original_calls=0 pose_direct_write_calls=0 matrix_vector_point_native_calls=5261 matrix_vector_point_original_calls=0 matrix_vector_direction_native_calls=3627 matrix_vector_direction_original_calls=0 matrix_vector_store_native_calls=0 matrix_vector_store_original_calls=0 matrix_vector_translation_native_calls=0 matrix_vector_translation_original_calls=0 atan_native_calls=0 inverse_trig_native_calls=10674 inverse_trig_declined=0 inverse_memory_calls=0 inverse_memory_stores=0 atan_original_calls=0 atan_quotient_native_calls=2 atan_quotient_original_calls=0 atan_polynomial_native_calls=0 atan_polynomial_original_calls=0 atan_scale_native_calls=0 atan_scale_original_calls=0 matrix_inverse_original_calls=0 matrix_determinant_native_calls=0 matrix_determinant_original_calls=0 player_state_readable=1 player_x=-3.96337 player_y=4 player_z=2.89096 player_x_bits=3229460447 player_y_bits=1082130432 player_z_bits=1077478771 frame_window_begin=5 frame_window_end=25 game_ticks=210 hud_timer_ticks=10756 update_timing=0 update_tasks=0 update_tails=0 update_main_tasks=0 update_alternate_tasks=0 update_waits=0 update_elapsed=0 update_elapsed_extra=0 update_timer_setups=0 periodic_epoch_ns=131597303424056 periodic_callbacks=0 render_completion_experiment=0 guest_render_submitted=0 guest_render_completed=0 guest_render_dispatched=0 guest_render_callback=0 guest_render_counter=0 guest_render_nonzero_callbacks=0 update_unreadable=0 execution_thread_id=74156 execution_cpu_valid=1 execution_cpu_100ns=481329372 process_cpu_valid=1 process_cpu_100ns=2661026882 execution_cycles_valid=0 execution_cycles=0 phase=0 final=0
SONIC_NATIVE_SCENARIO_GAMEPLAY_SAMPLE id=gamma-emerald-coast protocol=3 input_profile=3 monotonic_ns=131599685233652 elapsed_ms=10504 collision_debug_signed=-1 frame=265 presentations=260 relative_frame=13 max_frame_ns=836475022 input_applied_frames=13 completed_frames=14 drawn_frames=13 cadence_readable=1 active_video_hz=50 clock_owner=postpal-checkpoint clock_bound_frame=0 tv_mode_readable=1 tv_mode_word=1 release_slots=2 logical_delta=2 sixty_frame_fixture=0 native_gameplay_math=1 native_leaf_math=1 math_scope_readable=1 main_state=4 scene=15 palette_native_calls=18830 palette_original_calls=0 vertex_normals_native_calls=0 vertex_normals_original_calls=0 matrix_push_native_calls=18240 matrix_push_original_calls=0 matrix_pop_native_calls=19499 matrix_pop_original_calls=0 matrix_staged_groups=0 collision_cross_native_calls=217 collision_length_native_calls=3340 collision_normalize_native_calls=2498 collision_cross_original_calls=0 collision_length_original_calls=0 collision_normalize_original_calls=0 matrix_inverse_native_calls=1 triangle_contacts_native_calls=0 triangle_contacts_original_calls=0 triangle_contacts_scope_blocked_calls=0 collision_candidates_native_calls=645 collision_candidates_scope_blocked_calls=0 collision_candidates_original_calls=0 motion_sampling_native_calls=0 motion_sampling_original_calls=0 animation_hierarchy_native_calls=433 model_packets=0 model_snapshots=0 model_packet_verified=0 model_packet_vertices=0 model_gpu_draws=0 model_point_uploads=0 model_corner_uploads=0 closed_memory_calls=74725 closed_memory_words=2128360 collision_memory_intervals=0 collision_memory_reads=0 collision_memory_writes=0 model_pipeline_calls=31639 model_pipeline_declined=0 model_pipeline_points=585671 model_pipeline_normals=16910 model_pipeline_draws=16910 model_pipeline_direct_outputs=16973 model_pipeline_root_operations=0 model_pipeline_closed_children=65233 object_distance_calls=132950 object_distance_native=132950 object_distance_fallback=0 object_activation_calls=216 object_lifetime_calls=13575 object_records=130248 object_created=56 object_retired=0 object_declined=0 object_slow_accesses=0 movement_calls=0 movement_declined=0 movement_callbacks=0 movement_reentries=0 contact_family_calls=649 object_contact_calls=217 camera_operation_calls=216 contact_family_internal=478892 contact_family_foreign=6407 contact_family_resumes=0 world_calls=217 world_declined=0 world_internal=12235 world_callbacks=39328 world_resumes=0 world_membership=3689 world_eligibility=3888 render_hierarchy_calls=8960 render_hierarchy_declined=0 render_hierarchy_internal=473257 render_hierarchy_callbacks=24494 render_model_calls=31639 render_model_revocations=0 render_hierarchy_resumes=0 rigid_hierarchy_calls=6885 morph_hierarchy_calls=0 land_render_calls=217 actor_operation_calls=1075 player_operation_calls=217 player_display_calls=0 actor_state_transfers=2367 collision_fused_cross=0 collision_fused_length=0 collision_fused_normalize=0 matrix_bulk_pushes=0 matrix_bulk_pops=0 matrix_bulk_saved=0 matrix_bulk_loaded=0 render_context_captures=12769 render_context_commits=12769 render_context_fallbacks=0 render_context_direct_calls=25538 palette_batch_calls=18830 palette_batch_vertices=666254 palette_batch_declined=0 palette_batch_closed_loops=18830 projection_batch_calls=19397 projection_batch_vertices=670664 projection_batch_declined=1 projection_batch_verified=0 sound_metadata_hits=0 sound_metadata_misses=0 sound_metadata_verified=0 deferred_midi_notes=0 animation_hierarchy_original_calls=0 animation_hierarchy_nodes=17283 animation_direct_write_calls=433 pose_blend_native_calls=0 pose_blend_original_calls=0 pose_direct_write_calls=0 matrix_vector_point_native_calls=5429 matrix_vector_point_original_calls=0 matrix_vector_direction_native_calls=3762 matrix_vector_direction_original_calls=0 matrix_vector_store_native_calls=0 matrix_vector_store_original_calls=0 matrix_vector_translation_native_calls=0 matrix_vector_translation_original_calls=0 atan_native_calls=0 inverse_trig_native_calls=10919 inverse_trig_declined=0 inverse_memory_calls=0 inverse_memory_stores=0 atan_original_calls=0 atan_quotient_native_calls=2 atan_quotient_original_calls=0 atan_polynomial_native_calls=0 atan_polynomial_original_calls=0 atan_scale_native_calls=0 atan_scale_original_calls=0 matrix_inverse_original_calls=0 matrix_determinant_native_calls=0 matrix_determinant_original_calls=0 player_state_readable=1 player_x=-5.25121 player_y=4 player_z=3.76499 player_x_bits=3232238060 player_y_bits=1082130432 player_z_bits=1081144712 frame_window_begin=5 frame_window_end=25 game_ticks=217 hud_timer_ticks=10749 update_timing=0 update_tasks=0 update_tails=0 update_main_tasks=0 update_alternate_tasks=0 update_waits=0 update_elapsed=0 update_elapsed_extra=0 update_timer_setups=0 periodic_epoch_ns=131598895400903 periodic_callbacks=0 render_completion_experiment=0 guest_render_submitted=0 guest_render_completed=0 guest_render_dispatched=0 guest_render_callback=0 guest_render_counter=0 guest_render_nonzero_callbacks=0 update_unreadable=0 execution_thread_id=74156 execution_cpu_valid=1 execution_cpu_100ns=490025118 process_cpu_valid=1 process_cpu_100ns=2711064560 execution_cycles_valid=0 execution_cycles=0 phase=0 final=0
SONIC_NATIVE_SCENARIO_GAMEPLAY_SAMPLE id=gamma-emerald-coast protocol=3 input_profile=3 monotonic_ns=131601311094157 elapsed_ms=12130 collision_debug_signed=-1 frame=267 presentations=262 relative_frame=15 max_frame_ns=836475022 input_applied_frames=15 completed_frames=16 drawn_frames=15 cadence_readable=1 active_video_hz=50 clock_owner=postpal-checkpoint clock_bound_frame=0 tv_mode_readable=1 tv_mode_word=1 release_slots=2 logical_delta=2 sixty_frame_fixture=0 native_gameplay_math=1 native_leaf_math=1 math_scope_readable=1 main_state=4 scene=15 palette_native_calls=19443 palette_original_calls=0 vertex_normals_native_calls=0 vertex_normals_original_calls=0 matrix_push_native_calls=18859 matrix_push_original_calls=0 matrix_pop_native_calls=20153 matrix_pop_original_calls=0 matrix_staged_groups=0 collision_cross_native_calls=224 collision_length_native_calls=3441 collision_normalize_native_calls=2579 collision_cross_original_calls=0 collision_length_original_calls=0 collision_normalize_original_calls=0 matrix_inverse_native_calls=1 triangle_contacts_native_calls=0 triangle_contacts_original_calls=0 triangle_contacts_scope_blocked_calls=0 collision_candidates_native_calls=666 collision_candidates_scope_blocked_calls=0 collision_candidates_original_calls=0 motion_sampling_native_calls=0 motion_sampling_original_calls=0 animation_hierarchy_native_calls=447 model_packets=0 model_snapshots=0 model_packet_verified=0 model_packet_vertices=0 model_gpu_draws=0 model_point_uploads=0 model_corner_uploads=0 closed_memory_calls=77002 closed_memory_words=2196636 collision_memory_intervals=0 collision_memory_reads=0 collision_memory_writes=0 model_pipeline_calls=32839 model_pipeline_declined=0 model_pipeline_points=604263 model_pipeline_normals=17458 model_pipeline_draws=17458 model_pipeline_direct_outputs=17523 model_pipeline_root_operations=0 model_pipeline_closed_children=67291 object_distance_calls=137263 object_distance_native=137263 object_distance_fallback=0 object_activation_calls=223 object_lifetime_calls=14023 object_records=134469 object_created=57 object_retired=0 object_declined=0 object_slow_accesses=0 movement_calls=0 movement_declined=0 movement_callbacks=0 movement_reentries=0 contact_family_calls=670 object_contact_calls=224 camera_operation_calls=223 contact_family_internal=492055 contact_family_foreign=6645 contact_family_resumes=0 world_calls=224 world_declined=0 world_internal=12522 world_callbacks=40560 world_resumes=0 world_membership=3808 world_eligibility=4014 render_hierarchy_calls=9251 render_hierarchy_declined=0 render_hierarchy_internal=493403 render_hierarchy_callbacks=25320 render_model_calls=32839 render_model_revocations=0 render_hierarchy_resumes=0 rigid_hierarchy_calls=7109 morph_hierarchy_calls=0 land_render_calls=224 actor_operation_calls=1110 player_operation_calls=224 player_display_calls=0 actor_state_transfers=2444 collision_fused_cross=0 collision_fused_length=0 collision_fused_normalize=0 matrix_bulk_pushes=0 matrix_bulk_pops=0 matrix_bulk_saved=0 matrix_bulk_loaded=0 render_context_captures=13173 render_context_commits=13173 render_context_fallbacks=0 render_context_direct_calls=26346 palette_batch_calls=19443 palette_batch_vertices=687546 palette_batch_declined=0 palette_batch_closed_loops=19443 projection_batch_calls=20028 projection_batch_vertices=692096 projection_batch_declined=1 projection_batch_verified=0 sound_metadata_hits=0 sound_metadata_misses=0 sound_metadata_verified=0 deferred_midi_notes=0 animation_hierarchy_original_calls=0 animation_hierarchy_nodes=17843 animation_direct_write_calls=447 pose_blend_native_calls=0 pose_blend_original_calls=0 pose_direct_write_calls=0 matrix_vector_point_native_calls=5583 matrix_vector_point_original_calls=0 matrix_vector_direction_native_calls=3873 matrix_vector_direction_original_calls=0 matrix_vector_store_native_calls=0 matrix_vector_store_original_calls=0 matrix_vector_translation_native_calls=0 matrix_vector_translation_original_calls=0 atan_native_calls=0 inverse_trig_native_calls=11164 inverse_trig_declined=0 inverse_memory_calls=0 inverse_memory_stores=0 atan_original_calls=0 atan_quotient_native_calls=2 atan_quotient_original_calls=0 atan_polynomial_native_calls=0 atan_polynomial_original_calls=0 atan_scale_native_calls=0 atan_scale_original_calls=0 matrix_inverse_original_calls=0 matrix_determinant_native_calls=0 matrix_determinant_original_calls=0 player_state_readable=1 player_x=-7.37883 player_y=4 player_z=5.20555 player_x_bits=3236700006 player_y_bits=1082130432 player_z_bits=1084658657 frame_window_begin=5 frame_window_end=25 game_ticks=224 hud_timer_ticks=10742 update_timing=0 update_tasks=0 update_tails=0 update_main_tasks=0 update_alternate_tasks=0 update_waits=0 update_elapsed=0 update_elapsed_extra=0 update_timer_setups=0 periodic_epoch_ns=131600509298987 periodic_callbacks=0 render_completion_experiment=0 guest_render_submitted=0 guest_render_completed=0 guest_render_dispatched=0 guest_render_callback=0 guest_render_counter=0 guest_render_nonzero_callbacks=0 update_unreadable=0 execution_thread_id=74156 execution_cpu_valid=1 execution_cpu_100ns=498651723 process_cpu_valid=1 process_cpu_100ns=2761585106 execution_cycles_valid=0 execution_cycles=0 phase=0 final=0
SONIC_NATIVE_SCENARIO_GAMEPLAY_SAMPLE id=gamma-emerald-coast protocol=3 input_profile=3 monotonic_ns=131602958466907 elapsed_ms=13777 collision_debug_signed=-1 frame=269 presentations=264 relative_frame=17 max_frame_ns=836475022 input_applied_frames=17 completed_frames=18 drawn_frames=17 cadence_readable=1 active_video_hz=50 clock_owner=postpal-checkpoint clock_bound_frame=0 tv_mode_readable=1 tv_mode_word=1 release_slots=2 logical_delta=2 sixty_frame_fixture=0 native_gameplay_math=1 native_leaf_math=1 math_scope_readable=1 main_state=4 scene=15 palette_native_calls=20056 palette_original_calls=0 vertex_normals_native_calls=0 vertex_normals_original_calls=0 matrix_push_native_calls=19486 matrix_push_original_calls=0 matrix_pop_native_calls=20815 matrix_pop_original_calls=0 matrix_staged_groups=0 collision_cross_native_calls=233 collision_length_native_calls=3543 collision_normalize_native_calls=2662 collision_cross_original_calls=0 collision_length_original_calls=0 collision_normalize_original_calls=0 matrix_inverse_native_calls=1 triangle_contacts_native_calls=0 triangle_contacts_original_calls=0 triangle_contacts_scope_blocked_calls=0 collision_candidates_native_calls=687 collision_candidates_scope_blocked_calls=0 collision_candidates_original_calls=0 motion_sampling_native_calls=0 motion_sampling_original_calls=0 animation_hierarchy_native_calls=461 model_packets=0 model_snapshots=0 model_packet_verified=0 model_packet_vertices=0 model_gpu_draws=0 model_point_uploads=0 model_corner_uploads=0 closed_memory_calls=79308 closed_memory_words=2265391 collision_memory_intervals=0 collision_memory_reads=0 collision_memory_writes=0 model_pipeline_calls=33981 model_pipeline_declined=0 model_pipeline_points=622836 model_pipeline_normals=18003 model_pipeline_draws=18003 model_pipeline_direct_outputs=18070 model_pipeline_root_operations=0 model_pipeline_closed_children=69335 object_distance_calls=141575 object_distance_native=141575 object_distance_fallback=0 object_activation_calls=230 object_lifetime_calls=14471 object_records=138690 object_created=57 object_retired=0 object_declined=0 object_slow_accesses=0 movement_calls=0 movement_declined=0 movement_callbacks=0 movement_reentries=0 contact_family_calls=691 object_contact_calls=231 camera_operation_calls=230 contact_family_internal=505153 contact_family_foreign=6885 contact_family_resumes=0 world_calls=231 world_declined=0 world_internal=12809 world_callbacks=41792 world_resumes=0 world_membership=3927 world_eligibility=4140 render_hierarchy_calls=9540 render_hierarchy_declined=0 render_hierarchy_internal=511511 render_hierarchy_callbacks=26133 render_model_calls=33981 render_model_revocations=0 render_hierarchy_resumes=0 rigid_hierarchy_calls=7333 morph_hierarchy_calls=0 land_render_calls=231 actor_operation_calls=1145 player_operation_calls=231 player_display_calls=0 actor_state_transfers=2521 collision_fused_cross=0 collision_fused_length=0 collision_fused_normalize=0 matrix_bulk_pushes=0 matrix_bulk_pops=0 matrix_bulk_saved=0 matrix_bulk_loaded=0 render_context_captures=13576 render_context_commits=13576 render_context_fallbacks=0 render_context_direct_calls=27152 palette_batch_calls=20056 palette_batch_vertices=708943 palette_batch_declined=0 palette_batch_closed_loops=20056 projection_batch_calls=20659 projection_batch_vertices=713633 projection_batch_declined=1 projection_batch_verified=0 sound_metadata_hits=0 sound_metadata_misses=0 sound_metadata_verified=0 deferred_midi_notes=0 animation_hierarchy_original_calls=0 animation_hierarchy_nodes=18403 animation_direct_write_calls=461 pose_blend_native_calls=0 pose_blend_original_calls=0 pose_direct_write_calls=0 matrix_vector_point_native_calls=5742 matrix_vector_point_original_calls=0 matrix_vector_direction_native_calls=3992 matrix_vector_direction_original_calls=0 matrix_vector_store_native_calls=0 matrix_vector_store_original_calls=0 matrix_vector_translation_native_calls=0 matrix_vector_translation_original_calls=0 atan_native_calls=0 inverse_trig_native_calls=11420 inverse_trig_declined=0 inverse_memory_calls=0 inverse_memory_stores=0 atan_original_calls=0 atan_quotient_native_calls=2 atan_quotient_original_calls=0 atan_polynomial_native_calls=0 atan_polynomial_original_calls=0 atan_scale_native_calls=0 atan_scale_original_calls=0 matrix_inverse_original_calls=0 matrix_determinant_native_calls=0 matrix_determinant_original_calls=0 player_state_readable=1 player_x=-9.76964 player_y=3.9969 player_z=6.82388 player_x_bits=3239858294 player_y_bits=1082117440 player_z_bits=1088052541 frame_window_begin=5 frame_window_end=25 game_ticks=231 hud_timer_ticks=10735 update_timing=0 update_tasks=0 update_tails=0 update_main_tasks=0 update_alternate_tasks=0 update_waits=0 update_elapsed=0 update_elapsed_extra=0 update_timer_setups=0 periodic_epoch_ns=131602146555640 periodic_callbacks=0 render_completion_experiment=0 guest_render_submitted=0 guest_render_completed=0 guest_render_dispatched=0 guest_render_callback=0 guest_render_counter=0 guest_render_nonzero_callbacks=0 update_unreadable=0 execution_thread_id=74156 execution_cpu_valid=1 execution_cpu_100ns=507347404 process_cpu_valid=1 process_cpu_100ns=2812517391 execution_cycles_valid=0 execution_cycles=0 phase=0 final=0
SONIC_NATIVE_SCENARIO_GAMEPLAY_SAMPLE id=gamma-emerald-coast protocol=3 input_profile=3 monotonic_ns=131604603144619 elapsed_ms=15422 collision_debug_signed=-1 frame=271 presentations=266 relative_frame=19 max_frame_ns=836475022 input_applied_frames=19 completed_frames=20 drawn_frames=19 cadence_readable=1 active_video_hz=50 clock_owner=postpal-checkpoint clock_bound_frame=0 tv_mode_readable=1 tv_mode_word=1 release_slots=2 logical_delta=2 sixty_frame_fixture=0 native_gameplay_math=1 native_leaf_math=1 math_scope_readable=1 main_state=4 scene=15 palette_native_calls=20672 palette_original_calls=0 vertex_normals_native_calls=0 vertex_normals_original_calls=0 matrix_push_native_calls=20114 matrix_push_original_calls=0 matrix_pop_native_calls=21478 matrix_pop_original_calls=0 matrix_staged_groups=0 collision_cross_native_calls=242 collision_length_native_calls=3645 collision_normalize_native_calls=2745 collision_cross_original_calls=0 collision_length_original_calls=0 collision_normalize_original_calls=0 matrix_inverse_native_calls=1 triangle_contacts_native_calls=0 triangle_contacts_original_calls=0 triangle_contacts_scope_blocked_calls=0 collision_candidates_native_calls=708 collision_candidates_scope_blocked_calls=0 collision_candidates_original_calls=0 motion_sampling_native_calls=0 motion_sampling_original_calls=0 animation_hierarchy_native_calls=475 model_packets=0 model_snapshots=0 model_packet_verified=0 model_packet_vertices=0 model_gpu_draws=0 model_point_uploads=0 model_corner_uploads=0 closed_memory_calls=81628 closed_memory_words=2334252 collision_memory_intervals=0 collision_memory_reads=0 collision_memory_writes=0 model_pipeline_calls=35048 model_pipeline_declined=0 model_pipeline_points=641436 model_pipeline_normals=18551 model_pipeline_draws=18551 model_pipeline_direct_outputs=18620 model_pipeline_root_operations=0 model_pipeline_closed_children=71393 object_distance_calls=145886 object_distance_native=145886 object_distance_fallback=0 object_activation_calls=237 object_lifetime_calls=14919 object_records=142911 object_created=57 object_retired=0 object_declined=0 object_slow_accesses=0 movement_calls=0 movement_declined=0 movement_callbacks=0 movement_reentries=0 contact_family_calls=712 object_contact_calls=238 camera_operation_calls=237 contact_family_internal=517312 contact_family_foreign=7123 contact_family_resumes=0 world_calls=238 world_declined=0 world_internal=13096 world_callbacks=43024 world_resumes=0 world_membership=4046 world_eligibility=4266 render_hierarchy_calls=9829 render_hierarchy_declined=0 render_hierarchy_internal=527597 render_hierarchy_callbacks=26924 render_model_calls=35048 render_model_revocations=0 render_hierarchy_resumes=0 rigid_hierarchy_calls=7557 morph_hierarchy_calls=0 land_render_calls=238 actor_operation_calls=1180 player_operation_calls=238 player_display_calls=0 actor_state_transfers=2598 collision_fused_cross=0 collision_fused_length=0 collision_fused_normalize=0 matrix_bulk_pushes=0 matrix_bulk_pops=0 matrix_bulk_saved=0 matrix_bulk_loaded=0 render_context_captures=13974 render_context_commits=13974 render_context_fallbacks=0 render_context_direct_calls=27948 palette_batch_calls=20672 palette_batch_vertices=730367 palette_batch_declined=0 palette_batch_closed_loops=20672 projection_batch_calls=21293 projection_batch_vertices=735197 projection_batch_declined=1 projection_batch_verified=0 sound_metadata_hits=0 sound_metadata_misses=0 sound_metadata_verified=0 deferred_midi_notes=0 animation_hierarchy_original_calls=0 animation_hierarchy_nodes=18963 animation_direct_write_calls=475 pose_blend_native_calls=0 pose_blend_original_calls=0 pose_direct_write_calls=0 matrix_vector_point_native_calls=5902 matrix_vector_point_original_calls=0 matrix_vector_direction_native_calls=4119 matrix_vector_direction_original_calls=0 matrix_vector_store_native_calls=0 matrix_vector_store_original_calls=0 matrix_vector_translation_native_calls=0 matrix_vector_translation_original_calls=0 atan_native_calls=0 inverse_trig_native_calls=11681 inverse_trig_declined=0 inverse_memory_calls=0 inverse_memory_stores=0 atan_original_calls=0 atan_quotient_native_calls=2 atan_quotient_original_calls=0 atan_polynomial_native_calls=0 atan_polynomial_original_calls=0 atan_scale_native_calls=0 atan_scale_original_calls=0 matrix_inverse_original_calls=0 matrix_determinant_native_calls=0 matrix_determinant_original_calls=0 player_state_readable=1 player_x=-12.1618 player_y=3.99644 player_z=8.4408 player_x_bits=3242366601 player_y_bits=1082115488 player_z_bits=1090981254 frame_window_begin=5 frame_window_end=25 game_ticks=238 hud_timer_ticks=10728 update_timing=0 update_tasks=0 update_tails=0 update_main_tasks=0 update_alternate_tasks=0 update_waits=0 update_elapsed=0 update_elapsed_extra=0 update_timer_setups=0 periodic_epoch_ns=131603774244589 periodic_callbacks=0 render_completion_experiment=0 guest_render_submitted=0 guest_render_completed=0 guest_render_dispatched=0 guest_render_callback=0 guest_render_counter=0 guest_render_nonzero_callbacks=0 update_unreadable=0 execution_thread_id=74156 execution_cpu_valid=1 execution_cpu_100ns=515809232 process_cpu_valid=1 process_cpu_100ns=2863379983 execution_cycles_valid=0 execution_cycles=0 phase=0 final=0
SONIC_NATIVE_SCENARIO_GAMEPLAY_SAMPLE id=gamma-emerald-coast protocol=3 input_profile=3 monotonic_ns=131606226460662 elapsed_ms=17045 collision_debug_signed=-1 frame=273 presentations=268 relative_frame=21 max_frame_ns=836475022 input_applied_frames=21 completed_frames=22 drawn_frames=21 cadence_readable=1 active_video_hz=50 clock_owner=postpal-checkpoint clock_bound_frame=0 tv_mode_readable=1 tv_mode_word=1 release_slots=2 logical_delta=2 sixty_frame_fixture=0 native_gameplay_math=1 native_leaf_math=1 math_scope_readable=1 main_state=4 scene=15 palette_native_calls=21290 palette_original_calls=0 vertex_normals_native_calls=0 vertex_normals_original_calls=0 matrix_push_native_calls=20642 matrix_push_original_calls=0 matrix_pop_native_calls=22036 matrix_pop_original_calls=0 matrix_staged_groups=0 collision_cross_native_calls=250 collision_length_native_calls=3733 collision_normalize_native_calls=2817 collision_cross_original_calls=0 collision_length_original_calls=0 collision_normalize_original_calls=0 matrix_inverse_native_calls=1 triangle_contacts_native_calls=0 triangle_contacts_original_calls=0 triangle_contacts_scope_blocked_calls=0 collision_candidates_native_calls=726 collision_candidates_scope_blocked_calls=0 collision_candidates_original_calls=0 motion_sampling_native_calls=0 motion_sampling_original_calls=0 animation_hierarchy_native_calls=487 model_packets=0 model_snapshots=0 model_packet_verified=0 model_packet_vertices=0 model_gpu_draws=0 model_point_uploads=0 model_corner_uploads=0 closed_memory_calls=83658 closed_memory_words=2399296 collision_memory_intervals=0 collision_memory_reads=0 collision_memory_writes=0 model_pipeline_calls=36001 model_pipeline_declined=0 model_pipeline_points=660052 model_pipeline_normals=19101 model_pipeline_draws=19101 model_pipeline_direct_outputs=19172 model_pipeline_root_operations=0 model_pipeline_closed_children=73547 object_distance_calls=149576 object_distance_native=149576 object_distance_fallback=0 object_activation_calls=243 object_lifetime_calls=15303 object_records=146529 object_created=57 object_retired=0 object_declined=0 object_slow_accesses=0 movement_calls=0 movement_declined=0 movement_callbacks=0 movement_reentries=0 contact_family_calls=730 object_contact_calls=244 camera_operation_calls=243 contact_family_internal=528043 contact_family_foreign=7327 contact_family_resumes=0 world_calls=244 world_declined=0 world_internal=13342 world_callbacks=44080 world_resumes=0 world_membership=4148 world_eligibility=4374 render_hierarchy_calls=10080 render_hierarchy_declined=0 render_hierarchy_internal=542391 render_hierarchy_callbacks=27602 render_model_calls=36001 render_model_revocations=0 render_hierarchy_resumes=0 rigid_hierarchy_calls=7749 morph_hierarchy_calls=0 land_render_calls=244 actor_operation_calls=1210 player_operation_calls=244 player_display_calls=0 actor_state_transfers=2664 collision_fused_cross=0 collision_fused_length=0 collision_fused_normalize=0 matrix_bulk_pushes=0 matrix_bulk_pops=0 matrix_bulk_saved=0 matrix_bulk_loaded=0 render_context_captures=14379 render_context_commits=14379 render_context_fallbacks=0 render_context_direct_calls=28758 palette_batch_calls=21290 palette_batch_vertices=751807 palette_batch_declined=0 palette_batch_closed_loops=21290 projection_batch_calls=21929 projection_batch_vertices=756777 projection_batch_declined=1 projection_batch_verified=0 sound_metadata_hits=0 sound_metadata_misses=0 sound_metadata_verified=0 deferred_midi_notes=0 animation_hierarchy_original_calls=0 animation_hierarchy_nodes=19443 animation_direct_write_calls=487 pose_blend_native_calls=0 pose_blend_original_calls=0 pose_direct_write_calls=0 matrix_vector_point_native_calls=6024 matrix_vector_point_original_calls=0 matrix_vector_direction_native_calls=4215 matrix_vector_direction_original_calls=0 matrix_vector_store_native_calls=0 matrix_vector_store_original_calls=0 matrix_vector_translation_native_calls=0 matrix_vector_translation_original_calls=0 atan_native_calls=0 inverse_trig_native_calls=11905 inverse_trig_declined=0 inverse_memory_calls=0 inverse_memory_stores=0 atan_original_calls=0 atan_quotient_native_calls=2 atan_quotient_original_calls=0 atan_polynomial_native_calls=0 atan_polynomial_original_calls=0 atan_scale_native_calls=0 atan_scale_original_calls=0 matrix_inverse_original_calls=0 matrix_determinant_native_calls=0 matrix_determinant_original_calls=0 player_state_readable=1 player_x=-14.2134 player_y=3.99604 player_z=9.82491 player_x_bits=3244517860 player_y_bits=1082113816 player_z_bits=1092432599 frame_window_begin=5 frame_window_end=25 game_ticks=244 hud_timer_ticks=10722 update_timing=0 update_tasks=0 update_tails=0 update_main_tasks=0 update_alternate_tasks=0 update_waits=0 update_elapsed=0 update_elapsed_extra=0 update_timer_setups=0 periodic_epoch_ns=131605426087462 periodic_callbacks=0 render_completion_experiment=0 guest_render_submitted=0 guest_render_completed=0 guest_render_dispatched=0 guest_render_callback=0 guest_render_counter=0 guest_render_nonzero_callbacks=0 update_unreadable=0 execution_thread_id=74156 execution_cpu_valid=1 execution_cpu_100ns=523699719 process_cpu_valid=1 process_cpu_100ns=2912732895 execution_cycles_valid=0 execution_cycles=0 phase=0 final=0
SONIC_NATIVE_SCENARIO_GAMEPLAY_SAMPLE id=gamma-emerald-coast protocol=3 input_profile=3 monotonic_ns=131607859352230 elapsed_ms=18678 collision_debug_signed=-1 frame=275 presentations=270 relative_frame=23 max_frame_ns=836475022 input_applied_frames=23 completed_frames=24 drawn_frames=23 cadence_readable=1 active_video_hz=50 clock_owner=postpal-checkpoint clock_bound_frame=0 tv_mode_readable=1 tv_mode_word=1 release_slots=2 logical_delta=2 sixty_frame_fixture=0 native_gameplay_math=1 native_leaf_math=1 math_scope_readable=1 main_state=4 scene=15 palette_native_calls=21909 palette_original_calls=0 vertex_normals_native_calls=0 vertex_normals_original_calls=0 matrix_push_native_calls=21252 matrix_push_original_calls=0 matrix_pop_native_calls=22681 matrix_pop_original_calls=0 matrix_staged_groups=0 collision_cross_native_calls=259 collision_length_native_calls=3835 collision_normalize_native_calls=2900 collision_cross_original_calls=0 collision_length_original_calls=0 collision_normalize_original_calls=0 matrix_inverse_native_calls=1 triangle_contacts_native_calls=0 triangle_contacts_original_calls=0 triangle_contacts_scope_blocked_calls=0 collision_candidates_native_calls=747 collision_candidates_scope_blocked_calls=0 collision_candidates_original_calls=0 motion_sampling_native_calls=0 motion_sampling_original_calls=0 animation_hierarchy_native_calls=501 model_packets=0 model_snapshots=0 model_packet_verified=0 model_packet_vertices=0 model_gpu_draws=0 model_point_uploads=0 model_corner_uploads=0 closed_memory_calls=85911 closed_memory_words=2467742 collision_memory_intervals=0 collision_memory_reads=0 collision_memory_writes=0 model_pipeline_calls=37061 model_pipeline_declined=0 model_pipeline_points=678692 model_pipeline_normals=19652 model_pipeline_draws=19652 model_pipeline_direct_outputs=19725 model_pipeline_root_operations=0 model_pipeline_closed_children=75704 object_distance_calls=153881 object_distance_native=153881 object_distance_fallback=0 object_activation_calls=250 object_lifetime_calls=15751 object_records=150750 object_created=57 object_retired=0 object_declined=0 object_slow_accesses=0 movement_calls=0 movement_declined=0 movement_callbacks=0 movement_reentries=0 contact_family_calls=751 object_contact_calls=251 camera_operation_calls=250 contact_family_internal=540511 contact_family_foreign=7565 contact_family_resumes=0 world_calls=251 world_declined=0 world_internal=13629 world_callbacks=45312 world_resumes=0 world_membership=4267 world_eligibility=4500 render_hierarchy_calls=10373 render_hierarchy_declined=0 render_hierarchy_internal=558780 render_hierarchy_callbacks=28384 render_model_calls=37061 render_model_revocations=0 render_hierarchy_resumes=0 rigid_hierarchy_calls=7973 morph_hierarchy_calls=0 land_render_calls=251 actor_operation_calls=1245 player_operation_calls=251 player_display_calls=0 actor_state_transfers=2741 collision_fused_cross=0 collision_fused_length=0 collision_fused_normalize=0 matrix_bulk_pushes=0 matrix_bulk_pops=0 matrix_bulk_saved=0 matrix_bulk_loaded=0 render_context_captures=14822 render_context_commits=14822 render_context_fallbacks=0 render_context_direct_calls=29644 palette_batch_calls=21909 palette_batch_vertices=773271 palette_batch_declined=0 palette_batch_closed_loops=21909 projection_batch_calls=22566 projection_batch_vertices=778381 projection_batch_declined=1 projection_batch_verified=0 sound_metadata_hits=0 sound_metadata_misses=0 sound_metadata_verified=0 deferred_midi_notes=0 animation_hierarchy_original_calls=0 animation_hierarchy_nodes=20003 animation_direct_write_calls=501 pose_blend_native_calls=0 pose_blend_original_calls=0 pose_direct_write_calls=0 matrix_vector_point_native_calls=6166 matrix_vector_point_original_calls=0 matrix_vector_direction_native_calls=4326 matrix_vector_direction_original_calls=0 matrix_vector_store_native_calls=0 matrix_vector_store_original_calls=0 matrix_vector_translation_native_calls=0 matrix_vector_translation_original_calls=0 atan_native_calls=0 inverse_trig_native_calls=12154 inverse_trig_declined=0 inverse_memory_calls=0 inverse_memory_stores=0 atan_original_calls=0 atan_quotient_native_calls=2 atan_quotient_original_calls=0 atan_polynomial_native_calls=0 atan_polynomial_original_calls=0 atan_scale_native_calls=0 atan_scale_original_calls=0 matrix_inverse_original_calls=0 matrix_determinant_native_calls=0 matrix_determinant_original_calls=0 player_state_readable=1 player_x=-16.6082 player_y=3.99557 player_z=11.4377 player_x_bits=3246710174 player_y_bits=1082111872 player_z_bits=1094123759 frame_window_begin=5 frame_window_end=25 game_ticks=251 hud_timer_ticks=10715 update_timing=0 update_tasks=0 update_tails=0 update_main_tasks=0 update_alternate_tasks=0 update_waits=0 update_elapsed=0 update_elapsed_extra=0 update_timer_setups=0 periodic_epoch_ns=131607031875009 periodic_callbacks=0 render_completion_experiment=0 guest_render_submitted=0 guest_render_completed=0 guest_render_dispatched=0 guest_render_callback=0 guest_render_counter=0 guest_render_nonzero_callbacks=0 update_unreadable=0 execution_thread_id=74156 execution_cpu_valid=1 execution_cpu_100ns=532263289 process_cpu_valid=1 process_cpu_100ns=2963000636 execution_cycles_valid=0 execution_cycles=0 phase=0 final=0
SONIC_NATIVE_SCENARIO_GAMEPLAY_SAMPLE id=gamma-emerald-coast protocol=3 input_profile=3 monotonic_ns=131609526268256 elapsed_ms=20345 collision_debug_signed=-1 frame=277 presentations=272 relative_frame=25 max_frame_ns=840774171 input_applied_frames=25 completed_frames=26 drawn_frames=25 cadence_readable=1 active_video_hz=50 clock_owner=postpal-checkpoint clock_bound_frame=0 tv_mode_readable=1 tv_mode_word=1 release_slots=2 logical_delta=2 sixty_frame_fixture=0 native_gameplay_math=1 native_leaf_math=1 math_scope_readable=1 main_state=4 scene=15 palette_native_calls=22530 palette_original_calls=0 vertex_normals_native_calls=0 vertex_normals_original_calls=0 matrix_push_native_calls=21870 matrix_push_original_calls=0 matrix_pop_native_calls=23334 matrix_pop_original_calls=0 matrix_staged_groups=0 collision_cross_native_calls=268 collision_length_native_calls=3937 collision_normalize_native_calls=2983 collision_cross_original_calls=0 collision_length_original_calls=0 collision_normalize_original_calls=0 matrix_inverse_native_calls=1 triangle_contacts_native_calls=0 triangle_contacts_original_calls=0 triangle_contacts_scope_blocked_calls=0 collision_candidates_native_calls=768 collision_candidates_scope_blocked_calls=0 collision_candidates_original_calls=0 motion_sampling_native_calls=0 motion_sampling_original_calls=0 animation_hierarchy_native_calls=515 model_packets=0 model_snapshots=0 model_packet_verified=0 model_packet_vertices=0 model_gpu_draws=0 model_point_uploads=0 model_corner_uploads=0 closed_memory_calls=88198 closed_memory_words=2536478 collision_memory_intervals=0 collision_memory_reads=0 collision_memory_writes=0 model_pipeline_calls=38113 model_pipeline_declined=0 model_pipeline_points=697364 model_pipeline_normals=20205 model_pipeline_draws=20205 model_pipeline_direct_outputs=20280 model_pipeline_root_operations=0 model_pipeline_closed_children=77897 object_distance_calls=158183 object_distance_native=158183 object_distance_fallback=0 object_activation_calls=257 object_lifetime_calls=16199 object_records=154971 object_created=57 object_retired=0 object_declined=0 object_slow_accesses=0 movement_calls=0 movement_declined=0 movement_callbacks=0 movement_reentries=0 contact_family_calls=772 object_contact_calls=258 camera_operation_calls=257 contact_family_internal=552649 contact_family_foreign=7803 contact_family_resumes=0 world_calls=258 world_declined=0 world_internal=13916 world_callbacks=46544 world_resumes=0 world_membership=4386 world_eligibility=4626 render_hierarchy_calls=10665 render_hierarchy_declined=0 render_hierarchy_internal=575281 render_hierarchy_callbacks=29169 render_model_calls=38113 render_model_revocations=0 render_hierarchy_resumes=0 rigid_hierarchy_calls=8197 morph_hierarchy_calls=0 land_render_calls=258 actor_operation_calls=1280 player_operation_calls=258 player_display_calls=0 actor_state_transfers=2818 collision_fused_cross=0 collision_fused_length=0 collision_fused_normalize=0 matrix_bulk_pushes=0 matrix_bulk_pops=0 matrix_bulk_saved=0 matrix_bulk_loaded=0 render_context_captures=15278 render_context_commits=15278 render_context_fallbacks=0 render_context_direct_calls=30556 palette_batch_calls=22530 palette_batch_vertices=794767 palette_batch_declined=0 palette_batch_closed_loops=22530 projection_batch_calls=23205 projection_batch_vertices=800017 projection_batch_declined=1 projection_batch_verified=0 sound_metadata_hits=0 sound_metadata_misses=0 sound_metadata_verified=0 deferred_midi_notes=0 animation_hierarchy_original_calls=0 animation_hierarchy_nodes=20563 animation_direct_write_calls=515 pose_blend_native_calls=0 pose_blend_original_calls=0 pose_direct_write_calls=0 matrix_vector_point_native_calls=6316 matrix_vector_point_original_calls=0 matrix_vector_direction_native_calls=4445 matrix_vector_direction_original_calls=0 matrix_vector_store_native_calls=0 matrix_vector_store_original_calls=0 matrix_vector_translation_native_calls=0 matrix_vector_translation_original_calls=0 atan_native_calls=0 inverse_trig_native_calls=12403 inverse_trig_declined=0 inverse_memory_calls=0 inverse_memory_stores=0 atan_original_calls=0 atan_quotient_native_calls=2 atan_quotient_original_calls=0 atan_polynomial_native_calls=0 atan_polynomial_original_calls=0 atan_scale_native_calls=0 atan_scale_original_calls=0 matrix_inverse_original_calls=0 matrix_determinant_native_calls=0 matrix_determinant_original_calls=0 player_state_readable=1 player_x=-19.0045 player_y=3.99511 player_z=13.0484 player_x_bits=3247966524 player_y_bits=1082109928 player_z_bits=1095812633 frame_window_begin=5 frame_window_end=25 game_ticks=258 hud_timer_ticks=10708 update_timing=0 update_tasks=0 update_tails=0 update_main_tasks=0 update_alternate_tasks=0 update_waits=0 update_elapsed=0 update_elapsed_extra=0 update_timer_setups=0 periodic_epoch_ns=131608702244828 periodic_callbacks=0 render_completion_experiment=0 guest_render_submitted=0 guest_render_completed=0 guest_render_dispatched=0 guest_render_callback=0 guest_render_counter=0 guest_render_nonzero_callbacks=0 update_unreadable=0 execution_thread_id=74156 execution_cpu_valid=1 execution_cpu_100ns=541475127 process_cpu_valid=1 process_cpu_100ns=3014726808 execution_cycles_valid=0 execution_cycles=0 phase=0 final=1
SONIC_NATIVE_SCENARIO_GAMEPLAY_COMPLETE id=gamma-emerald-coast protocol=3 input_profile=3 monotonic_ns=131609526268256 elapsed_ms=20345 frame=277 presentations=272 relative_frame=25 input_applied_frames=25 completed_frames=26 drawn_frames=25 max_frame_ns=840774171 p95_frame_ns=836475022 p99_frame_ns=840774171 frame_samples=25 frame_samples_truncated=0
SONIC_NATIVE_SCENARIO_DEADLINE_ARMED frame=277 presentations=272
KATANA_NATIVE_FRAME_PACING_SNAPSHOT {"schema":1,"simulation_frames":277,"presentation_frames":273,"repeated_presentations":0,"late_simulation_frames":0,"missed_presentation_deadlines":5675,"simulation_rate_hz":30,"presentation_rate_hz":60,"enabled":true}
KATANA_NATIVE_PRODUCT_GATE status=not-reached milestone=FirstVisibleGameFrame stop_reason=2 bootstrap_phase=2
KATANA_RUNTIME_STOP_FRONTIER {"version":2,"stop_reason":2,"pc":2349152670,"pr":2349152670,"active_instruction":2349161410,"active_instruction_physical":201677762,"active_block":0,"active_block_physical":0,"active_block_size":0,"gpr":[94726956,2356798248,0,2349143952,0,2356800708,2356800704,4,2356545712,2349898930,2350259184,2348878714,2348878680,2349252608,2350509724,2348872648],"gbr":2358246912,"vbr":2348872704,"sr":1610612992,"mach":0,"macl":1924,"fpul":46,"fpscr":262245,"retired_guest_instructions":55178288,"attempted_guest_instructions":55178288}
